Archive member included to satisfy reference by file (symbol)

c:/st/stm32cubeide_1.5.0/stm32cubeide/plugins/com.st.stm32cube.ide.mcu.externaltools.gnu-tools-for-stm32.9-2020-q2-update.win32_1.5.0.202011040924/tools/bin/../lib/gcc/arm-none-eabi/9.3.1/../../../../arm-none-eabi/lib/thumb/v7-m/nofp\libc.a(lib_a-exit.o)
                              c:/st/stm32cubeide_1.5.0/stm32cubeide/plugins/com.st.stm32cube.ide.mcu.externaltools.gnu-tools-for-stm32.9-2020-q2-update.win32_1.5.0.202011040924/tools/bin/../lib/gcc/arm-none-eabi/9.3.1/../../../../arm-none-eabi/lib/thumb/v7-m/nofp/crt0.o (exit)
c:/st/stm32cubeide_1.5.0/stm32cubeide/plugins/com.st.stm32cube.ide.mcu.externaltools.gnu-tools-for-stm32.9-2020-q2-update.win32_1.5.0.202011040924/tools/bin/../lib/gcc/arm-none-eabi/9.3.1/../../../../arm-none-eabi/lib/thumb/v7-m/nofp\libc.a(lib_a-impure.o)
                              c:/st/stm32cubeide_1.5.0/stm32cubeide/plugins/com.st.stm32cube.ide.mcu.externaltools.gnu-tools-for-stm32.9-2020-q2-update.win32_1.5.0.202011040924/tools/bin/../lib/gcc/arm-none-eabi/9.3.1/../../../../arm-none-eabi/lib/thumb/v7-m/nofp\libc.a(lib_a-exit.o) (_global_impure_ptr)
c:/st/stm32cubeide_1.5.0/stm32cubeide/plugins/com.st.stm32cube.ide.mcu.externaltools.gnu-tools-for-stm32.9-2020-q2-update.win32_1.5.0.202011040924/tools/bin/../lib/gcc/arm-none-eabi/9.3.1/../../../../arm-none-eabi/lib/thumb/v7-m/nofp\libc.a(lib_a-init.o)
                              c:/st/stm32cubeide_1.5.0/stm32cubeide/plugins/com.st.stm32cube.ide.mcu.externaltools.gnu-tools-for-stm32.9-2020-q2-update.win32_1.5.0.202011040924/tools/bin/../lib/gcc/arm-none-eabi/9.3.1/../../../../arm-none-eabi/lib/thumb/v7-m/nofp/crt0.o (__libc_init_array)
c:/st/stm32cubeide_1.5.0/stm32cubeide/plugins/com.st.stm32cube.ide.mcu.externaltools.gnu-tools-for-stm32.9-2020-q2-update.win32_1.5.0.202011040924/tools/bin/../lib/gcc/arm-none-eabi/9.3.1/../../../../arm-none-eabi/lib/thumb/v7-m/nofp\libc.a(lib_a-memcmp.o)
                              src/gcode.o (memcmp)
c:/st/stm32cubeide_1.5.0/stm32cubeide/plugins/com.st.stm32cube.ide.mcu.externaltools.gnu-tools-for-stm32.9-2020-q2-update.win32_1.5.0.202011040924/tools/bin/../lib/gcc/arm-none-eabi/9.3.1/../../../../arm-none-eabi/lib/thumb/v7-m/nofp\libc.a(lib_a-memset.o)
                              c:/st/stm32cubeide_1.5.0/stm32cubeide/plugins/com.st.stm32cube.ide.mcu.externaltools.gnu-tools-for-stm32.9-2020-q2-update.win32_1.5.0.202011040924/tools/bin/../lib/gcc/arm-none-eabi/9.3.1/../../../../arm-none-eabi/lib/thumb/v7-m/nofp/crt0.o (memset)
c:/st/stm32cubeide_1.5.0/stm32cubeide/plugins/com.st.stm32cube.ide.mcu.externaltools.gnu-tools-for-stm32.9-2020-q2-update.win32_1.5.0.202011040924/tools/bin/../lib/gcc/arm-none-eabi/9.3.1/../../../../arm-none-eabi/lib/thumb/v7-m/nofp\libc.a(lib_a-__call_atexit.o)
                              c:/st/stm32cubeide_1.5.0/stm32cubeide/plugins/com.st.stm32cube.ide.mcu.externaltools.gnu-tools-for-stm32.9-2020-q2-update.win32_1.5.0.202011040924/tools/bin/../lib/gcc/arm-none-eabi/9.3.1/../../../../arm-none-eabi/lib/thumb/v7-m/nofp\libc.a(lib_a-exit.o) (__call_exitprocs)
c:/st/stm32cubeide_1.5.0/stm32cubeide/plugins/com.st.stm32cube.ide.mcu.externaltools.gnu-tools-for-stm32.9-2020-q2-update.win32_1.5.0.202011040924/tools/bin/../lib/gcc/arm-none-eabi/9.3.1/../../../../arm-none-eabi/lib/thumb/v7-m/nofp\libc.a(lib_a-atexit.o)
                              c:/st/stm32cubeide_1.5.0/stm32cubeide/plugins/com.st.stm32cube.ide.mcu.externaltools.gnu-tools-for-stm32.9-2020-q2-update.win32_1.5.0.202011040924/tools/bin/../lib/gcc/arm-none-eabi/9.3.1/../../../../arm-none-eabi/lib/thumb/v7-m/nofp\libc.a(lib_a-__call_atexit.o) (atexit)
c:/st/stm32cubeide_1.5.0/stm32cubeide/plugins/com.st.stm32cube.ide.mcu.externaltools.gnu-tools-for-stm32.9-2020-q2-update.win32_1.5.0.202011040924/tools/bin/../lib/gcc/arm-none-eabi/9.3.1/../../../../arm-none-eabi/lib/thumb/v7-m/nofp\libc.a(lib_a-fini.o)
                              c:/st/stm32cubeide_1.5.0/stm32cubeide/plugins/com.st.stm32cube.ide.mcu.externaltools.gnu-tools-for-stm32.9-2020-q2-update.win32_1.5.0.202011040924/tools/bin/../lib/gcc/arm-none-eabi/9.3.1/../../../../arm-none-eabi/lib/thumb/v7-m/nofp\libc.a(lib_a-__call_atexit.o) (__libc_fini_array)
c:/st/stm32cubeide_1.5.0/stm32cubeide/plugins/com.st.stm32cube.ide.mcu.externaltools.gnu-tools-for-stm32.9-2020-q2-update.win32_1.5.0.202011040924/tools/bin/../lib/gcc/arm-none-eabi/9.3.1/../../../../arm-none-eabi/lib/thumb/v7-m/nofp\libc.a(lib_a-lock.o)
                              c:/st/stm32cubeide_1.5.0/stm32cubeide/plugins/com.st.stm32cube.ide.mcu.externaltools.gnu-tools-for-stm32.9-2020-q2-update.win32_1.5.0.202011040924/tools/bin/../lib/gcc/arm-none-eabi/9.3.1/../../../../arm-none-eabi/lib/thumb/v7-m/nofp\libc.a(lib_a-__call_atexit.o) (__retarget_lock_acquire_recursive)
[...]
Memory Configuration

Name             Origin             Length             Attributes
FLASH            0x0000000008000000 0x0000000000010000 xr
RAM              0x0000000020000000 0x0000000000005000 xrw
MEMORY_B1        0x0000000060000000 0x0000000000000000 xr
*default*        0x0000000000000000 0xffffffffffffffff

Linker script and memory map

LOAD c:/st/stm32cubeide_1.5.0/stm32cubeide/plugins/com.st.stm32cube.ide.mcu.externaltools.gnu-tools-for-stm32.9-2020-q2-update.win32_1.5.0.202011040924/tools/bin/../lib/gcc/arm-none-eabi/9.3.1/thumb/v7-m/nofp/crti.o
LOAD c:/st/stm32cubeide_1.5.0/stm32cubeide/plugins/com.st.stm32cube.ide.mcu.externaltools.gnu-tools-for-stm32.9-2020-q2-update.win32_1.5.0.202011040924/tools/bin/../lib/gcc/arm-none-eabi/9.3.1/thumb/v7-m/nofp/crtbegin.o
LOAD c:/st/stm32cubeide_1.5.0/stm32cubeide/plugins/com.st.stm32cube.ide.mcu.externaltools.gnu-tools-for-stm32.9-2020-q2-update.win32_1.5.0.202011040924/tools/bin/../lib/gcc/arm-none-eabi/9.3.1/../../../../arm-none-eabi/lib/thumb/v7-m/nofp/crt0.o
LOAD Libraries/STM32F10x_StdPeriph_Driver/src/misc.o
LOAD Libraries/STM32F10x_StdPeriph_Driver/src/stm32f10x_adc.o
LOAD Libraries/STM32F10x_StdPeriph_Driver/src/stm32f10x_bkp.o
LOAD Libraries/STM32F10x_StdPeriph_Driver/src/stm32f10x_can.o
LOAD Libraries/STM32F10x_StdPeriph_Driver/src/stm32f10x_cec.o
LOAD Libraries/STM32F10x_StdPeriph_Driver/src/stm32f10x_crc.o
LOAD Libraries/STM32F10x_StdPeriph_Driver/src/stm32f10x_dac.o
LOAD Libraries/STM32F10x_StdPeriph_Driver/src/stm32f10x_dbgmcu.o
LOAD Libraries/STM32F10x_StdPeriph_Driver/src/stm32f10x_dma.o
LOAD Libraries/STM32F10x_StdPeriph_Driver/src/stm32f10x_exti.o
LOAD Libraries/STM32F10x_StdPeriph_Driver/src/stm32f10x_flash.o
LOAD Libraries/STM32F10x_StdPeriph_Driver/src/stm32f10x_fsmc.o
LOAD Libraries/STM32F10x_StdPeriph_Driver/src/stm32f10x_gpio.o
LOAD Libraries/STM32F10x_StdPeriph_Driver/src/stm32f10x_i2c.o
LOAD Libraries/STM32F10x_StdPeriph_Driver/src/stm32f10x_iwdg.o
LOAD Libraries/STM32F10x_StdPeriph_Driver/src/stm32f10x_pwr.o
LOAD Libraries/STM32F10x_StdPeriph_Driver/src/stm32f10x_rcc.o
LOAD Libraries/STM32F10x_StdPeriph_Driver/src/stm32f10x_rtc.o
LOAD Libraries/STM32F10x_StdPeriph_Driver/src/stm32f10x_sdio.o
LOAD Libraries/STM32F10x_StdPeriph_Driver/src/stm32f10x_spi.o
LOAD Libraries/STM32F10x_StdPeriph_Driver/src/stm32f10x_tim.o
LOAD Libraries/STM32F10x_StdPeriph_Driver/src/stm32f10x_usart.o
LOAD Libraries/STM32F10x_StdPeriph_Driver/src/stm32f10x_wwdg.o
LOAD src/coolant_control.o
LOAD src/eeprom.o
LOAD src/gcode.o
LOAD src/jog.o
LOAD src/limits.o
LOAD src/main.o
LOAD src/motion_control.o
LOAD src/nuts_bolts.o
LOAD src/planner.o
LOAD src/print.o
LOAD src/probe.o
LOAD src/protocol.o
LOAD src/report.o
LOAD src/serial.o
LOAD src/settings.o
LOAD src/spindle_control.o
LOAD src/startup_stm32f10x_md.o
LOAD src/stepper.o
LOAD src/system.o
LOAD src/system_stm32f10x.o
LOAD stm_usb_fs_lib/src/usb_core.o
LOAD stm_usb_fs_lib/src/usb_init.o
LOAD stm_usb_fs_lib/src/usb_int.o
LOAD stm_usb_fs_lib/src/usb_mem.o
LOAD stm_usb_fs_lib/src/usb_regs.o
LOAD stm_usb_fs_lib/src/usb_sil.o
LOAD usb/hw_config.o
LOAD usb/usb_desc.o
LOAD usb/usb_endp.o
LOAD usb/usb_istr.o
LOAD usb/usb_prop.o
LOAD usb/usb_pwr.o
LOAD util/stm32f10x_it.o
START GROUP
LOAD c:/st/stm32cubeide_1.5.0/stm32cubeide/plugins/com.st.stm32cube.ide.mcu.externaltools.gnu-tools-for-stm32.9-2020-q2-update.win32_1.5.0.202011040924/tools/bin/../lib/gcc/arm-none-eabi/9.3.1/../../../../arm-none-eabi/lib/thumb/v7-m/nofp\libc.a
LOAD c:/st/stm32cubeide_1.5.0/stm32cubeide/plugins/com.st.stm32cube.ide.mcu.externaltools.gnu-tools-for-stm32.9-2020-q2-update.win32_1.5.0.202011040924/tools/bin/../lib/gcc/arm-none-eabi/9.3.1/../../../../arm-none-eabi/lib/thumb/v7-m/nofp\libm.a
END GROUP
START GROUP
LOAD c:/st/stm32cubeide_1.5.0/stm32cubeide/plugins/com.st.stm32cube.ide.mcu.externaltools.gnu-tools-for-stm32.9-2020-q2-update.win32_1.5.0.202011040924/tools/bin/../lib/gcc/arm-none-eabi/9.3.1/thumb/v7-m/nofp\libgcc.a
LOAD c:/st/stm32cubeide_1.5.0/stm32cubeide/plugins/com.st.stm32cube.ide.mcu.externaltools.gnu-tools-for-stm32.9-2020-q2-update.win32_1.5.0.202011040924/tools/bin/../lib/gcc/arm-none-eabi/9.3.1/../../../../arm-none-eabi/lib/thumb/v7-m/nofp\libc.a
END GROUP
START GROUP
LOAD c:/st/stm32cubeide_1.5.0/stm32cubeide/plugins/com.st.stm32cube.ide.mcu.externaltools.gnu-tools-for-stm32.9-2020-q2-update.win32_1.5.0.202011040924/tools/bin/../lib/gcc/arm-none-eabi/9.3.1/thumb/v7-m/nofp\libgcc.a
LOAD c:/st/stm32cubeide_1.5.0/stm32cubeide/plugins/com.st.stm32cube.ide.mcu.externaltools.gnu-tools-for-stm32.9-2020-q2-update.win32_1.5.0.202011040924/tools/bin/../lib/gcc/arm-none-eabi/9.3.1/../../../../arm-none-eabi/lib/thumb/v7-m/nofp\libc.a
LOAD c:/st/stm32cubeide_1.5.0/stm32cubeide/plugins/com.st.stm32cube.ide.mcu.externaltools.gnu-tools-for-stm32.9-2020-q2-update.win32_1.5.0.202011040924/tools/bin/../lib/gcc/arm-none-eabi/9.3.1/../../../../arm-none-eabi/lib/thumb/v7-m/nofp\libnosys.a
END GROUP
LOAD c:/st/stm32cubeide_1.5.0/stm32cubeide/plugins/com.st.stm32cube.ide.mcu.externaltools.gnu-tools-for-stm32.9-2020-q2-update.win32_1.5.0.202011040924/tools/bin/../lib/gcc/arm-none-eabi/9.3.1/thumb/v7-m/nofp/crtend.o
LOAD c:/st/stm32cubeide_1.5.0/stm32cubeide/plugins/com.st.stm32cube.ide.mcu.externaltools.gnu-tools-for-stm32.9-2020-q2-update.win32_1.5.0.202011040924/tools/bin/../lib/gcc/arm-none-eabi/9.3.1/thumb/v7-m/nofp/crtn.o
                0x0000000020005000                _estack = 0x20005000
                0x0000000000000080                _Min_Heap_Size = 0x80
                0x0000000000000200                _Min_Stack_Size = 0x200

.isr_vector     0x0000000008000000      0x10c
                0x0000000008000000                . = ALIGN (0x4)
 *(.isr_vector)
 .isr_vector    0x0000000008000000      0x10c src/startup_stm32f10x_md.o
                0x0000000008000000                g_pfnVectors
                0x000000000800010c                . = ALIGN (0x4)

.text           0x0000000008000110     0xadf0
                0x0000000008000110                . = ALIGN (0x4)
 *(.text)
 .text          0x0000000008000110       0x40 c:/st/stm32cubeide_1.5.0/stm32cubeide/plugins/com.st.stm32cube.ide.mcu.externaltools.gnu-tools-for-stm32.9-2020-q2-update.win32_1.5.0.202011040924/tools/bin/../lib/gcc/arm-none-eabi/9.3.1/thumb/v7-m/nofp/crtbegin.o
 .text          0x0000000008000150      0x378 c:/st/stm32cubeide_1.5.0/stm32cubeide/plugins/com.st.stm32cube.ide.mcu.externaltools.gnu-tools-for-stm32.9-2020-q2-update.win32_1.5.0.202011040924/tools/bin/../lib/gcc/arm-none-eabi/9.3.1/thumb/v7-m/nofp\libgcc.a(_arm_addsubdf3.o)
                0x0000000008000150                __aeabi_drsub
                0x0000000008000158                __aeabi_dsub
                0x0000000008000158                __subdf3
                0x000000000800015c                __aeabi_dadd
                0x000000000800015c                __adddf3
                0x00000000080003d4                __floatunsidf
                0x00000000080003d4                __aeabi_ui2d
                0x00000000080003f4                __floatsidf
                0x00000000080003f4                __aeabi_i2d
                0x0000000008000418                __aeabi_f2d
                0x0000000008000418                __extendsfdf2
                0x000000000800045c                __floatundidf
                0x000000000800045c                __aeabi_ul2d
                0x000000000800046c                __floatdidf
                0x000000000800046c                __aeabi_l2d
 .text          0x00000000080004c8      0x110 c:/st/stm32cubeide_1.5.0/stm32cubeide/plugins/com.st.stm32cube.ide.mcu.externaltools.gnu-tools-for-stm32.9-2020-q2-update.win32_1.5.0.202011040924/tools/bin/../lib/gcc/arm-none-eabi/9.3.1/thumb/v7-m/nofp\libgcc.a(_arm_cmpdf2.o)
                0x00000000080004c8                __gtdf2
                0x00000000080004c8                __gedf2
                0x00000000080004d0                __ltdf2
                0x00000000080004d0                __ledf2
                0x00000000080004d8                __nedf2
                0x00000000080004d8                __eqdf2
                0x00000000080004d8                __cmpdf2
                0x0000000008000554                __aeabi_cdrcmple
                0x0000000008000564                __aeabi_cdcmpeq
                0x0000000008000564                __aeabi_cdcmple
                0x0000000008000574                __aeabi_dcmpeq
                0x0000000008000588                __aeabi_dcmplt
                0x000000000800059c                __aeabi_dcmple
                0x00000000080005b0                __aeabi_dcmpge
                0x00000000080005c4                __aeabi_dcmpgt
 .text          0x00000000080005d8       0xa0 c:/st/stm32cubeide_1.5.0/stm32cubeide/plugins/com.st.stm32cube.ide.mcu.externaltools.gnu-tools-for-stm32.9-2020-q2-update.win32_1.5.0.202011040924/tools/bin/../lib/gcc/arm-none-eabi/9.3.1/thumb/v7-m/nofp\libgcc.a(_arm_truncdfsf2.o)
                0x00000000080005d8                __truncdfsf2
                0x00000000080005d8                __aeabi_d2f
 .text          0x0000000008000678      0x21c c:/st/stm32cubeide_1.5.0/stm32cubeide/plugins/com.st.stm32cube.ide.mcu.externaltools.gnu-tools-for-stm32.9-2020-q2-update.win32_1.5.0.202011040924/tools/bin/../lib/gcc/arm-none-eabi/9.3.1/thumb/v7-m/nofp\libgcc.a(_arm_addsubsf3.o)
                0x0000000008000678                __aeabi_frsub
                0x0000000008000680                __subsf3
                0x0000000008000680                __aeabi_fsub
                0x0000000008000684                __aeabi_fadd
                0x0000000008000684                __addsf3
                0x00000000080007e4                __aeabi_ui2f
                0x00000000080007e4                __floatunsisf
                0x00000000080007ec                __aeabi_i2f
                0x00000000080007ec                __floatsisf
                0x0000000008000808                __aeabi_ul2f
                0x0000000008000808                __floatundisf
                0x0000000008000818                __aeabi_l2f
                0x0000000008000818                __floatdisf
 .text          0x0000000008000894      0x2a0 c:/st/stm32cubeide_1.5.0/stm32cubeide/plugins/com.st.stm32cube.ide.mcu.externaltools.gnu-tools-for-stm32.9-2020-q2-update.win32_1.5.0.202011040924/tools/bin/../lib/gcc/arm-none-eabi/9.3.1/thumb/v7-m/nofp\libgcc.a(_arm_muldivsf3.o)
                0x0000000008000894                __mulsf3
                0x0000000008000894                __aeabi_fmul
                0x00000000080009fc                __aeabi_fdiv
                0x00000000080009fc                __divsf3
 .text          0x0000000008000b34       0xec c:/st/stm32cubeide_1.5.0/stm32cubeide/plugins/com.st.stm32cube.ide.mcu.externaltools.gnu-tools-for-stm32.9-2020-q2-update.win32_1.5.0.202011040924/tools/bin/../lib/gcc/arm-none-eabi/9.3.1/thumb/v7-m/nofp\libgcc.a(_arm_cmpsf2.o)
                0x0000000008000b34                __gesf2
                0x0000000008000b34                __gtsf2
                0x0000000008000b3c                __lesf2
                0x0000000008000b3c                __ltsf2
                0x0000000008000b44                __nesf2
                0x0000000008000b44                __eqsf2
                0x0000000008000b44                __cmpsf2
                0x0000000008000ba4                __aeabi_cfrcmple
                0x0000000008000bac                __aeabi_cfcmpeq
                0x0000000008000bac                __aeabi_cfcmple
                0x0000000008000bbc                __aeabi_fcmpeq
                0x0000000008000bd0                __aeabi_fcmplt
                0x0000000008000be4                __aeabi_fcmple
                0x0000000008000bf8                __aeabi_fcmpge
                0x0000000008000c0c                __aeabi_fcmpgt
 .text          0x0000000008000c20       0x2c c:/st/stm32cubeide_1.5.0/stm32cubeide/plugins/com.st.stm32cube.ide.mcu.externaltools.gnu-tools-for-stm32.9-2020-q2-update.win32_1.5.0.202011040924/tools/bin/../lib/gcc/arm-none-eabi/9.3.1/thumb/v7-m/nofp\libgcc.a(_arm_unordsf2.o)
                0x0000000008000c20                __unordsf2
                0x0000000008000c20                __aeabi_fcmpun
 .text          0x0000000008000c4c       0x4c c:/st/stm32cubeide_1.5.0/stm32cubeide/plugins/com.st.stm32cube.ide.mcu.externaltools.gnu-tools-for-stm32.9-2020-q2-update.win32_1.5.0.202011040924/tools/bin/../lib/gcc/arm-none-eabi/9.3.1/thumb/v7-m/nofp\libgcc.a(_arm_fixsfsi.o)
                0x0000000008000c4c                __aeabi_f2iz
                0x0000000008000c4c                __fixsfsi
 .text          0x0000000008000c98       0x40 c:/st/stm32cubeide_1.5.0/stm32cubeide/plugins/com.st.stm32cube.ide.mcu.externaltools.gnu-tools-for-stm32.9-2020-q2-update.win32_1.5.0.202011040924/tools/bin/../lib/gcc/arm-none-eabi/9.3.1/thumb/v7-m/nofp\libgcc.a(_arm_fixunssfsi.o)
                0x0000000008000c98                __fixunssfsi
                0x0000000008000c98                __aeabi_f2uiz
 *(.text*)
 .text.NVIC_PriorityGroupConfig
                0x0000000008000cd8       0x14 Libraries/STM32F10x_StdPeriph_Driver/src/misc.o
                0x0000000008000cd8                NVIC_PriorityGroupConfig
 .text.NVIC_Init
                0x0000000008000cec       0x64 Libraries/STM32F10x_StdPeriph_Driver/src/misc.o
                0x0000000008000cec                NVIC_Init
 .text.EXTI_Init
                0x0000000008000d50       0x80 Libraries/STM32F10x_StdPeriph_Driver/src/stm32f10x_exti.o
                0x0000000008000d50                EXTI_Init
 .text.EXTI_GetITStatus
                0x0000000008000dd0       0x1c Libraries/STM32F10x_StdPeriph_Driver/src/stm32f10x_exti.o
                0x0000000008000dd0                EXTI_GetITStatus
 .text.EXTI_ClearITPendingBit
                0x0000000008000dec        0xc Libraries/STM32F10x_StdPeriph_Driver/src/stm32f10x_exti.o
                0x0000000008000dec                EXTI_ClearITPendingBit
 .text.FLASH_Unlock
                0x0000000008000df8       0x18 Libraries/STM32F10x_StdPeriph_Driver/src/stm32f10x_flash.o
                0x0000000008000df8                FLASH_Unlock
 .text.FLASH_ErasePage
                0x0000000008000e10       0xd0 Libraries/STM32F10x_StdPeriph_Driver/src/stm32f10x_flash.o
                0x0000000008000e10                FLASH_ErasePage
 .text.FLASH_ProgramHalfWord
                0x0000000008000ee0       0xc8 Libraries/STM32F10x_StdPeriph_Driver/src/stm32f10x_flash.o
                0x0000000008000ee0                FLASH_ProgramHalfWord
 .text.GPIO_Init
                0x0000000008000fa8      0x30c Libraries/STM32F10x_StdPeriph_Driver/src/stm32f10x_gpio.o
                0x0000000008000fa8                GPIO_Init
 .text.GPIO_ReadInputData
                0x00000000080012b4        0x8 Libraries/STM32F10x_StdPeriph_Driver/src/stm32f10x_gpio.o
                0x00000000080012b4                GPIO_ReadInputData
 .text.GPIO_ReadOutputData
                0x00000000080012bc        0x8 Libraries/STM32F10x_StdPeriph_Driver/src/stm32f10x_gpio.o
                0x00000000080012bc                GPIO_ReadOutputData
 .text.GPIO_SetBits
                0x00000000080012c4        0x4 Libraries/STM32F10x_StdPeriph_Driver/src/stm32f10x_gpio.o
                0x00000000080012c4                GPIO_SetBits
 .text.GPIO_ResetBits
                0x00000000080012c8        0x4 Libraries/STM32F10x_StdPeriph_Driver/src/stm32f10x_gpio.o
                0x00000000080012c8                GPIO_ResetBits
 .text.GPIO_WriteBit
                0x00000000080012cc        0xc Libraries/STM32F10x_StdPeriph_Driver/src/stm32f10x_gpio.o
                0x00000000080012cc                GPIO_WriteBit
 .text.GPIO_PinRemapConfig
                0x00000000080012d8       0x6c Libraries/STM32F10x_StdPeriph_Driver/src/stm32f10x_gpio.o
                0x00000000080012d8                GPIO_PinRemapConfig
 .text.GPIO_EXTILineConfig
                0x0000000008001344       0x30 Libraries/STM32F10x_StdPeriph_Driver/src/stm32f10x_gpio.o
                0x0000000008001344                GPIO_EXTILineConfig
 .text.RCC_GetClocksFreq
                0x0000000008001374       0x90 Libraries/STM32F10x_StdPeriph_Driver/src/stm32f10x_rcc.o
                0x0000000008001374                RCC_GetClocksFreq
 .text.RCC_APB2PeriphClockCmd
                0x0000000008001404       0x18 Libraries/STM32F10x_StdPeriph_Driver/src/stm32f10x_rcc.o
                0x0000000008001404                RCC_APB2PeriphClockCmd
 .text.TIM_TimeBaseInit
                0x000000000800141c       0xac Libraries/STM32F10x_StdPeriph_Driver/src/stm32f10x_tim.o
                0x000000000800141c                TIM_TimeBaseInit
 .text.TIM_OC1Init
                0x00000000080014c8       0x8c Libraries/STM32F10x_StdPeriph_Driver/src/stm32f10x_tim.o
                0x00000000080014c8                TIM_OC1Init
 .text.TIM_TimeBaseStructInit
                0x0000000008001554       0x10 Libraries/STM32F10x_StdPeriph_Driver/src/stm32f10x_tim.o
                0x0000000008001554                TIM_TimeBaseStructInit
 .text.TIM_Cmd  0x0000000008001564       0x1c Libraries/STM32F10x_StdPeriph_Driver/src/stm32f10x_tim.o
                0x0000000008001564                TIM_Cmd
 .text.TIM_CtrlPWMOutputs
                0x0000000008001580       0x20 Libraries/STM32F10x_StdPeriph_Driver/src/stm32f10x_tim.o
                0x0000000008001580                TIM_CtrlPWMOutputs
 .text.TIM_ITConfig
                0x00000000080015a0       0x14 Libraries/STM32F10x_StdPeriph_Driver/src/stm32f10x_tim.o
                0x00000000080015a0                TIM_ITConfig
 .text.TIM_OC1PreloadConfig
                0x00000000080015b4       0x10 Libraries/STM32F10x_StdPeriph_Driver/src/stm32f10x_tim.o
                0x00000000080015b4                TIM_OC1PreloadConfig
 .text.TIM_ClearITPendingBit
                0x00000000080015c4        0x8 Libraries/STM32F10x_StdPeriph_Driver/src/stm32f10x_tim.o
                0x00000000080015c4                TIM_ClearITPendingBit
 .text.USART_Init
                0x00000000080015cc       0xbc Libraries/STM32F10x_StdPeriph_Driver/src/stm32f10x_usart.o
                0x00000000080015cc                USART_Init
 .text.USART_Cmd
                0x0000000008001688       0x1c Libraries/STM32F10x_StdPeriph_Driver/src/stm32f10x_usart.o
                0x0000000008001688                USART_Cmd
 .text.USART_ITConfig
                0x00000000080016a4       0x38 Libraries/STM32F10x_StdPeriph_Driver/src/stm32f10x_usart.o
                0x00000000080016a4                USART_ITConfig
 .text.USART_SendData
                0x00000000080016dc        0x8 Libraries/STM32F10x_StdPeriph_Driver/src/stm32f10x_usart.o
                0x00000000080016dc                USART_SendData
 .text.coolant_init
                0x00000000080016e4       0x50 src/coolant_control.o
                0x00000000080016e4                coolant_init
 .text.coolant_get_state
                0x0000000008001734       0x24 src/coolant_control.o
                0x0000000008001734                coolant_get_state
 .text.coolant_stop
                0x0000000008001758       0x1c src/coolant_control.o
                0x0000000008001758                coolant_stop
 .text.coolant_set_state
                0x0000000008001774       0x4c src/coolant_control.o
                0x0000000008001774                coolant_set_state
 .text.coolant_sync
                0x00000000080017c0       0x54 src/coolant_control.o
                0x00000000080017c0                coolant_sync
 .text.eeprom_init
                0x0000000008001814       0x3c src/eeprom.o
                0x0000000008001814                eeprom_init
 .text.eeprom_get_char
                0x0000000008001850        0xc src/eeprom.o
                0x0000000008001850                eeprom_get_char
 .text.eeprom_put_char
                0x000000000800185c        0xc src/eeprom.o
                0x000000000800185c                eeprom_put_char
 .text.memcpy_to_eeprom_with_checksum
                0x0000000008001868       0x9c src/eeprom.o
                0x0000000008001868                memcpy_to_eeprom_with_checksum
 .text.memcpy_from_eeprom_with_checksum
                0x0000000008001904       0x4c src/eeprom.o
                0x0000000008001904                memcpy_from_eeprom_with_checksum
 .text.gc_init  0x0000000008001950       0x2c src/gcode.o
                0x0000000008001950                gc_init
 .text.gc_sync_position
                0x000000000800197c       0x10 src/gcode.o
                0x000000000800197c                gc_sync_position
 .text.gc_execute_line
                0x000000000800198c     0x1328 src/gcode.o
                0x000000000800198c                gc_execute_line
 .text.jog_execute
                0x0000000008002cb4       0x64 src/jog.o
                0x0000000008002cb4                jog_execute
 .text.limits_init
                0x0000000008002d18       0x9c src/limits.o
                0x0000000008002d18                limits_init
 .text.limits_disable
                0x0000000008002db4       0x10 src/limits.o
                0x0000000008002db4                limits_disable
 .text.limits_get_state
                0x0000000008002dc4       0x50 src/limits.o
                0x0000000008002dc4                limits_get_state
 .text.EXTI15_10_IRQHandler
                0x0000000008002e14       0x74 src/limits.o
                0x0000000008002e14                EXTI15_10_IRQHandler
 .text.limits_go_home
                0x0000000008002e88      0x3dc src/limits.o
                0x0000000008002e88                limits_go_home
 .text.limits_soft_check
                0x0000000008003264       0x40 src/limits.o
                0x0000000008003264                limits_soft_check
 .text.USART1_Configuration
                0x00000000080032a4       0x94 src/main.o
                0x00000000080032a4                USART1_Configuration
 .text.startup.main
                0x0000000008003338      0x154 src/main.o
                0x0000000008003338                main
 .text._delay_ms
                0x000000000800348c       0x30 src/main.o
                0x000000000800348c                _delay_ms
 .text.LedBlink
                0x00000000080034bc       0x24 src/main.o
                0x00000000080034bc                LedBlink
 .text.RGB_Write
                0x00000000080034e0      0x2f4 src/main.o
                0x00000000080034e0                RGB_Write
 .text.show_led
                0x00000000080037d4       0x6c src/main.o
                0x00000000080037d4                show_led
 .text.Motor_DC
                0x0000000008003840       0x4c src/main.o
                0x0000000008003840                Motor_DC
 .text.mc_line  0x000000000800388c       0x68 src/motion_control.o
                0x000000000800388c                mc_line
 *fill*         0x00000000080038f4        0x4 
 .text.mc_arc   0x00000000080038f8      0x358 src/motion_control.o
                0x00000000080038f8                mc_arc
 .text.mc_dwell
                0x0000000008003c50       0x24 src/motion_control.o
                0x0000000008003c50                mc_dwell
 .text.mc_homing_cycle
                0x0000000008003c74       0x44 src/motion_control.o
                0x0000000008003c74                mc_homing_cycle
 .text.mc_probe_cycle
                0x0000000008003cb8       0xd0 src/motion_control.o
                0x0000000008003cb8                mc_probe_cycle
 .text.mc_reset
                0x0000000008003d88       0x60 src/motion_control.o
                0x0000000008003d88                mc_reset
 .text.read_float
                0x0000000008003de8      0x128 src/nuts_bolts.o
                0x0000000008003de8                read_float
 .text.delay_sec
                0x0000000008003f10       0x70 src/nuts_bolts.o
                0x0000000008003f10                delay_sec
 .text.delay_ms
                0x0000000008003f80       0x20 src/nuts_bolts.o
                0x0000000008003f80                delay_ms
 .text.hypot_f  0x0000000008003fa0       0x24 src/nuts_bolts.o
                0x0000000008003fa0                hypot_f
 .text.convert_delta_vector_to_unit_vector
                0x0000000008003fc4       0x94 src/nuts_bolts.o
                0x0000000008003fc4                convert_delta_vector_to_unit_vector
 .text.limit_value_by_axis_maximum
                0x0000000008004058       0x84 src/nuts_bolts.o
                0x0000000008004058                limit_value_by_axis_maximum
 .text.planner_recalculate
                0x00000000080040dc      0x204 src/planner.o
 .text.plan_reset
                0x00000000080042e0       0x40 src/planner.o
                0x00000000080042e0                plan_reset
 .text.plan_discard_current_block
                0x0000000008004320       0x38 src/planner.o
                0x0000000008004320                plan_discard_current_block
 .text.plan_get_system_motion_block
                0x0000000008004358       0x18 src/planner.o
                0x0000000008004358                plan_get_system_motion_block
 .text.plan_get_current_block
                0x0000000008004370       0x24 src/planner.o
                0x0000000008004370                plan_get_current_block
 .text.plan_get_exec_block_exit_speed_sqr
                0x0000000008004394       0x34 src/planner.o
                0x0000000008004394                plan_get_exec_block_exit_speed_sqr
 .text.plan_check_full_buffer
                0x00000000080043c8       0x1c src/planner.o
                0x00000000080043c8                plan_check_full_buffer
 .text.plan_compute_profile_nominal_speed
                0x00000000080043e4       0x6c src/planner.o
                0x00000000080043e4                plan_compute_profile_nominal_speed
 .text.plan_update_velocity_profile_parameters
                0x0000000008004450      0x108 src/planner.o
                0x0000000008004450                plan_update_velocity_profile_parameters
 .text.plan_buffer_line
                0x0000000008004558      0x44c src/planner.o
                0x0000000008004558                plan_buffer_line
 .text.plan_sync_position
                0x00000000080049a4       0x1c src/planner.o
                0x00000000080049a4                plan_sync_position
 .text.plan_get_block_buffer_available
                0x00000000080049c0       0x24 src/planner.o
                0x00000000080049c0                plan_get_block_buffer_available
 .text.plan_cycle_reinitialize
                0x00000000080049e4       0x20 src/planner.o
                0x00000000080049e4                plan_cycle_reinitialize
 .text.printString
                0x0000000008004a04       0x18 src/print.o
                0x0000000008004a04                printString
 .text.print_uint8_base10
                0x0000000008004a1c       0x7c src/print.o
                0x0000000008004a1c                print_uint8_base10
 .text.printFloat
                0x0000000008004a98      0x1ec src/print.o
                0x0000000008004a98                printFloat
 .text.printFloat_CoordValue
                0x0000000008004c84      0x214 src/print.o
                0x0000000008004c84                printFloat_CoordValue
 .text.printFloat_RateValue
                0x0000000008004e98      0x13c src/print.o
                0x0000000008004e98                printFloat_RateValue
 .text.probe_init
                0x0000000008004fd4       0x44 src/probe.o
                0x0000000008004fd4                probe_init
 .text.probe_configure_invert_mask
                0x0000000008005018       0x28 src/probe.o
                0x0000000008005018                probe_configure_invert_mask
 .text.probe_get_state
                0x0000000008005040       0x20 src/probe.o
                0x0000000008005040                probe_get_state
 .text.probe_state_monitor
                0x0000000008005060       0x48 src/probe.o
                0x0000000008005060                probe_state_monitor
 .text.protocol_auto_cycle_start
                0x00000000080050a8       0x14 src/protocol.o
                0x00000000080050a8                protocol_auto_cycle_start
 .text.protocol_exec_rt_system
                0x00000000080050bc      0x3c8 src/protocol.o
                0x00000000080050bc                protocol_exec_rt_system
 .text.protocol_exec_rt_suspend
                0x0000000008005484      0x258 src/protocol.o
 .text.protocol_execute_realtime
                0x00000000080056dc       0x1c src/protocol.o
                0x00000000080056dc                protocol_execute_realtime
 .text.protocol_main_loop
                0x00000000080056f8      0x174 src/protocol.o
                0x00000000080056f8                protocol_main_loop
 .text.protocol_buffer_synchronize
                0x000000000800586c       0x38 src/protocol.o
                0x000000000800586c                protocol_buffer_synchronize
 .text.satir_sayisi
                0x00000000080058a4      0x1c4 src/report.o
                0x00000000080058a4                satir_sayisi
 .text.report_status_message
                0x0000000008005a68       0x4c src/report.o
                0x0000000008005a68                report_status_message
 .text.report_alarm_message
                0x0000000008005ab4       0x2c src/report.o
                0x0000000008005ab4                report_alarm_message
 .text.report_feedback_message
                0x0000000008005ae0       0xbc src/report.o
                0x0000000008005ae0                report_feedback_message
 .text.report_init_message
                0x0000000008005b9c        0xc src/report.o
                0x0000000008005b9c                report_init_message
 .text.report_grbl_help
                0x0000000008005ba8        0xc src/report.o
                0x0000000008005ba8                report_grbl_help
 .text.report_grbl_settings
                0x0000000008005bb4      0x3f8 src/report.o
                0x0000000008005bb4                report_grbl_settings
 .text.report_probe_parameters
                0x0000000008005fac       0x60 src/report.o
                0x0000000008005fac                report_probe_parameters
 .text.report_ngc_parameters
                0x000000000800600c      0x194 src/report.o
                0x000000000800600c                report_ngc_parameters
 .text.report_gcode_modes
                0x00000000080061a0      0x170 src/report.o
                0x00000000080061a0                report_gcode_modes
 .text.report_startup_line
                0x0000000008006310       0x30 src/report.o
                0x0000000008006310                report_startup_line
 .text.report_execute_startup_message
                0x0000000008006340       0x60 src/report.o
                0x0000000008006340                report_execute_startup_message
 .text.report_build_info
                0x00000000080063a0       0x64 src/report.o
                0x00000000080063a0                report_build_info
 .text.report_realtime_status
                0x0000000008006404      0x3bc src/report.o
                0x0000000008006404                report_realtime_status
 .text.serial_get_rx_buffer_available
                0x00000000080067c0       0x24 src/serial.o
                0x00000000080067c0                serial_get_rx_buffer_available
 .text.serial_init
                0x00000000080067e4        0x4 src/serial.o
                0x00000000080067e4                serial_init
 .text.serial_write
                0x00000000080067e8       0x18 src/serial.o
                0x00000000080067e8                serial_write
 .text.serial_read
                0x0000000008006800       0x30 src/serial.o
                0x0000000008006800                serial_read
 .text.USART1_IRQHandler
                0x0000000008006830      0x1b4 src/serial.o
                0x0000000008006830                USART1_IRQHandler
 .text.serial_reset_read_buffer
                0x00000000080069e4       0x14 src/serial.o
                0x00000000080069e4                serial_reset_read_buffer
 .text.settings_store_startup_line
                0x00000000080069f8       0x24 src/settings.o
                0x00000000080069f8                settings_store_startup_line
 .text.settings_store_build_info
                0x0000000008006a1c        0xc src/settings.o
                0x0000000008006a1c                settings_store_build_info
 .text.settings_write_coord_data
                0x0000000008006a28       0x24 src/settings.o
                0x0000000008006a28                settings_write_coord_data
 .text.settings_restore
                0x0000000008006a4c      0x124 src/settings.o
                0x0000000008006a4c                settings_restore
 .text.settings_read_startup_line
                0x0000000008006b70       0x38 src/settings.o
                0x0000000008006b70                settings_read_startup_line
 .text.settings_read_build_info
                0x0000000008006ba8       0x28 src/settings.o
                0x0000000008006ba8                settings_read_build_info
 .text.settings_read_coord_data
                0x0000000008006bd0       0x3c src/settings.o
                0x0000000008006bd0                settings_read_coord_data
 .text.settings_store_global_setting
                0x0000000008006c0c      0x2b4 src/settings.o
                0x0000000008006c0c                settings_store_global_setting
 .text.settings_init
                0x0000000008006ec0       0x34 src/settings.o
                0x0000000008006ec0                settings_init
 .text.spindle_init
                0x0000000008006ef4      0x104 src/spindle_control.o
                0x0000000008006ef4                spindle_init
 .text.spindle_get_state
                0x0000000008006ff8       0x1c src/spindle_control.o
                0x0000000008006ff8                spindle_get_state
 .text.spindle_stop
                0x0000000008007014       0x20 src/spindle_control.o
                0x0000000008007014                spindle_stop
 .text.spindle_set_speed
                0x0000000008007034       0x14 src/spindle_control.o
                0x0000000008007034                spindle_set_speed
 .text.spindle_compute_pwm_value
                0x0000000008007048       0x8c src/spindle_control.o
                0x0000000008007048                spindle_compute_pwm_value
 .text.spindle_set_state
                0x00000000080070d4      0x118 src/spindle_control.o
                0x00000000080070d4                spindle_set_state
 .text.spindle_sync
                0x00000000080071ec      0x11c src/spindle_control.o
                0x00000000080071ec                spindle_sync
 .text.Reset_Handler
                0x0000000008007308       0x50 src/startup_stm32f10x_md.o
                0x0000000008007308                Reset_Handler
 .text.Default_Handler
                0x0000000008007358        0x2 src/startup_stm32f10x_md.o
                0x0000000008007358                EXTI2_IRQHandler
                0x0000000008007358                TIM1_CC_IRQHandler
                0x0000000008007358                SysTick_Handler
                0x0000000008007358                PVD_IRQHandler
                0x0000000008007358                EXTI3_IRQHandler
                0x0000000008007358                EXTI0_IRQHandler
                0x0000000008007358                I2C2_EV_IRQHandler
                0x0000000008007358                ADC1_2_IRQHandler
                0x0000000008007358                SPI1_IRQHandler
                0x0000000008007358                TAMPER_IRQHandler
                0x0000000008007358                DMA1_Channel4_IRQHandler
                0x0000000008007358                USART3_IRQHandler
                0x0000000008007358                RTC_IRQHandler
                0x0000000008007358                DMA1_Channel7_IRQHandler
                0x0000000008007358                CAN1_RX1_IRQHandler
                0x0000000008007358                TIM4_IRQHandler
                0x0000000008007358                I2C1_EV_IRQHandler
                0x0000000008007358                DMA1_Channel6_IRQHandler
                0x0000000008007358                RCC_IRQHandler
                0x0000000008007358                TIM1_TRG_COM_IRQHandler
                0x0000000008007358                DMA1_Channel1_IRQHandler
                0x0000000008007358                Default_Handler
                0x0000000008007358                SPI2_IRQHandler
                0x0000000008007358                DMA1_Channel5_IRQHandler
                0x0000000008007358                EXTI4_IRQHandler
                0x0000000008007358                USB_HP_CAN1_TX_IRQHandler
                0x0000000008007358                DMA1_Channel3_IRQHandler
                0x0000000008007358                TIM1_UP_IRQHandler
                0x0000000008007358                WWDG_IRQHandler
                0x0000000008007358                TIM1_BRK_IRQHandler
                0x0000000008007358                EXTI1_IRQHandler
                0x0000000008007358                RTCAlarm_IRQHandler
                0x0000000008007358                USART2_IRQHandler
                0x0000000008007358                I2C2_ER_IRQHandler
                0x0000000008007358                DMA1_Channel2_IRQHandler
                0x0000000008007358                CAN1_SCE_IRQHandler
                0x0000000008007358                FLASH_IRQHandler
                0x0000000008007358                I2C1_ER_IRQHandler
                0x0000000008007358                USBWakeUp_IRQHandler
 *fill*         0x000000000800735a        0x2 
 .text.st_wake_up
                0x000000000800735c       0x80 src/stepper.o
                0x000000000800735c                st_wake_up
 .text.st_go_idle
                0x00000000080073dc       0x80 src/stepper.o
                0x00000000080073dc                st_go_idle
 .text.TIM2_IRQHandler
                0x000000000800745c      0x220 src/stepper.o
                0x000000000800745c                TIM2_IRQHandler
 .text.TIM3_IRQHandler
                0x000000000800767c       0x40 src/stepper.o
                0x000000000800767c                TIM3_IRQHandler
 .text.st_generate_step_dir_invert_masks
                0x00000000080076bc       0x54 src/stepper.o
                0x00000000080076bc                st_generate_step_dir_invert_masks
 .text.st_reset
                0x0000000008007710       0xdc src/stepper.o
                0x0000000008007710                st_reset
 .text.stepper_init
                0x00000000080077ec      0x144 src/stepper.o
                0x00000000080077ec                stepper_init
 .text.st_update_plan_block_parameters
                0x0000000008007930       0x2c src/stepper.o
                0x0000000008007930                st_update_plan_block_parameters
 .text.st_prep_buffer
                0x000000000800795c      0x9bc src/stepper.o
                0x000000000800795c                st_prep_buffer
 .text.st_get_realtime_rate
                0x0000000008008318       0x1c src/stepper.o
                0x0000000008008318                st_get_realtime_rate
 .text.system_init
                0x0000000008008334       0x7c src/system.o
                0x0000000008008334                system_init
 .text.system_control_get_state
                0x00000000080083b0       0x2c src/system.o
                0x00000000080083b0                system_control_get_state
 .text.EXTI9_5_IRQHandler
                0x00000000080083dc       0x58 src/system.o
                0x00000000080083dc                EXTI9_5_IRQHandler
 .text.system_check_safety_door_ajar
                0x0000000008008434        0x4 src/system.o
                0x0000000008008434                system_check_safety_door_ajar
 .text.system_execute_startup
                0x0000000008008438       0x44 src/system.o
                0x0000000008008438                system_execute_startup
 .text.system_execute_line
                0x000000000800847c      0x354 src/system.o
                0x000000000800847c                system_execute_line
 .text.system_flag_wco_change
                0x00000000080087d0       0x14 src/system.o
                0x00000000080087d0                system_flag_wco_change
 .text.system_convert_array_steps_to_mpos
                0x00000000080087e4       0x3c src/system.o
                0x00000000080087e4                system_convert_array_steps_to_mpos
 .text.system_check_travel_limits
                0x0000000008008820       0x58 src/system.o
                0x0000000008008820                system_check_travel_limits
 .text.system_set_exec_state_flag
                0x0000000008008878       0x14 src/system.o
                0x0000000008008878                system_set_exec_state_flag
 .text.system_clear_exec_state_flag
                0x000000000800888c       0x14 src/system.o
                0x000000000800888c                system_clear_exec_state_flag
 .text.system_set_exec_alarm
                0x00000000080088a0       0x10 src/system.o
                0x00000000080088a0                system_set_exec_alarm
 .text.system_clear_exec_alarm
                0x00000000080088b0       0x10 src/system.o
                0x00000000080088b0                system_clear_exec_alarm
 .text.system_set_exec_motion_override_flag
                0x00000000080088c0       0x14 src/system.o
                0x00000000080088c0                system_set_exec_motion_override_flag
 .text.system_set_exec_accessory_override_flag
                0x00000000080088d4       0x14 src/system.o
                0x00000000080088d4                system_set_exec_accessory_override_flag
 .text.system_clear_exec_motion_overrides
                0x00000000080088e8       0x10 src/system.o
                0x00000000080088e8                system_clear_exec_motion_overrides
 .text.system_clear_exec_accessory_overrides
                0x00000000080088f8       0x10 src/system.o
                0x00000000080088f8                system_clear_exec_accessory_overrides
 .text.SystemInit
                0x0000000008008908      0x104 src/system_stm32f10x.o
                0x0000000008008908                SystemInit
 .text.Standard_GetConfiguration
                0x0000000008008a0c       0x28 stm_usb_fs_lib/src/usb_core.o
                0x0000000008008a0c                Standard_GetConfiguration
 .text.Standard_GetInterface
                0x0000000008008a34       0x28 stm_usb_fs_lib/src/usb_core.o
                0x0000000008008a34                Standard_GetInterface
 .text.Standard_GetStatus
                0x0000000008008a5c       0x90 stm_usb_fs_lib/src/usb_core.o
                0x0000000008008a5c                Standard_GetStatus
 .text.DataStageIn
                0x0000000008008aec       0xb4 stm_usb_fs_lib/src/usb_core.o
 .text.Standard_SetInterface
                0x0000000008008ba0       0x4c stm_usb_fs_lib/src/usb_core.o
                0x0000000008008ba0                Standard_SetInterface
 .text.Standard_ClearFeature
                0x0000000008008bec       0xd0 stm_usb_fs_lib/src/usb_core.o
                0x0000000008008bec                Standard_ClearFeature
 .text.Standard_SetEndPointFeature
                0x0000000008008cbc       0x8c stm_usb_fs_lib/src/usb_core.o
                0x0000000008008cbc                Standard_SetEndPointFeature
 .text.Standard_GetDescriptorData
                0x0000000008008d48       0x1c stm_usb_fs_lib/src/usb_core.o
                0x0000000008008d48                Standard_GetDescriptorData
 .text.Setup0_Process
                0x0000000008008d64      0x3b0 stm_usb_fs_lib/src/usb_core.o
                0x0000000008008d64                Setup0_Process
 .text.In0_Process
                0x0000000008009114       0xc8 stm_usb_fs_lib/src/usb_core.o
                0x0000000008009114                In0_Process
 .text.Out0_Process
                0x00000000080091dc      0x110 stm_usb_fs_lib/src/usb_core.o
                0x00000000080091dc                Out0_Process
 .text.SetDeviceAddress
                0x00000000080092ec       0x40 stm_usb_fs_lib/src/usb_core.o
                0x00000000080092ec                SetDeviceAddress
 .text.NOP_Process
                0x000000000800932c        0x4 stm_usb_fs_lib/src/usb_core.o
                0x000000000800932c                NOP_Process
 .text.CTR_LP   0x0000000008009330      0x190 stm_usb_fs_lib/src/usb_int.o
                0x0000000008009330                CTR_LP
 .text.UserToPMABufferCopy
                0x00000000080094c0       0x20 stm_usb_fs_lib/src/usb_mem.o
                0x00000000080094c0                UserToPMABufferCopy
 .text.PMAToUserBufferCopy
                0x00000000080094e0       0x24 stm_usb_fs_lib/src/usb_mem.o
                0x00000000080094e0                PMAToUserBufferCopy
 .text.SetBTABLE
                0x0000000008009504       0x10 stm_usb_fs_lib/src/usb_regs.o
                0x0000000008009504                SetBTABLE
 .text.SetEPType
                0x0000000008009514       0x1c stm_usb_fs_lib/src/usb_regs.o
                0x0000000008009514                SetEPType
 .text.SetEPTxStatus
                0x0000000008009530       0x34 stm_usb_fs_lib/src/usb_regs.o
                0x0000000008009530                SetEPTxStatus
 .text.SetEPRxStatus
                0x0000000008009564       0x34 stm_usb_fs_lib/src/usb_regs.o
                0x0000000008009564                SetEPRxStatus
 .text.SetEPTxValid
                0x0000000008009598       0x28 stm_usb_fs_lib/src/usb_regs.o
                0x0000000008009598                SetEPTxValid
 .text.SetEPRxValid
                0x00000000080095c0       0x28 stm_usb_fs_lib/src/usb_regs.o
                0x00000000080095c0                SetEPRxValid
 .text.Clear_Status_Out
                0x00000000080095e8       0x20 stm_usb_fs_lib/src/usb_regs.o
                0x00000000080095e8                Clear_Status_Out
 .text.ClearDTOG_RX
                0x0000000008009608       0x24 stm_usb_fs_lib/src/usb_regs.o
                0x0000000008009608                ClearDTOG_RX
 .text.ClearDTOG_TX
                0x000000000800962c       0x24 stm_usb_fs_lib/src/usb_regs.o
                0x000000000800962c                ClearDTOG_TX
 .text.SetEPTxAddr
                0x0000000008009650       0x20 stm_usb_fs_lib/src/usb_regs.o
                0x0000000008009650                SetEPTxAddr
 .text.SetEPRxAddr
                0x0000000008009670       0x20 stm_usb_fs_lib/src/usb_regs.o
                0x0000000008009670                SetEPRxAddr
 .text.GetEPTxAddr
                0x0000000008009690       0x1c stm_usb_fs_lib/src/usb_regs.o
                0x0000000008009690                GetEPTxAddr
 .text.GetEPRxAddr
                0x00000000080096ac       0x1c stm_usb_fs_lib/src/usb_regs.o
                0x00000000080096ac                GetEPRxAddr
 .text.SetEPTxCount
                0x00000000080096c8       0x1c stm_usb_fs_lib/src/usb_regs.o
                0x00000000080096c8                SetEPTxCount
 .text.SetEPRxCount
                0x00000000080096e4       0x44 stm_usb_fs_lib/src/usb_regs.o
                0x00000000080096e4                SetEPRxCount
 .text.GetEPRxCount
                0x0000000008009728       0x20 stm_usb_fs_lib/src/usb_regs.o
                0x0000000008009728                GetEPRxCount
 .text.ByteSwap
                0x0000000008009748        0xc stm_usb_fs_lib/src/usb_regs.o
                0x0000000008009748                ByteSwap
 .text.USB_SIL_Init
                0x0000000008009754       0x24 stm_usb_fs_lib/src/usb_sil.o
                0x0000000008009754                USB_SIL_Init
 .text.USB_SIL_Read
                0x0000000008009778       0x24 stm_usb_fs_lib/src/usb_sil.o
                0x0000000008009778                USB_SIL_Read
 .text.USB_Cable_Config
                0x000000000800979c        0x4 usb/hw_config.o
                0x000000000800979c                USB_Cable_Config
 .text.Get_SerialNum
                0x00000000080097a0      0x104 usb/hw_config.o
                0x00000000080097a0                Get_SerialNum
 .text.EP1_IN_Callback.part.0
                0x00000000080098a4       0xd8 usb/usb_endp.o
 .text.EP3_OUT_Callback
                0x000000000800997c       0x18 usb/usb_endp.o
                0x000000000800997c                EP3_OUT_Callback
 .text.EP1_IN_Callback
                0x0000000008009994       0x18 usb/usb_endp.o
                0x0000000008009994                EP1_IN_Callback
 .text.SOF_Callback
                0x00000000080099ac       0x24 usb/usb_endp.o
                0x00000000080099ac                SOF_Callback
 .text.USB_Istr
                0x00000000080099d0       0x70 usb/usb_istr.o
                0x00000000080099d0                USB_Istr
 .text.Virtual_Com_Port_Status_In
                0x0000000008009a40       0x14 usb/usb_prop.o
                0x0000000008009a40                Virtual_Com_Port_Status_In
 .text.Virtual_Com_Port_Status_Out
                0x0000000008009a54        0x4 usb/usb_prop.o
                0x0000000008009a54                Virtual_Com_Port_Status_Out
 .text.Virtual_Com_Port_Data_Setup
                0x0000000008009a58       0x5c usb/usb_prop.o
                0x0000000008009a58                Virtual_Com_Port_Data_Setup
 .text.Virtual_Com_Port_Get_Interface_Setting
                0x0000000008009ab4       0x10 usb/usb_prop.o
                0x0000000008009ab4                Virtual_Com_Port_Get_Interface_Setting
 .text.Virtual_Com_Port_GetLineCoding
                0x0000000008009ac4       0x18 usb/usb_prop.o
                0x0000000008009ac4                Virtual_Com_Port_GetLineCoding
 .text.Virtual_Com_Port_init
                0x0000000008009adc       0x24 usb/usb_prop.o
                0x0000000008009adc                Virtual_Com_Port_init
 .text.Virtual_Com_Port_Reset
                0x0000000008009b00       0xe0 usb/usb_prop.o
                0x0000000008009b00                Virtual_Com_Port_Reset
 .text.Virtual_Com_Port_GetDeviceDescriptor
                0x0000000008009be0        0xc usb/usb_prop.o
                0x0000000008009be0                Virtual_Com_Port_GetDeviceDescriptor
 .text.Virtual_Com_Port_GetConfigDescriptor
                0x0000000008009bec        0xc usb/usb_prop.o
                0x0000000008009bec                Virtual_Com_Port_GetConfigDescriptor
 .text.Virtual_Com_Port_GetStringDescriptor
                0x0000000008009bf8       0x20 usb/usb_prop.o
                0x0000000008009bf8                Virtual_Com_Port_GetStringDescriptor
 .text.Virtual_Com_Port_NoData_Setup
                0x0000000008009c18       0x24 usb/usb_prop.o
                0x0000000008009c18                Virtual_Com_Port_NoData_Setup
 .text.Virtual_Com_Port_SetLineCoding
                0x0000000008009c3c       0x18 usb/usb_prop.o
                0x0000000008009c3c                Virtual_Com_Port_SetLineCoding
 .text.PowerOn  0x0000000008009c54       0x30 usb/usb_pwr.o
                0x0000000008009c54                PowerOn
 .text.NMI_Handler
                0x0000000008009c84        0x4 util/stm32f10x_it.o
                0x0000000008009c84                NMI_Handler
 .text.HardFault_Handler
                0x0000000008009c88        0x4 util/stm32f10x_it.o
                0x0000000008009c88                HardFault_Handler
 .text.MemManage_Handler
                0x0000000008009c8c        0x4 util/stm32f10x_it.o
                0x0000000008009c8c                MemManage_Handler
 .text.BusFault_Handler
                0x0000000008009c90        0x4 util/stm32f10x_it.o
                0x0000000008009c90                BusFault_Handler
 .text.UsageFault_Handler
                0x0000000008009c94        0x4 util/stm32f10x_it.o
                0x0000000008009c94                UsageFault_Handler
 .text.SVC_Handler
                0x0000000008009c98        0x4 util/stm32f10x_it.o
                0x0000000008009c98                SVC_Handler
 .text.DebugMon_Handler
                0x0000000008009c9c        0x4 util/stm32f10x_it.o
                0x0000000008009c9c                DebugMon_Handler
 .text.PendSV_Handler
                0x0000000008009ca0        0x4 util/stm32f10x_it.o
                0x0000000008009ca0                PendSV_Handler
 .text.USB_LP_CAN1_RX0_IRQHandler
                0x0000000008009ca4        0x4 util/stm32f10x_it.o
                0x0000000008009ca4                USB_LP_CAN1_RX0_IRQHandler
 .text.__libc_init_array
                0x0000000008009ca8       0x48 c:/st/stm32cubeide_1.5.0/stm32cubeide/plugins/com.st.stm32cube.ide.mcu.externaltools.gnu-tools-for-stm32.9-2020-q2-update.win32_1.5.0.202011040924/tools/bin/../lib/gcc/arm-none-eabi/9.3.1/../../../../arm-none-eabi/lib/thumb/v7-m/nofp\libc.a(lib_a-init.o)
                0x0000000008009ca8                __libc_init_array
 .text.memcmp   0x0000000008009cf0       0x1c c:/st/stm32cubeide_1.5.0/stm32cubeide/plugins/com.st.stm32cube.ide.mcu.externaltools.gnu-tools-for-stm32.9-2020-q2-update.win32_1.5.0.202011040924/tools/bin/../lib/gcc/arm-none-eabi/9.3.1/../../../../arm-none-eabi/lib/thumb/v7-m/nofp\libc.a(lib_a-memcmp.o)
                0x0000000008009cf0                memcmp
 .text.memset   0x0000000008009d0c       0x10 c:/st/stm32cubeide_1.5.0/stm32cubeide/plugins/com.st.stm32cube.ide.mcu.externaltools.gnu-tools-for-stm32.9-2020-q2-update.win32_1.5.0.202011040924/tools/bin/../lib/gcc/arm-none-eabi/9.3.1/../../../../arm-none-eabi/lib/thumb/v7-m/nofp\libc.a(lib_a-memset.o)
                0x0000000008009d0c                memset
 .text.startup.register_fini
                0x0000000008009d1c       0x14 c:/st/stm32cubeide_1.5.0/stm32cubeide/plugins/com.st.stm32cube.ide.mcu.externaltools.gnu-tools-for-stm32.9-2020-q2-update.win32_1.5.0.202011040924/tools/bin/../lib/gcc/arm-none-eabi/9.3.1/../../../../arm-none-eabi/lib/thumb/v7-m/nofp\libc.a(lib_a-__call_atexit.o)
 .text.atexit   0x0000000008009d30        0xc c:/st/stm32cubeide_1.5.0/stm32cubeide/plugins/com.st.stm32cube.ide.mcu.externaltools.gnu-tools-for-stm32.9-2020-q2-update.win32_1.5.0.202011040924/tools/bin/../lib/gcc/arm-none-eabi/9.3.1/../../../../arm-none-eabi/lib/thumb/v7-m/nofp\libc.a(lib_a-atexit.o)
                0x0000000008009d30                atexit
 .text.__libc_fini_array
                0x0000000008009d3c       0x28 c:/st/stm32cubeide_1.5.0/stm32cubeide/plugins/com.st.stm32cube.ide.mcu.externaltools.gnu-tools-for-stm32.9-2020-q2-update.win32_1.5.0.202011040924/tools/bin/../lib/gcc/arm-none-eabi/9.3.1/../../../../arm-none-eabi/lib/thumb/v7-m/nofp\libc.a(lib_a-fini.o)
                0x0000000008009d3c                __libc_fini_array
 .text.__retarget_lock_acquire_recursive
                0x0000000008009d64        0x2 c:/st/stm32cubeide_1.5.0/stm32cubeide/plugins/com.st.stm32cube.ide.mcu.externaltools.gnu-tools-for-stm32.9-2020-q2-update.win32_1.5.0.202011040924/tools/bin/../lib/gcc/arm-none-eabi/9.3.1/../../../../arm-none-eabi/lib/thumb/v7-m/nofp\libc.a(lib_a-lock.o)
                0x0000000008009d64                __retarget_lock_acquire_recursive
 .text.__retarget_lock_release_recursive
                0x0000000008009d66        0x2 c:/st/stm32cubeide_1.5.0/stm32cubeide/plugins/com.st.stm32cube.ide.mcu.externaltools.gnu-tools-for-stm32.9-2020-q2-update.win32_1.5.0.202011040924/tools/bin/../lib/gcc/arm-none-eabi/9.3.1/../../../../arm-none-eabi/lib/thumb/v7-m/nofp\libc.a(lib_a-lock.o)
                0x0000000008009d66                __retarget_lock_release_recursive
 .text.__register_exitproc
                0x0000000008009d68       0x80 c:/st/stm32cubeide_1.5.0/stm32cubeide/plugins/com.st.stm32cube.ide.mcu.externaltools.gnu-tools-for-stm32.9-2020-q2-update.win32_1.5.0.202011040924/tools/bin/../lib/gcc/arm-none-eabi/9.3.1/../../../../arm-none-eabi/lib/thumb/v7-m/nofp\libc.a(lib_a-__atexit.o)
                0x0000000008009d68                __register_exitproc
 .text.ceilf    0x0000000008009de8       0x80 c:/st/stm32cubeide_1.5.0/stm32cubeide/plugins/com.st.stm32cube.ide.mcu.externaltools.gnu-tools-for-stm32.9-2020-q2-update.win32_1.5.0.202011040924/tools/bin/../lib/gcc/arm-none-eabi/9.3.1/../../../../arm-none-eabi/lib/thumb/v7-m/nofp\libm.a(lib_a-sf_ceil.o)
                0x0000000008009de8                ceilf
 .text.cosf     0x0000000008009e68       0x68 c:/st/stm32cubeide_1.5.0/stm32cubeide/plugins/com.st.stm32cube.ide.mcu.externaltools.gnu-tools-for-stm32.9-2020-q2-update.win32_1.5.0.202011040924/tools/bin/../lib/gcc/arm-none-eabi/9.3.1/../../../../arm-none-eabi/lib/thumb/v7-m/nofp\libm.a(lib_a-sf_cos.o)
                0x0000000008009e68                cosf
 .text.floorf   0x0000000008009ed0       0x84 c:/st/stm32cubeide_1.5.0/stm32cubeide/plugins/com.st.stm32cube.ide.mcu.externaltools.gnu-tools-for-stm32.9-2020-q2-update.win32_1.5.0.202011040924/tools/bin/../lib/gcc/arm-none-eabi/9.3.1/../../../../arm-none-eabi/lib/thumb/v7-m/nofp\libm.a(lib_a-sf_floor.o)
                0x0000000008009ed0                floorf
 .text.lroundf  0x0000000008009f54       0x58 c:/st/stm32cubeide_1.5.0/stm32cubeide/plugins/com.st.stm32cube.ide.mcu.externaltools.gnu-tools-for-stm32.9-2020-q2-update.win32_1.5.0.202011040924/tools/bin/../lib/gcc/arm-none-eabi/9.3.1/../../../../arm-none-eabi/lib/thumb/v7-m/nofp\libm.a(lib_a-sf_lround.o)
                0x0000000008009f54                lroundf
 .text.sinf     0x0000000008009fac       0x6c c:/st/stm32cubeide_1.5.0/stm32cubeide/plugins/com.st.stm32cube.ide.mcu.externaltools.gnu-tools-for-stm32.9-2020-q2-update.win32_1.5.0.202011040924/tools/bin/../lib/gcc/arm-none-eabi/9.3.1/../../../../arm-none-eabi/lib/thumb/v7-m/nofp\libm.a(lib_a-sf_sin.o)
                0x0000000008009fac                sinf
 .text.atan2f   0x000000000800a018        0x4 c:/st/stm32cubeide_1.5.0/stm32cubeide/plugins/com.st.stm32cube.ide.mcu.externaltools.gnu-tools-for-stm32.9-2020-q2-update.win32_1.5.0.202011040924/tools/bin/../lib/gcc/arm-none-eabi/9.3.1/../../../../arm-none-eabi/lib/thumb/v7-m/nofp\libm.a(lib_a-wf_atan2.o)
                0x000000000800a018                atan2f
 .text.sqrtf    0x000000000800a01c       0x44 c:/st/stm32cubeide_1.5.0/stm32cubeide/plugins/com.st.stm32cube.ide.mcu.externaltools.gnu-tools-for-stm32.9-2020-q2-update.win32_1.5.0.202011040924/tools/bin/../lib/gcc/arm-none-eabi/9.3.1/../../../../arm-none-eabi/lib/thumb/v7-m/nofp\libm.a(lib_a-wf_sqrt.o)
                0x000000000800a01c                sqrtf
 .text.__ieee754_atan2f
                0x000000000800a060      0x10c c:/st/stm32cubeide_1.5.0/stm32cubeide/plugins/com.st.stm32cube.ide.mcu.externaltools.gnu-tools-for-stm32.9-2020-q2-update.win32_1.5.0.202011040924/tools/bin/../lib/gcc/arm-none-eabi/9.3.1/../../../../arm-none-eabi/lib/thumb/v7-m/nofp\libm.a(lib_a-ef_atan2.o)
                0x000000000800a060                __ieee754_atan2f
 .text.__ieee754_rem_pio2f
                0x000000000800a16c      0x2bc c:/st/stm32cubeide_1.5.0/stm32cubeide/plugins/com.st.stm32cube.ide.mcu.externaltools.gnu-tools-for-stm32.9-2020-q2-update.win32_1.5.0.202011040924/tools/bin/../lib/gcc/arm-none-eabi/9.3.1/../../../../arm-none-eabi/lib/thumb/v7-m/nofp\libm.a(lib_a-ef_rem_pio2.o)
                0x000000000800a16c                __ieee754_rem_pio2f
 .text.__ieee754_sqrtf
                0x000000000800a428       0xa2 c:/st/stm32cubeide_1.5.0/stm32cubeide/plugins/com.st.stm32cube.ide.mcu.externaltools.gnu-tools-for-stm32.9-2020-q2-update.win32_1.5.0.202011040924/tools/bin/../lib/gcc/arm-none-eabi/9.3.1/../../../../arm-none-eabi/lib/thumb/v7-m/nofp\libm.a(lib_a-ef_sqrt.o)
                0x000000000800a428                __ieee754_sqrtf
 *fill*         0x000000000800a4ca        0x2 
 .text.__kernel_cosf
                0x000000000800a4cc      0x100 c:/st/stm32cubeide_1.5.0/stm32cubeide/plugins/com.st.stm32cube.ide.mcu.externaltools.gnu-tools-for-stm32.9-2020-q2-update.win32_1.5.0.202011040924/tools/bin/../lib/gcc/arm-none-eabi/9.3.1/../../../../arm-none-eabi/lib/thumb/v7-m/nofp\libm.a(lib_a-kf_cos.o)
                0x000000000800a4cc                __kernel_cosf
 .text.__kernel_rem_pio2f
                0x000000000800a5cc      0x56c c:/st/stm32cubeide_1.5.0/stm32cubeide/plugins/com.st.stm32cube.ide.mcu.externaltools.gnu-tools-for-stm32.9-2020-q2-update.win32_1.5.0.202011040924/tools/bin/../lib/gcc/arm-none-eabi/9.3.1/../../../../arm-none-eabi/lib/thumb/v7-m/nofp\libm.a(lib_a-kf_rem_pio2.o)
                0x000000000800a5cc                __kernel_rem_pio2f
 .text.__kernel_sinf
                0x000000000800ab38       0xec c:/st/stm32cubeide_1.5.0/stm32cubeide/plugins/com.st.stm32cube.ide.mcu.externaltools.gnu-tools-for-stm32.9-2020-q2-update.win32_1.5.0.202011040924/tools/bin/../lib/gcc/arm-none-eabi/9.3.1/../../../../arm-none-eabi/lib/thumb/v7-m/nofp\libm.a(lib_a-kf_sin.o)
                0x000000000800ab38                __kernel_sinf
 .text.atanf    0x000000000800ac24      0x218 c:/st/stm32cubeide_1.5.0/stm32cubeide/plugins/com.st.stm32cube.ide.mcu.externaltools.gnu-tools-for-stm32.9-2020-q2-update.win32_1.5.0.202011040924/tools/bin/../lib/gcc/arm-none-eabi/9.3.1/../../../../arm-none-eabi/lib/thumb/v7-m/nofp\libm.a(lib_a-sf_atan.o)
                0x000000000800ac24                atanf
 .text.fabsf    0x000000000800ae3c        0x6 c:/st/stm32cubeide_1.5.0/stm32cubeide/plugins/com.st.stm32cube.ide.mcu.externaltools.gnu-tools-for-stm32.9-2020-q2-update.win32_1.5.0.202011040924/tools/bin/../lib/gcc/arm-none-eabi/9.3.1/../../../../arm-none-eabi/lib/thumb/v7-m/nofp\libm.a(lib_a-sf_fabs.o)
                0x000000000800ae3c                fabsf
 *fill*         0x000000000800ae42        0x2 
 .text.scalbnf  0x000000000800ae44       0x98 c:/st/stm32cubeide_1.5.0/stm32cubeide/plugins/com.st.stm32cube.ide.mcu.externaltools.gnu-tools-for-stm32.9-2020-q2-update.win32_1.5.0.202011040924/tools/bin/../lib/gcc/arm-none-eabi/9.3.1/../../../../arm-none-eabi/lib/thumb/v7-m/nofp\libm.a(lib_a-sf_scalbn.o)
                0x000000000800ae44                scalbnf
 .text.__errno  0x000000000800aedc        0xc c:/st/stm32cubeide_1.5.0/stm32cubeide/plugins/com.st.stm32cube.ide.mcu.externaltools.gnu-tools-for-stm32.9-2020-q2-update.win32_1.5.0.202011040924/tools/bin/../lib/gcc/arm-none-eabi/9.3.1/../../../../arm-none-eabi/lib/thumb/v7-m/nofp\libc.a(lib_a-errno.o)
                0x000000000800aedc                __errno
 *(.glue_7)
 .glue_7        0x000000000800aee8        0x0 linker stubs
 *(.glue_7t)
 .glue_7t       0x000000000800aee8        0x0 linker stubs
 *(.eh_frame)
 .eh_frame      0x000000000800aee8        0x0 c:/st/stm32cubeide_1.5.0/stm32cubeide/plugins/com.st.stm32cube.ide.mcu.externaltools.gnu-tools-for-stm32.9-2020-q2-update.win32_1.5.0.202011040924/tools/bin/../lib/gcc/arm-none-eabi/9.3.1/thumb/v7-m/nofp/crtbegin.o
 *(.init)
 .init          0x000000000800aee8        0x4 c:/st/stm32cubeide_1.5.0/stm32cubeide/plugins/com.st.stm32cube.ide.mcu.externaltools.gnu-tools-for-stm32.9-2020-q2-update.win32_1.5.0.202011040924/tools/bin/../lib/gcc/arm-none-eabi/9.3.1/thumb/v7-m/nofp/crti.o
                0x000000000800aee8                _init
 .init          0x000000000800aeec        0x8 c:/st/stm32cubeide_1.5.0/stm32cubeide/plugins/com.st.stm32cube.ide.mcu.externaltools.gnu-tools-for-stm32.9-2020-q2-update.win32_1.5.0.202011040924/tools/bin/../lib/gcc/arm-none-eabi/9.3.1/thumb/v7-m/nofp/crtn.o
 *(.fini)
 .fini          0x000000000800aef4        0x4 c:/st/stm32cubeide_1.5.0/stm32cubeide/plugins/com.st.stm32cube.ide.mcu.externaltools.gnu-tools-for-stm32.9-2020-q2-update.win32_1.5.0.202011040924/tools/bin/../lib/gcc/arm-none-eabi/9.3.1/thumb/v7-m/nofp/crti.o
                0x000000000800aef4                _fini
 .fini          0x000000000800aef8        0x8 c:/st/stm32cubeide_1.5.0/stm32cubeide/plugins/com.st.stm32cube.ide.mcu.externaltools.gnu-tools-for-stm32.9-2020-q2-update.win32_1.5.0.202011040924/tools/bin/../lib/gcc/arm-none-eabi/9.3.1/thumb/v7-m/nofp/crtn.o
                0x000000000800af00                . = ALIGN (0x4)
                0x000000000800af00                _etext = .

.vfp11_veneer   0x000000000800af00        0x0
 .vfp11_veneer  0x000000000800af00        0x0 linker stubs

.v4_bx          0x000000000800af00        0x0
 .v4_bx         0x000000000800af00        0x0 linker stubs

.iplt           0x000000000800af00        0x0
 .iplt          0x000000000800af00        0x0 c:/st/stm32cubeide_1.5.0/stm32cubeide/plugins/com.st.stm32cube.ide.mcu.externaltools.gnu-tools-for-stm32.9-2020-q2-update.win32_1.5.0.202011040924/tools/bin/../lib/gcc/arm-none-eabi/9.3.1/thumb/v7-m/nofp/crtbegin.o

.rodata         0x000000000800af00      0x6d0
                0x000000000800af00                . = ALIGN (0x4)
 *(.rodata)
 *(.rodata*)
 .rodata.report_status_message.str1.4
                0x000000000800af00       0x13 src/report.o
 *fill*         0x000000000800af13        0x1 
 .rodata.report_alarm_message.str1.4
                0x000000000800af14        0x7 src/report.o
 *fill*         0x000000000800af1b        0x1 
 .rodata.report_feedback_message.str1.4
                0x000000000800af1c       0xad src/report.o
 *fill*         0x000000000800afc9        0x3 
 .rodata.report_init_message.str1.4
                0x000000000800afcc       0x21 src/report.o
 *fill*         0x000000000800afed        0x3 
 .rodata.report_grbl_help.str1.4
                0x000000000800aff0       0x4a src/report.o
 *fill*         0x000000000800b03a        0x2 
 .rodata.report_probe_parameters.str1.4
                0x000000000800b03c        0x6 src/report.o
 *fill*         0x000000000800b042        0x2 
 .rodata.report_ngc_parameters.str1.4
                0x000000000800b044       0x1a src/report.o
 *fill*         0x000000000800b05e        0x2 
 .rodata.report_gcode_modes.str1.4
                0x000000000800b060       0x1f src/report.o
 *fill*         0x000000000800b07f        0x1 
 .rodata.report_startup_line.str1.4
                0x000000000800b080        0x3 src/report.o
 *fill*         0x000000000800b083        0x1 
 .rodata.report_build_info.str1.4
                0x000000000800b084       0x1a src/report.o
 *fill*         0x000000000800b09e        0x2 
 .rodata.report_realtime_status.str1.4
                0x000000000800b0a0       0x7b src/report.o
 *fill*         0x000000000800b11b        0x1 
 .rodata.direction_pin_mask
                0x000000000800b11c        0x6 src/stepper.o
                0x000000000800b11c                direction_pin_mask
 *fill*         0x000000000800b122        0x2 
 .rodata.limit_pin_mask
                0x000000000800b124        0x6 src/stepper.o
                0x000000000800b124                limit_pin_mask
 *fill*         0x000000000800b12a        0x2 
 .rodata.step_pin_mask
                0x000000000800b12c        0x6 src/stepper.o
                0x000000000800b12c                step_pin_mask
 *fill*         0x000000000800b132        0x2 
 .rodata.Virtual_Com_Port_ConfigDescriptor
                0x000000000800b134       0x43 usb/usb_desc.o
                0x000000000800b134                Virtual_Com_Port_ConfigDescriptor
 *fill*         0x000000000800b177        0x1 
 .rodata.Virtual_Com_Port_DeviceDescriptor
                0x000000000800b178       0x12 usb/usb_desc.o
                0x000000000800b178                Virtual_Com_Port_DeviceDescriptor
 *fill*         0x000000000800b18a        0x2 
 .rodata.Virtual_Com_Port_StringLangID
                0x000000000800b18c        0x4 usb/usb_desc.o
                0x000000000800b18c                Virtual_Com_Port_StringLangID
 .rodata.Virtual_Com_Port_StringProduct
                0x000000000800b190       0x1c usb/usb_desc.o
                0x000000000800b190                Virtual_Com_Port_StringProduct
 .rodata.Virtual_Com_Port_StringVendor
                0x000000000800b1ac       0x16 usb/usb_desc.o
                0x000000000800b1ac                Virtual_Com_Port_StringVendor
 *fill*         0x000000000800b1c2        0x2 
 .rodata._global_impure_ptr
                0x000000000800b1c4        0x4 c:/st/stm32cubeide_1.5.0/stm32cubeide/plugins/com.st.stm32cube.ide.mcu.externaltools.gnu-tools-for-stm32.9-2020-q2-update.win32_1.5.0.202011040924/tools/bin/../lib/gcc/arm-none-eabi/9.3.1/../../../../arm-none-eabi/lib/thumb/v7-m/nofp\libc.a(lib_a-impure.o)
                0x000000000800b1c4                _global_impure_ptr
 .rodata.CSWTCH.8
                0x000000000800b1c8        0xc c:/st/stm32cubeide_1.5.0/stm32cubeide/plugins/com.st.stm32cube.ide.mcu.externaltools.gnu-tools-for-stm32.9-2020-q2-update.win32_1.5.0.202011040924/tools/bin/../lib/gcc/arm-none-eabi/9.3.1/../../../../arm-none-eabi/lib/thumb/v7-m/nofp\libm.a(lib_a-ef_atan2.o)
 .rodata.CSWTCH.9
                0x000000000800b1d4        0xc c:/st/stm32cubeide_1.5.0/stm32cubeide/plugins/com.st.stm32cube.ide.mcu.externaltools.gnu-tools-for-stm32.9-2020-q2-update.win32_1.5.0.202011040924/tools/bin/../lib/gcc/arm-none-eabi/9.3.1/../../../../arm-none-eabi/lib/thumb/v7-m/nofp\libm.a(lib_a-ef_atan2.o)
 .rodata.npio2_hw
                0x000000000800b1e0       0x80 c:/st/stm32cubeide_1.5.0/stm32cubeide/plugins/com.st.stm32cube.ide.mcu.externaltools.gnu-tools-for-stm32.9-2020-q2-update.win32_1.5.0.202011040924/tools/bin/../lib/gcc/arm-none-eabi/9.3.1/../../../../arm-none-eabi/lib/thumb/v7-m/nofp\libm.a(lib_a-ef_rem_pio2.o)
 .rodata.two_over_pi
                0x000000000800b260      0x318 c:/st/stm32cubeide_1.5.0/stm32cubeide/plugins/com.st.stm32cube.ide.mcu.externaltools.gnu-tools-for-stm32.9-2020-q2-update.win32_1.5.0.202011040924/tools/bin/../lib/gcc/arm-none-eabi/9.3.1/../../../../arm-none-eabi/lib/thumb/v7-m/nofp\libm.a(lib_a-ef_rem_pio2.o)
 .rodata.PIo2   0x000000000800b578       0x2c c:/st/stm32cubeide_1.5.0/stm32cubeide/plugins/com.st.stm32cube.ide.mcu.externaltools.gnu-tools-for-stm32.9-2020-q2-update.win32_1.5.0.202011040924/tools/bin/../lib/gcc/arm-none-eabi/9.3.1/../../../../arm-none-eabi/lib/thumb/v7-m/nofp\libm.a(lib_a-kf_rem_pio2.o)
 .rodata.init_jk
                0x000000000800b5a4        0xc c:/st/stm32cubeide_1.5.0/stm32cubeide/plugins/com.st.stm32cube.ide.mcu.externaltools.gnu-tools-for-stm32.9-2020-q2-update.win32_1.5.0.202011040924/tools/bin/../lib/gcc/arm-none-eabi/9.3.1/../../../../arm-none-eabi/lib/thumb/v7-m/nofp\libm.a(lib_a-kf_rem_pio2.o)
 .rodata.atanhi
                0x000000000800b5b0       0x10 c:/st/stm32cubeide_1.5.0/stm32cubeide/plugins/com.st.stm32cube.ide.mcu.externaltools.gnu-tools-for-stm32.9-2020-q2-update.win32_1.5.0.202011040924/tools/bin/../lib/gcc/arm-none-eabi/9.3.1/../../../../arm-none-eabi/lib/thumb/v7-m/nofp\libm.a(lib_a-sf_atan.o)
 .rodata.atanlo
                0x000000000800b5c0       0x10 c:/st/stm32cubeide_1.5.0/stm32cubeide/plugins/com.st.stm32cube.ide.mcu.externaltools.gnu-tools-for-stm32.9-2020-q2-update.win32_1.5.0.202011040924/tools/bin/../lib/gcc/arm-none-eabi/9.3.1/../../../../arm-none-eabi/lib/thumb/v7-m/nofp\libm.a(lib_a-sf_atan.o)
                0x000000000800b5d0                . = ALIGN (0x4)

.rel.dyn        0x000000000800b5d0        0x0
 .rel.iplt      0x000000000800b5d0        0x0 c:/st/stm32cubeide_1.5.0/stm32cubeide/plugins/com.st.stm32cube.ide.mcu.externaltools.gnu-tools-for-stm32.9-2020-q2-update.win32_1.5.0.202011040924/tools/bin/../lib/gcc/arm-none-eabi/9.3.1/thumb/v7-m/nofp/crtbegin.o

.ARM.extab
 *(.ARM.extab* .gnu.linkonce.armextab.*)

.ARM            0x000000000800b5d0        0x0
                0x000000000800b5d0                __exidx_start = .
 *(.ARM.exidx*)
                0x000000000800b5d0                __exidx_end = .

.preinit_array  0x000000000800b5d0        0x0
                0x000000000800b5d0                PROVIDE (__preinit_array_start = .)
 *(.preinit_array*)
                0x000000000800b5d0                PROVIDE (__preinit_array_end = .)

.init_array     0x000000000800b5d0        0x8
                0x000000000800b5d0                PROVIDE (__init_array_start = .)
 *(SORT_BY_NAME(.init_array.*))
 .init_array.00000
                0x000000000800b5d0        0x4 c:/st/stm32cubeide_1.5.0/stm32cubeide/plugins/com.st.stm32cube.ide.mcu.externaltools.gnu-tools-for-stm32.9-2020-q2-update.win32_1.5.0.202011040924/tools/bin/../lib/gcc/arm-none-eabi/9.3.1/../../../../arm-none-eabi/lib/thumb/v7-m/nofp\libc.a(lib_a-__call_atexit.o)
 *(.init_array*)
 .init_array    0x000000000800b5d4        0x4 c:/st/stm32cubeide_1.5.0/stm32cubeide/plugins/com.st.stm32cube.ide.mcu.externaltools.gnu-tools-for-stm32.9-2020-q2-update.win32_1.5.0.202011040924/tools/bin/../lib/gcc/arm-none-eabi/9.3.1/thumb/v7-m/nofp/crtbegin.o
                0x000000000800b5d8                PROVIDE (__init_array_end = .)

.fini_array     0x000000000800b5d8        0x4
                0x000000000800b5d8                PROVIDE (__fini_array_start = .)
 *(SORT_BY_NAME(.fini_array.*))
 *(.fini_array*)
 .fini_array    0x000000000800b5d8        0x4 c:/st/stm32cubeide_1.5.0/stm32cubeide/plugins/com.st.stm32cube.ide.mcu.externaltools.gnu-tools-for-stm32.9-2020-q2-update.win32_1.5.0.202011040924/tools/bin/../lib/gcc/arm-none-eabi/9.3.1/thumb/v7-m/nofp/crtbegin.o
                0x000000000800b5dc                PROVIDE (__fini_array_end = .)
                0x000000000800b5dc                _sidata = LOADADDR (.data)

.data           0x0000000020000000      0x510 load address 0x000000000800b5dc
                0x0000000020000000                . = ALIGN (0x4)
                0x0000000020000000                _sdata = .
 *(.data)
 *(.data*)
 .data.ADCPrescTable
                0x0000000020000000        0x4 Libraries/STM32F10x_StdPeriph_Driver/src/stm32f10x_rcc.o
 .data.APBAHBPrescTable
                0x0000000020000004       0x10 Libraries/STM32F10x_StdPeriph_Driver/src/stm32f10x_rcc.o
 .data.nOnFlag.8696
                0x0000000020000014        0x1 src/main.o
 *fill*         0x0000000020000015        0x3 
 .data.SystemCoreClock
                0x0000000020000018        0x4 src/system_stm32f10x.o
                0x0000000020000018                SystemCoreClock
 .data.Virtual_Com_Port_StringSerial
                0x000000002000001c       0x1a usb/usb_desc.o
                0x000000002000001c                Virtual_Com_Port_StringSerial
 *fill*         0x0000000020000036        0x2 
 .data.pEpInt_IN
                0x0000000020000038       0x1c usb/usb_istr.o
                0x0000000020000038                pEpInt_IN
 .data.pEpInt_OUT
                0x0000000020000054       0x1c usb/usb_istr.o
                0x0000000020000054                pEpInt_OUT
 .data.Config_Descriptor
                0x0000000020000070        0x8 usb/usb_prop.o
                0x0000000020000070                Config_Descriptor
 .data.Device_Descriptor
                0x0000000020000078        0x8 usb/usb_prop.o
                0x0000000020000078                Device_Descriptor
 .data.Device_Property
                0x0000000020000080       0x30 usb/usb_prop.o
                0x0000000020000080                Device_Property
 .data.Device_Table
                0x00000000200000b0        0x2 usb/usb_prop.o
                0x00000000200000b0                Device_Table
 *fill*         0x00000000200000b2        0x2 
 .data.String_Descriptor
                0x00000000200000b4       0x20 usb/usb_prop.o
                0x00000000200000b4                String_Descriptor
 .data.linecoding
                0x00000000200000d4        0x8 usb/usb_prop.o
                0x00000000200000d4                linecoding
 .data._impure_ptr
                0x00000000200000dc        0x4 c:/st/stm32cubeide_1.5.0/stm32cubeide/plugins/com.st.stm32cube.ide.mcu.externaltools.gnu-tools-for-stm32.9-2020-q2-update.win32_1.5.0.202011040924/tools/bin/../lib/gcc/arm-none-eabi/9.3.1/../../../../arm-none-eabi/lib/thumb/v7-m/nofp\libc.a(lib_a-impure.o)
                0x00000000200000dc                _impure_ptr
 .data.impure_data
                0x00000000200000e0      0x428 c:/st/stm32cubeide_1.5.0/stm32cubeide/plugins/com.st.stm32cube.ide.mcu.externaltools.gnu-tools-for-stm32.9-2020-q2-update.win32_1.5.0.202011040924/tools/bin/../lib/gcc/arm-none-eabi/9.3.1/../../../../arm-none-eabi/lib/thumb/v7-m/nofp\libc.a(lib_a-impure.o)
 .data.__atexit_recursive_mutex
                0x0000000020000508        0x4 c:/st/stm32cubeide_1.5.0/stm32cubeide/plugins/com.st.stm32cube.ide.mcu.externaltools.gnu-tools-for-stm32.9-2020-q2-update.win32_1.5.0.202011040924/tools/bin/../lib/gcc/arm-none-eabi/9.3.1/../../../../arm-none-eabi/lib/thumb/v7-m/nofp\libc.a(lib_a-__call_atexit.o)
                0x0000000020000508                __atexit_recursive_mutex
 .data.__fdlib_version
                0x000000002000050c        0x1 c:/st/stm32cubeide_1.5.0/stm32cubeide/plugins/com.st.stm32cube.ide.mcu.externaltools.gnu-tools-for-stm32.9-2020-q2-update.win32_1.5.0.202011040924/tools/bin/../lib/gcc/arm-none-eabi/9.3.1/../../../../arm-none-eabi/lib/thumb/v7-m/nofp\libm.a(lib_a-s_lib_ver.o)
                0x000000002000050c                __fdlib_version
                0x0000000020000510                . = ALIGN (0x4)
 *fill*         0x000000002000050d        0x3 
                0x0000000020000510                _edata = .

.igot.plt       0x0000000020000510        0x0 load address 0x000000000800baec
 .igot.plt      0x0000000020000510        0x0 c:/st/stm32cubeide_1.5.0/stm32cubeide/plugins/com.st.stm32cube.ide.mcu.externaltools.gnu-tools-for-stm32.9-2020-q2-update.win32_1.5.0.202011040924/tools/bin/../lib/gcc/arm-none-eabi/9.3.1/thumb/v7-m/nofp/crtbegin.o
                0x0000000020000510                . = ALIGN (0x4)

.bss            0x0000000020000510     0x1408 load address 0x000000000800baec
                0x0000000020000510                _sbss = .
                0x0000000020000510                __bss_start__ = _sbss
 *(.bss)
 .bss           0x0000000020000510       0x1c c:/st/stm32cubeide_1.5.0/stm32cubeide/plugins/com.st.stm32cube.ide.mcu.externaltools.gnu-tools-for-stm32.9-2020-q2-update.win32_1.5.0.202011040924/tools/bin/../lib/gcc/arm-none-eabi/9.3.1/thumb/v7-m/nofp/crtbegin.o
 *(.bss*)
 .bss.block_buffer
                0x000000002000052c      0x750 src/planner.o
 .bss.block_buffer_head
                0x0000000020000c7c        0x1 src/planner.o
 .bss.block_buffer_planned
                0x0000000020000c7d        0x1 src/planner.o
 .bss.block_buffer_tail
                0x0000000020000c7e        0x1 src/planner.o
 .bss.next_buffer_head
                0x0000000020000c7f        0x1 src/planner.o
 .bss.pl        0x0000000020000c80       0x1c src/planner.o
 .bss.line      0x0000000020000c9c       0x50 src/protocol.o
 .bss.blm0      0x0000000020000cec        0x4 src/report.o
                0x0000000020000cec                blm0
 .bss.hedef     0x0000000020000cf0        0x4 src/report.o
                0x0000000020000cf0                hedef
 .bss.satir     0x0000000020000cf4        0x4 src/report.o
                0x0000000020000cf4                satir
 .bss.serial_rx_buffer_head
                0x0000000020000cf8        0x1 src/serial.o
                0x0000000020000cf8                serial_rx_buffer_head
 .bss.serial_rx_buffer_tail
                0x0000000020000cf9        0x1 src/serial.o
                0x0000000020000cf9                serial_rx_buffer_tail
 .bss.serial_tx_buffer_head
                0x0000000020000cfa        0x1 src/serial.o
                0x0000000020000cfa                serial_tx_buffer_head
 .bss.serial_tx_buffer_tail
                0x0000000020000cfb        0x1 src/serial.o
                0x0000000020000cfb                serial_tx_buffer_tail
 .bss.pwm_gradient
                0x0000000020000cfc        0x4 src/spindle_control.o
 .bss.busy      0x0000000020000d00        0x1 src/stepper.o
 *fill*         0x0000000020000d01        0x1 
 .bss.dir_port_invert_mask
                0x0000000020000d02        0x2 src/stepper.o
 .bss.pl_block  0x0000000020000d04        0x4 src/stepper.o
 .bss.prep      0x0000000020000d08       0x38 src/stepper.o
 .bss.segment_buffer
                0x0000000020000d40       0x50 src/stepper.o
 .bss.segment_buffer_head
                0x0000000020000d90        0x1 src/stepper.o
 .bss.segment_buffer_tail
                0x0000000020000d91        0x1 src/stepper.o
 .bss.segment_next_head
                0x0000000020000d92        0x1 src/stepper.o
 *fill*         0x0000000020000d93        0x1 
 .bss.st        0x0000000020000d94       0x2c src/stepper.o
 .bss.st_block_buffer
                0x0000000020000dc0       0xb4 src/stepper.o
 .bss.st_prep_block
                0x0000000020000e74        0x4 src/stepper.o
 .bss.step_port_invert_mask
                0x0000000020000e78        0x2 src/stepper.o
 *fill*         0x0000000020000e7a        0x2 
 .bss.Data_Mul_MaxPacketSize
                0x0000000020000e7c        0x4 stm_usb_fs_lib/src/usb_core.o
                0x0000000020000e7c                Data_Mul_MaxPacketSize
 .bss.txUsbLock
                0x0000000020000e80        0x1 usb/usb_endp.o
                0x0000000020000e80                txUsbLock
 .bss.bIntPackSOF
                0x0000000020000e81        0x1 usb/usb_istr.o
                0x0000000020000e81                bIntPackSOF
 .bss.Request   0x0000000020000e82        0x1 usb/usb_prop.o
                0x0000000020000e82                Request
 *fill*         0x0000000020000e83        0x1 
 .bss.bDeviceState
                0x0000000020000e84        0x4 usb/usb_pwr.o
                0x0000000020000e84                bDeviceState
 *(COMMON)
 COMMON         0x0000000020000e88      0x400 src/eeprom.o
                0x0000000020000e88                EE_Buffer
 COMMON         0x0000000020001288       0x8c src/gcode.o
                0x0000000020001288                gc_state
                0x00000000200012cc                gc_block
 COMMON         0x0000000020001314      0x39d src/main.o
                0x0000000020001314                dizi
                0x0000000020001374                sys_rt_exec_motion_override
                0x0000000020001378                sys
                0x000000002000138c                sys_rt_exec_accessory_override
                0x000000002000138d                sys_rt_exec_state
                0x000000002000138e                sys_probe_state
                0x0000000020001390                sys_probe_position
                0x000000002000139c                sys_position
                0x00000000200013a8                sonuc
                0x00000000200013ac                RGB_Data
                0x00000000200016ac                kalan
                0x00000000200016b0                sys_rt_exec_alarm
 *fill*         0x00000000200016b1        0x1 
 COMMON         0x00000000200016b2        0x2 src/probe.o
                0x00000000200016b2                probe_invert_mask
 COMMON         0x00000000200016b4      0x17e src/serial.o
                0x00000000200016b4                serial_tx_buffer
                0x0000000020001734                serial_rx_buffer
 *fill*         0x0000000020001832        0x2 
 COMMON         0x0000000020001834       0x5c src/settings.o
                0x0000000020001834                settings
 COMMON         0x0000000020001890        0x2 stm_usb_fs_lib/src/usb_core.o
                0x0000000020001890                StatusInfo
 *fill*         0x0000000020001892        0x2 
 COMMON         0x0000000020001894       0x32 stm_usb_fs_lib/src/usb_init.o
                0x0000000020001894                SaveState
                0x0000000020001898                pProperty
                0x000000002000189c                EPindex
                0x00000000200018a0                Device_Info
                0x00000000200018bc                pUser_Standard_Requests
                0x00000000200018c0                pInformation
                0x00000000200018c4                wInterrupt_Mask
 COMMON         0x00000000200018c6        0x4 stm_usb_fs_lib/src/usb_int.o
                0x00000000200018c6                SaveRState
                0x00000000200018c8                SaveTState
 *fill*         0x00000000200018ca        0x2 
 COMMON         0x00000000200018cc       0x40 usb/usb_endp.o
                0x00000000200018cc                USB_Rx_Buffer
 COMMON         0x000000002000190c        0x2 usb/usb_istr.o
                0x000000002000190c                wIstr
 COMMON         0x000000002000190e        0x9 c:/st/stm32cubeide_1.5.0/stm32cubeide/plugins/com.st.stm32cube.ide.mcu.externaltools.gnu-tools-for-stm32.9-2020-q2-update.win32_1.5.0.202011040924/tools/bin/../lib/gcc/arm-none-eabi/9.3.1/../../../../arm-none-eabi/lib/thumb/v7-m/nofp\libc.a(lib_a-lock.o)
                0x000000002000190e                __lock___atexit_recursive_mutex
                0x000000002000190f                __lock___arc4random_mutex
                0x0000000020001910                __lock___env_recursive_mutex
                0x0000000020001911                __lock___sinit_recursive_mutex
                0x0000000020001912                __lock___malloc_recursive_mutex
                0x0000000020001913                __lock___at_quick_exit_mutex
                0x0000000020001914                __lock___dd_hash_mutex
                0x0000000020001915                __lock___tz_mutex
                0x0000000020001916                __lock___sfp_recursive_mutex
                0x0000000020001918                . = ALIGN (0x4)
 *fill*         0x0000000020001917        0x1 
                0x0000000020001918                _ebss = .
                0x0000000020001918                __bss_end__ = _ebss

._user_heap_stack
                0x0000000020001918      0x280 load address 0x000000000800baec
                0x0000000020001918                . = ALIGN (0x4)
                [!provide]                        PROVIDE (end = .)
                [!provide]                        PROVIDE (_end = .)
                0x0000000020001998                . = (. + _Min_Heap_Size)
 *fill*         0x0000000020001918       0x80 
                0x0000000020001b98                . = (. + _Min_Stack_Size)
 *fill*         0x0000000020001998      0x200 
                0x0000000020001b98                . = ALIGN (0x4)

.memory_b1_text
 *(.mb1text)
 *(.mb1text*)
 *(.mb1rodata)
 *(.mb1rodata*)

/DISCARD/
 libc.a(*)
 libm.a(*)
 libgcc.a(*)

.ARM.attributes
                0x0000000000000000       0x29
 *(.ARM.attributes)
 .ARM.attributes
                0x0000000000000000       0x1d c:/st/stm32cubeide_1.5.0/stm32cubeide/plugins/com.st.stm32cube.ide.mcu.externaltools.gnu-tools-for-stm32.9-2020-q2-update.win32_1.5.0.202011040924/tools/bin/../lib/gcc/arm-none-eabi/9.3.1/thumb/v7-m/nofp/crti.o
 .ARM.attributes
                0x000000000000001d       0x2d c:/st/stm32cubeide_1.5.0/stm32cubeide/plugins/com.st.stm32cube.ide.mcu.externaltools.gnu-tools-for-stm32.9-2020-q2-update.win32_1.5.0.202011040924/tools/bin/../lib/gcc/arm-none-eabi/9.3.1/thumb/v7-m/nofp/crtbegin.o
 .ARM.attributes
                0x000000000000004a       0x29 Libraries/STM32F10x_StdPeriph_Driver/src/misc.o
 .ARM.attributes
                0x0000000000000073       0x29 Libraries/STM32F10x_StdPeriph_Driver/src/stm32f10x_exti.o
 .ARM.attributes
                0x000000000000009c       0x29 Libraries/STM32F10x_StdPeriph_Driver/src/stm32f10x_flash.o
 .ARM.attributes
                0x00000000000000c5       0x29 Libraries/STM32F10x_StdPeriph_Driver/src/stm32f10x_gpio.o
 .ARM.attributes
                0x00000000000000ee       0x29 Libraries/STM32F10x_StdPeriph_Driver/src/stm32f10x_rcc.o
 .ARM.attributes
                0x0000000000000117       0x29 Libraries/STM32F10x_StdPeriph_Driver/src/stm32f10x_tim.o
 .ARM.attributes
                0x0000000000000140       0x29 Libraries/STM32F10x_StdPeriph_Driver/src/stm32f10x_usart.o
 .ARM.attributes
                0x0000000000000169       0x29 src/coolant_control.o
 .ARM.attributes
                0x0000000000000192       0x29 src/eeprom.o
 .ARM.attributes
                0x00000000000001bb       0x29 src/gcode.o
 .ARM.attributes
                0x00000000000001e4       0x29 src/jog.o
 .ARM.attributes
                0x000000000000020d       0x29 src/limits.o
 .ARM.attributes
                0x0000000000000236       0x29 src/main.o
 .ARM.attributes
                0x000000000000025f       0x29 src/motion_control.o
 .ARM.attributes
                0x0000000000000288       0x29 src/nuts_bolts.o
 .ARM.attributes
                0x00000000000002b1       0x29 src/planner.o
 .ARM.attributes
                0x00000000000002da       0x29 src/print.o
 .ARM.attributes
                0x0000000000000303       0x29 src/probe.o
 .ARM.attributes
                0x000000000000032c       0x29 src/protocol.o
 .ARM.attributes
                0x0000000000000355       0x29 src/report.o
 .ARM.attributes
                0x000000000000037e       0x29 src/serial.o
 .ARM.attributes
                0x00000000000003a7       0x29 src/settings.o
 .ARM.attributes
                0x00000000000003d0       0x29 src/spindle_control.o
 .ARM.attributes
                0x00000000000003f9       0x21 src/startup_stm32f10x_md.o
 .ARM.attributes
                0x000000000000041a       0x29 src/stepper.o
 .ARM.attributes
                0x0000000000000443       0x29 src/system.o
 .ARM.attributes
                0x000000000000046c       0x29 src/system_stm32f10x.o
 .ARM.attributes
                0x0000000000000495       0x29 stm_usb_fs_lib/src/usb_core.o
 .ARM.attributes
                0x00000000000004be       0x29 stm_usb_fs_lib/src/usb_init.o
 .ARM.attributes
                0x00000000000004e7       0x29 stm_usb_fs_lib/src/usb_int.o
 .ARM.attributes
                0x0000000000000510       0x29 stm_usb_fs_lib/src/usb_mem.o
 .ARM.attributes
                0x0000000000000539       0x29 stm_usb_fs_lib/src/usb_regs.o
 .ARM.attributes
                0x0000000000000562       0x29 stm_usb_fs_lib/src/usb_sil.o
 .ARM.attributes
                0x000000000000058b       0x29 usb/hw_config.o
 .ARM.attributes
                0x00000000000005b4       0x2f usb/usb_desc.o
 .ARM.attributes
                0x00000000000005e3       0x29 usb/usb_endp.o
 .ARM.attributes
                0x000000000000060c       0x29 usb/usb_istr.o
 .ARM.attributes
                0x0000000000000635       0x29 usb/usb_prop.o
 .ARM.attributes
                0x000000000000065e       0x29 usb/usb_pwr.o
 .ARM.attributes
                0x0000000000000687       0x29 util/stm32f10x_it.o
 .ARM.attributes
                0x00000000000006b0       0x2d c:/st/stm32cubeide_1.5.0/stm32cubeide/plugins/com.st.stm32cube.ide.mcu.externaltools.gnu-tools-for-stm32.9-2020-q2-update.win32_1.5.0.202011040924/tools/bin/../lib/gcc/arm-none-eabi/9.3.1/../../../../arm-none-eabi/lib/thumb/v7-m/nofp\libc.a(lib_a-impure.o)
 .ARM.attributes
                0x00000000000006dd       0x2d c:/st/stm32cubeide_1.5.0/stm32cubeide/plugins/com.st.stm32cube.ide.mcu.externaltools.gnu-tools-for-stm32.9-2020-q2-update.win32_1.5.0.202011040924/tools/bin/../lib/gcc/arm-none-eabi/9.3.1/../../../../arm-none-eabi/lib/thumb/v7-m/nofp\libc.a(lib_a-init.o)
 .ARM.attributes
                0x000000000000070a       0x2d c:/st/stm32cubeide_1.5.0/stm32cubeide/plugins/com.st.stm32cube.ide.mcu.externaltools.gnu-tools-for-stm32.9-2020-q2-update.win32_1.5.0.202011040924/tools/bin/../lib/gcc/arm-none-eabi/9.3.1/../../../../arm-none-eabi/lib/thumb/v7-m/nofp\libc.a(lib_a-memcmp.o)
 .ARM.attributes
                0x0000000000000737       0x2d c:/st/stm32cubeide_1.5.0/stm32cubeide/plugins/com.st.stm32cube.ide.mcu.externaltools.gnu-tools-for-stm32.9-2020-q2-update.win32_1.5.0.202011040924/tools/bin/../lib/gcc/arm-none-eabi/9.3.1/../../../../arm-none-eabi/lib/thumb/v7-m/nofp\libc.a(lib_a-memset.o)
 .ARM.attributes
                0x0000000000000764       0x2d c:/st/stm32cubeide_1.5.0/stm32cubeide/plugins/com.st.stm32cube.ide.mcu.externaltools.gnu-tools-for-stm32.9-2020-q2-update.win32_1.5.0.202011040924/tools/bin/../lib/gcc/arm-none-eabi/9.3.1/../../../../arm-none-eabi/lib/thumb/v7-m/nofp\libc.a(lib_a-__call_atexit.o)
 .ARM.attributes
                0x0000000000000791       0x2d c:/st/stm32cubeide_1.5.0/stm32cubeide/plugins/com.st.stm32cube.ide.mcu.externaltools.gnu-tools-for-stm32.9-2020-q2-update.win32_1.5.0.202011040924/tools/bin/../lib/gcc/arm-none-eabi/9.3.1/../../../../arm-none-eabi/lib/thumb/v7-m/nofp\libc.a(lib_a-atexit.o)
 .ARM.attributes
                0x00000000000007be       0x2d c:/st/stm32cubeide_1.5.0/stm32cubeide/plugins/com.st.stm32cube.ide.mcu.externaltools.gnu-tools-for-stm32.9-2020-q2-update.win32_1.5.0.202011040924/tools/bin/../lib/gcc/arm-none-eabi/9.3.1/../../../../arm-none-eabi/lib/thumb/v7-m/nofp\libc.a(lib_a-fini.o)
 .ARM.attributes
                0x00000000000007eb       0x2d c:/st/stm32cubeide_1.5.0/stm32cubeide/plugins/com.st.stm32cube.ide.mcu.externaltools.gnu-tools-for-stm32.9-2020-q2-update.win32_1.5.0.202011040924/tools/bin/../lib/gcc/arm-none-eabi/9.3.1/../../../../arm-none-eabi/lib/thumb/v7-m/nofp\libc.a(lib_a-lock.o)
 .ARM.attributes
                0x0000000000000818       0x2d c:/st/stm32cubeide_1.5.0/stm32cubeide/plugins/com.st.stm32cube.ide.mcu.externaltools.gnu-tools-for-stm32.9-2020-q2-update.win32_1.5.0.202011040924/tools/bin/../lib/gcc/arm-none-eabi/9.3.1/../../../../arm-none-eabi/lib/thumb/v7-m/nofp\libc.a(lib_a-__atexit.o)
 .ARM.attributes
                0x0000000000000845       0x2d c:/st/stm32cubeide_1.5.0/stm32cubeide/plugins/com.st.stm32cube.ide.mcu.externaltools.gnu-tools-for-stm32.9-2020-q2-update.win32_1.5.0.202011040924/tools/bin/../lib/gcc/arm-none-eabi/9.3.1/../../../../arm-none-eabi/lib/thumb/v7-m/nofp\libm.a(lib_a-sf_ceil.o)
 .ARM.attributes
                0x0000000000000872       0x2d c:/st/stm32cubeide_1.5.0/stm32cubeide/plugins/com.st.stm32cube.ide.mcu.externaltools.gnu-tools-for-stm32.9-2020-q2-update.win32_1.5.0.202011040924/tools/bin/../lib/gcc/arm-none-eabi/9.3.1/../../../../arm-none-eabi/lib/thumb/v7-m/nofp\libm.a(lib_a-sf_cos.o)
 .ARM.attributes
                0x000000000000089f       0x2d c:/st/stm32cubeide_1.5.0/stm32cubeide/plugins/com.st.stm32cube.ide.mcu.externaltools.gnu-tools-for-stm32.9-2020-q2-update.win32_1.5.0.202011040924/tools/bin/../lib/gcc/arm-none-eabi/9.3.1/../../../../arm-none-eabi/lib/thumb/v7-m/nofp\libm.a(lib_a-sf_floor.o)
 .ARM.attributes
                0x00000000000008cc       0x2d c:/st/stm32cubeide_1.5.0/stm32cubeide/plugins/com.st.stm32cube.ide.mcu.externaltools.gnu-tools-for-stm32.9-2020-q2-update.win32_1.5.0.202011040924/tools/bin/../lib/gcc/arm-none-eabi/9.3.1/../../../../arm-none-eabi/lib/thumb/v7-m/nofp\libm.a(lib_a-sf_lround.o)
 .ARM.attributes