Archive member included to satisfy reference by file (symbol)

c:/st/stm32cubeide_1.5.0/stm32cubeide/plugins/com.st.stm32cube.ide.mcu.externaltools.gnu-tools-for-stm32.9-2020-q2-update.win32_1.5.0.202011040924/tools/bin/../lib/gcc/arm-none-eabi/9.3.1/../../../../arm-none-eabi/lib/thumb/v7-m/nofp\libc.a(lib_a-exit.o)
                              c:/st/stm32cubeide_1.5.0/stm32cubeide/plugins/com.st.stm32cube.ide.mcu.externaltools.gnu-tools-for-stm32.9-2020-q2-update.win32_1.5.0.202011040924/tools/bin/../lib/gcc/arm-none-eabi/9.3.1/../../../../arm-none-eabi/lib/thumb/v7-m/nofp/crt0.o (exit)
c:/st/stm32cubeide_1.5.0/stm32cubeide/plugins/com.st.stm32cube.ide.mcu.externaltools.gnu-tools-for-stm32.9-2020-q2-update.win32_1.5.0.202011040924/tools/bin/../lib/gcc/arm-none-eabi/9.3.1/../../../../arm-none-eabi/lib/thumb/v7-m/nofp\libc.a(lib_a-impure.o)
                              c:/st/stm32cubeide_1.5.0/stm32cubeide/plugins/com.st.stm32cube.ide.mcu.externaltools.gnu-tools-for-stm32.9-2020-q2-update.win32_1.5.0.202011040924/tools/bin/../lib/gcc/arm-none-eabi/9.3.1/../../../../arm-none-eabi/lib/thumb/v7-m/nofp\libc.a(lib_a-exit.o) (_global_impure_ptr)
c:/st/stm32cubeide_1.5.0/stm32cubeide/plugins/com.st.stm32cube.ide.mcu.externaltools.gnu-tools-for-stm32.9-2020-q2-update.win32_1.5.0.202011040924/tools/bin/../lib/gcc/arm-none-eabi/9.3.1/../../../../arm-none-eabi/lib/thumb/v7-m/nofp\libc.a(lib_a-init.o)
                              c:/st/stm32cubeide_1.5.0/stm32cubeide/plugins/com.st.stm32cube.ide.mcu.externaltools.gnu-tools-for-stm32.9-2020-q2-update.win32_1.5.0.202011040924/tools/bin/../lib/gcc/arm-none-eabi/9.3.1/../../../../arm-none-eabi/lib/thumb/v7-m/nofp/crt0.o (__libc_init_array)
c:/st/stm32cubeide_1.5.0/stm32cubeide/plugins/com.st.stm32cube.ide.mcu.externaltools.gnu-tools-for-stm32.9-2020-q2-update.win32_1.5.0.202011040924/tools/bin/../lib/gcc/arm-none-eabi/9.3.1/../../../../arm-none-eabi/lib/thumb/v7-m/nofp\libc.a(lib_a-memcmp.o)
                              src/gcode.o (memcmp)
c:/st/stm32cubeide_1.5.0/stm32cubeide/plugins/com.st.stm32cube.ide.mcu.externaltools.gnu-tools-for-stm32.9-2020-q2-update.win32_1.5.0.202011040924/tools/bin/../lib/gcc/arm-none-eabi/9.3.1/../../../../arm-none-eabi/lib/thumb/v7-m/nofp\libc.a(lib_a-memset.o)
                              c:/st/stm32cubeide_1.5.0/stm32cubeide/plugins/com.st.stm32cube.ide.mcu.externaltools.gnu-tools-for-stm32.9-2020-q2-update.win32_1.5.0.202011040924/tools/bin/../lib/gcc/arm-none-eabi/9.3.1/../../../../arm-none-eabi/lib/thumb/v7-m/nofp/crt0.o (memset)
c:/st/stm32cubeide_1.5.0/stm32cubeide/plugins/com.st.stm32cube.ide.mcu.externaltools.gnu-tools-for-stm32.9-2020-q2-update.win32_1.5.0.202011040924/tools/bin/../lib/gcc/arm-none-eabi/9.3.1/../../../../arm-none-eabi/lib/thumb/v7-m/nofp\libc.a(lib_a-__call_atexit.o)
                              c:/st/stm32cubeide_1.5.0/stm32cubeide/plugins/com.st.stm32cube.ide.mcu.externaltools.gnu-tools-for-stm32.9-2020-q2-update.win32_1.5.0.202011040924/tools/bin/../lib/gcc/arm-none-eabi/9.3.1/../../../../arm-none-eabi/lib/thumb/v7-m/nofp\libc.a(lib_a-exit.o) (__call_exitprocs)
c:/st/stm32cubeide_1.5.0/stm32cubeide/plugins/com.st.stm32cube.ide.mcu.externaltools.gnu-tools-for-stm32.9-2020-q2-update.win32_1.5.0.202011040924/tools/bin/../lib/gcc/arm-none-eabi/9.3.1/../../../../arm-none-eabi/lib/thumb/v7-m/nofp\libc.a(lib_a-atexit.o)
                              c:/st/stm32cubeide_1.5.0/stm32cubeide/plugins/com.st.stm32cube.ide.mcu.externaltools.gnu-tools-for-stm32.9-2020-q2-update.win32_1.5.0.202011040924/tools/bin/../lib/gcc/arm-none-eabi/9.3.1/../../../../arm-none-eabi/lib/thumb/v7-m/nofp\libc.a(lib_a-__call_atexit.o) (atexit)
c:/st/stm32cubeide_1.5.0/stm32cubeide/plugins/com.st.stm32cube.ide.mcu.externaltools.gnu-tools-for-stm32.9-2020-q2-update.win32_1.5.0.202011040924/tools/bin/../lib/gcc/arm-none-eabi/9.3.1/../../../../arm-none-eabi/lib/thumb/v7-m/nofp\libc.a(lib_a-fini.o)
                              c:/st/stm32cubeide_1.5.0/stm32cubeide/plugins/com.st.stm32cube.ide.mcu.externaltools.gnu-tools-for-stm32.9-2020-q2-update.win32_1.5.0.202011040924/tools/bin/../lib/gcc/arm-none-eabi/9.3.1/../../../../arm-none-eabi/lib/thumb/v7-m/nofp\libc.a(lib_a-__call_atexit.o) (__libc_fini_array)
c:/st/stm32cubeide_1.5.0/stm32cubeide/plugins/com.st.stm32cube.ide.mcu.externaltools.gnu-tools-for-stm32.9-2020-q2-update.win32_1.5.0.202011040924/tools/bin/../lib/gcc/arm-none-eabi/9.3.1/../../../../arm-none-eabi/lib/thumb/v7-m/nofp\libc.a(lib_a-lock.o)
                              c:/st/stm32cubeide_1.5.0/stm32cubeide/plugins/com.st.stm32cube.ide.mcu.externaltools.gnu-tools-for-stm32.9-2020-q2-update.win32_1.5.0.202011040924/tools/bin/../lib/gcc/arm-none-eabi/9.3.1/../../../../arm-none-eabi/lib/thumb/v7-m/nofp\libc.a(lib_a-__call_atexit.o) (__retarget_lock_acquire_recursive)
[...]
Memory Configuration

Name             Origin             Length             Attributes
FLASH            0x0000000008000000 0x0000000000010000 xr
RAM              0x0000000020000000 0x0000000000005000 xrw
MEMORY_B1        0x0000000060000000 0x0000000000000000 xr
*default*        0x0000000000000000 0xffffffffffffffff

Linker script and memory map

LOAD c:/st/stm32cubeide_1.5.0/stm32cubeide/plugins/com.st.stm32cube.ide.mcu.externaltools.gnu-tools-for-stm32.9-2020-q2-update.win32_1.5.0.202011040924/tools/bin/../lib/gcc/arm-none-eabi/9.3.1/thumb/v7-m/nofp/crti.o
LOAD c:/st/stm32cubeide_1.5.0/stm32cubeide/plugins/com.st.stm32cube.ide.mcu.externaltools.gnu-tools-for-stm32.9-2020-q2-update.win32_1.5.0.202011040924/tools/bin/../lib/gcc/arm-none-eabi/9.3.1/thumb/v7-m/nofp/crtbegin.o
LOAD c:/st/stm32cubeide_1.5.0/stm32cubeide/plugins/com.st.stm32cube.ide.mcu.externaltools.gnu-tools-for-stm32.9-2020-q2-update.win32_1.5.0.202011040924/tools/bin/../lib/gcc/arm-none-eabi/9.3.1/../../../../arm-none-eabi/lib/thumb/v7-m/nofp/crt0.o
LOAD Libraries/STM32F10x_StdPeriph_Driver/src/misc.o
LOAD Libraries/STM32F10x_StdPeriph_Driver/src/stm32f10x_adc.o
LOAD Libraries/STM32F10x_StdPeriph_Driver/src/stm32f10x_bkp.o
LOAD Libraries/STM32F10x_StdPeriph_Driver/src/stm32f10x_can.o
LOAD Libraries/STM32F10x_StdPeriph_Driver/src/stm32f10x_cec.o
LOAD Libraries/STM32F10x_StdPeriph_Driver/src/stm32f10x_crc.o
LOAD Libraries/STM32F10x_StdPeriph_Driver/src/stm32f10x_dac.o
LOAD Libraries/STM32F10x_StdPeriph_Driver/src/stm32f10x_dbgmcu.o
LOAD Libraries/STM32F10x_StdPeriph_Driver/src/stm32f10x_dma.o
LOAD Libraries/STM32F10x_StdPeriph_Driver/src/stm32f10x_exti.o
LOAD Libraries/STM32F10x_StdPeriph_Driver/src/stm32f10x_flash.o
LOAD Libraries/STM32F10x_StdPeriph_Driver/src/stm32f10x_fsmc.o
LOAD Libraries/STM32F10x_StdPeriph_Driver/src/stm32f10x_gpio.o
LOAD Libraries/STM32F10x_StdPeriph_Driver/src/stm32f10x_i2c.o
LOAD Libraries/STM32F10x_StdPeriph_Driver/src/stm32f10x_iwdg.o
LOAD Libraries/STM32F10x_StdPeriph_Driver/src/stm32f10x_pwr.o
LOAD Libraries/STM32F10x_StdPeriph_Driver/src/stm32f10x_rcc.o
LOAD Libraries/STM32F10x_StdPeriph_Driver/src/stm32f10x_rtc.o
LOAD Libraries/STM32F10x_StdPeriph_Driver/src/stm32f10x_sdio.o
LOAD Libraries/STM32F10x_StdPeriph_Driver/src/stm32f10x_spi.o
LOAD Libraries/STM32F10x_StdPeriph_Driver/src/stm32f10x_tim.o
LOAD Libraries/STM32F10x_StdPeriph_Driver/src/stm32f10x_usart.o
LOAD Libraries/STM32F10x_StdPeriph_Driver/src/stm32f10x_wwdg.o
LOAD src/coolant_control.o
LOAD src/eeprom.o
LOAD src/gcode.o
LOAD src/jog.o
LOAD src/limits.o
LOAD src/main.o
LOAD src/motion_control.o
LOAD src/nuts_bolts.o
LOAD src/planner.o
LOAD src/print.o
LOAD src/probe.o
LOAD src/protocol.o
LOAD src/report.o
LOAD src/serial.o
LOAD src/settings.o
LOAD src/spindle_control.o
LOAD src/startup_stm32f10x_md.o
LOAD src/stepper.o
LOAD src/system.o
LOAD src/system_stm32f10x.o
LOAD stm_usb_fs_lib/src/usb_core.o
LOAD stm_usb_fs_lib/src/usb_init.o
LOAD stm_usb_fs_lib/src/usb_int.o
LOAD stm_usb_fs_lib/src/usb_mem.o
LOAD stm_usb_fs_lib/src/usb_regs.o
LOAD stm_usb_fs_lib/src/usb_sil.o
LOAD usb/hw_config.o
LOAD usb/usb_desc.o
LOAD usb/usb_endp.o
LOAD usb/usb_istr.o
LOAD usb/usb_prop.o
LOAD usb/usb_pwr.o
LOAD util/stm32f10x_it.o
START GROUP
LOAD c:/st/stm32cubeide_1.5.0/stm32cubeide/plugins/com.st.stm32cube.ide.mcu.externaltools.gnu-tools-for-stm32.9-2020-q2-update.win32_1.5.0.202011040924/tools/bin/../lib/gcc/arm-none-eabi/9.3.1/../../../../arm-none-eabi/lib/thumb/v7-m/nofp\libc.a
LOAD c:/st/stm32cubeide_1.5.0/stm32cubeide/plugins/com.st.stm32cube.ide.mcu.externaltools.gnu-tools-for-stm32.9-2020-q2-update.win32_1.5.0.202011040924/tools/bin/../lib/gcc/arm-none-eabi/9.3.1/../../../../arm-none-eabi/lib/thumb/v7-m/nofp\libm.a
END GROUP
START GROUP
LOAD c:/st/stm32cubeide_1.5.0/stm32cubeide/plugins/com.st.stm32cube.ide.mcu.externaltools.gnu-tools-for-stm32.9-2020-q2-update.win32_1.5.0.202011040924/tools/bin/../lib/gcc/arm-none-eabi/9.3.1/thumb/v7-m/nofp\libgcc.a
LOAD c:/st/stm32cubeide_1.5.0/stm32cubeide/plugins/com.st.stm32cube.ide.mcu.externaltools.gnu-tools-for-stm32.9-2020-q2-update.win32_1.5.0.202011040924/tools/bin/../lib/gcc/arm-none-eabi/9.3.1/../../../../arm-none-eabi/lib/thumb/v7-m/nofp\libc.a
END GROUP
START GROUP
LOAD c:/st/stm32cubeide_1.5.0/stm32cubeide/plugins/com.st.stm32cube.ide.mcu.externaltools.gnu-tools-for-stm32.9-2020-q2-update.win32_1.5.0.202011040924/tools/bin/../lib/gcc/arm-none-eabi/9.3.1/thumb/v7-m/nofp\libgcc.a
LOAD c:/st/stm32cubeide_1.5.0/stm32cubeide/plugins/com.st.stm32cube.ide.mcu.externaltools.gnu-tools-for-stm32.9-2020-q2-update.win32_1.5.0.202011040924/tools/bin/../lib/gcc/arm-none-eabi/9.3.1/../../../../arm-none-eabi/lib/thumb/v7-m/nofp\libc.a
LOAD c:/st/stm32cubeide_1.5.0/stm32cubeide/plugins/com.st.stm32cube.ide.mcu.externaltools.gnu-tools-for-stm32.9-2020-q2-update.win32_1.5.0.202011040924/tools/bin/../lib/gcc/arm-none-eabi/9.3.1/../../../../arm-none-eabi/lib/thumb/v7-m/nofp\libnosys.a
END GROUP
LOAD c:/st/stm32cubeide_1.5.0/stm32cubeide/plugins/com.st.stm32cube.ide.mcu.externaltools.gnu-tools-for-stm32.9-2020-q2-update.win32_1.5.0.202011040924/tools/bin/../lib/gcc/arm-none-eabi/9.3.1/thumb/v7-m/nofp/crtend.o
LOAD c:/st/stm32cubeide_1.5.0/stm32cubeide/plugins/com.st.stm32cube.ide.mcu.externaltools.gnu-tools-for-stm32.9-2020-q2-update.win32_1.5.0.202011040924/tools/bin/../lib/gcc/arm-none-eabi/9.3.1/thumb/v7-m/nofp/crtn.o
                0x0000000020005000                _estack = 0x20005000
                0x0000000000000080                _Min_Heap_Size = 0x80
                0x0000000000000200                _Min_Stack_Size = 0x200

.isr_vector     0x0000000008000000      0x10c
                0x0000000008000000                . = ALIGN (0x4)
 *(.isr_vector)
 .isr_vector    0x0000000008000000      0x10c src/startup_stm32f10x_md.o
                0x0000000008000000                g_pfnVectors
                0x000000000800010c                . = ALIGN (0x4)

.text           0x0000000008000110     0xa728
                0x0000000008000110                . = ALIGN (0x4)
 *(.text)
 .text          0x0000000008000110       0x40 c:/st/stm32cubeide_1.5.0/stm32cubeide/plugins/com.st.stm32cube.ide.mcu.externaltools.gnu-tools-for-stm32.9-2020-q2-update.win32_1.5.0.202011040924/tools/bin/../lib/gcc/arm-none-eabi/9.3.1/thumb/v7-m/nofp/crtbegin.o
 .text          0x0000000008000150      0x378 c:/st/stm32cubeide_1.5.0/stm32cubeide/plugins/com.st.stm32cube.ide.mcu.externaltools.gnu-tools-for-stm32.9-2020-q2-update.win32_1.5.0.202011040924/tools/bin/../lib/gcc/arm-none-eabi/9.3.1/thumb/v7-m/nofp\libgcc.a(_arm_addsubdf3.o)
                0x0000000008000150                __aeabi_drsub
                0x0000000008000158                __aeabi_dsub
                0x0000000008000158                __subdf3
                0x000000000800015c                __aeabi_dadd
                0x000000000800015c                __adddf3
                0x00000000080003d4                __floatunsidf
                0x00000000080003d4                __aeabi_ui2d
                0x00000000080003f4                __floatsidf
                0x00000000080003f4                __aeabi_i2d
                0x0000000008000418                __aeabi_f2d
                0x0000000008000418                __extendsfdf2
                0x000000000800045c                __floatundidf
                0x000000000800045c                __aeabi_ul2d
                0x000000000800046c                __floatdidf
                0x000000000800046c                __aeabi_l2d
 .text          0x00000000080004c8      0x110 c:/st/stm32cubeide_1.5.0/stm32cubeide/plugins/com.st.stm32cube.ide.mcu.externaltools.gnu-tools-for-stm32.9-2020-q2-update.win32_1.5.0.202011040924/tools/bin/../lib/gcc/arm-none-eabi/9.3.1/thumb/v7-m/nofp\libgcc.a(_arm_cmpdf2.o)
                0x00000000080004c8                __gtdf2
                0x00000000080004c8                __gedf2
                0x00000000080004d0                __ltdf2
                0x00000000080004d0                __ledf2
                0x00000000080004d8                __nedf2
                0x00000000080004d8                __eqdf2
                0x00000000080004d8                __cmpdf2
                0x0000000008000554                __aeabi_cdrcmple
                0x0000000008000564                __aeabi_cdcmpeq
                0x0000000008000564                __aeabi_cdcmple
                0x0000000008000574                __aeabi_dcmpeq
                0x0000000008000588                __aeabi_dcmplt
                0x000000000800059c                __aeabi_dcmple
                0x00000000080005b0                __aeabi_dcmpge
                0x00000000080005c4                __aeabi_dcmpgt
 .text          0x00000000080005d8       0xa0 c:/st/stm32cubeide_1.5.0/stm32cubeide/plugins/com.st.stm32cube.ide.mcu.externaltools.gnu-tools-for-stm32.9-2020-q2-update.win32_1.5.0.202011040924/tools/bin/../lib/gcc/arm-none-eabi/9.3.1/thumb/v7-m/nofp\libgcc.a(_arm_truncdfsf2.o)
                0x00000000080005d8                __truncdfsf2
                0x00000000080005d8                __aeabi_d2f
 .text          0x0000000008000678      0x21c c:/st/stm32cubeide_1.5.0/stm32cubeide/plugins/com.st.stm32cube.ide.mcu.externaltools.gnu-tools-for-stm32.9-2020-q2-update.win32_1.5.0.202011040924/tools/bin/../lib/gcc/arm-none-eabi/9.3.1/thumb/v7-m/nofp\libgcc.a(_arm_addsubsf3.o)
                0x0000000008000678                __aeabi_frsub
                0x0000000008000680                __subsf3
                0x0000000008000680                __aeabi_fsub
                0x0000000008000684                __aeabi_fadd
                0x0000000008000684                __addsf3
                0x00000000080007e4                __aeabi_ui2f
                0x00000000080007e4                __floatunsisf
                0x00000000080007ec                __aeabi_i2f
                0x00000000080007ec                __floatsisf
                0x0000000008000808                __aeabi_ul2f
                0x0000000008000808                __floatundisf
                0x0000000008000818                __aeabi_l2f
                0x0000000008000818                __floatdisf
 .text          0x0000000008000894      0x2a0 c:/st/stm32cubeide_1.5.0/stm32cubeide/plugins/com.st.stm32cube.ide.mcu.externaltools.gnu-tools-for-stm32.9-2020-q2-update.win32_1.5.0.202011040924/tools/bin/../lib/gcc/arm-none-eabi/9.3.1/thumb/v7-m/nofp\libgcc.a(_arm_muldivsf3.o)
                0x0000000008000894                __mulsf3
                0x0000000008000894                __aeabi_fmul
                0x00000000080009fc                __aeabi_fdiv
                0x00000000080009fc                __divsf3
 .text          0x0000000008000b34       0xec c:/st/stm32cubeide_1.5.0/stm32cubeide/plugins/com.st.stm32cube.ide.mcu.externaltools.gnu-tools-for-stm32.9-2020-q2-update.win32_1.5.0.202011040924/tools/bin/../lib/gcc/arm-none-eabi/9.3.1/thumb/v7-m/nofp\libgcc.a(_arm_cmpsf2.o)
                0x0000000008000b34                __gesf2
                0x0000000008000b34                __gtsf2
                0x0000000008000b3c                __lesf2
                0x0000000008000b3c                __ltsf2
                0x0000000008000b44                __nesf2
                0x0000000008000b44                __eqsf2
                0x0000000008000b44                __cmpsf2
                0x0000000008000ba4                __aeabi_cfrcmple
                0x0000000008000bac                __aeabi_cfcmpeq
                0x0000000008000bac                __aeabi_cfcmple
                0x0000000008000bbc                __aeabi_fcmpeq
                0x0000000008000bd0                __aeabi_fcmplt
                0x0000000008000be4                __aeabi_fcmple
                0x0000000008000bf8                __aeabi_fcmpge
                0x0000000008000c0c                __aeabi_fcmpgt
 .text          0x0000000008000c20       0x2c c:/st/stm32cubeide_1.5.0/stm32cubeide/plugins/com.st.stm32cube.ide.mcu.externaltools.gnu-tools-for-stm32.9-2020-q2-update.win32_1.5.0.202011040924/tools/bin/../lib/gcc/arm-none-eabi/9.3.1/thumb/v7-m/nofp\libgcc.a(_arm_unordsf2.o)
                0x0000000008000c20                __unordsf2
                0x0000000008000c20                __aeabi_fcmpun
 .text          0x0000000008000c4c       0x4c c:/st/stm32cubeide_1.5.0/stm32cubeide/plugins/com.st.stm32cube.ide.mcu.externaltools.gnu-tools-for-stm32.9-2020-q2-update.win32_1.5.0.202011040924/tools/bin/../lib/gcc/arm-none-eabi/9.3.1/thumb/v7-m/nofp\libgcc.a(_arm_fixsfsi.o)
                0x0000000008000c4c                __aeabi_f2iz
                0x0000000008000c4c                __fixsfsi
 .text          0x0000000008000c98       0x40 c:/st/stm32cubeide_1.5.0/stm32cubeide/plugins/com.st.stm32cube.ide.mcu.externaltools.gnu-tools-for-stm32.9-2020-q2-update.win32_1.5.0.202011040924/tools/bin/../lib/gcc/arm-none-eabi/9.3.1/thumb/v7-m/nofp\libgcc.a(_arm_fixunssfsi.o)
                0x0000000008000c98                __fixunssfsi
                0x0000000008000c98                __aeabi_f2uiz
 *(.text*)
 .text.NVIC_PriorityGroupConfig
                0x0000000008000cd8       0x14 Libraries/STM32F10x_StdPeriph_Driver/src/misc.o
                0x0000000008000cd8                NVIC_PriorityGroupConfig
 .text.NVIC_Init
                0x0000000008000cec       0x64 Libraries/STM32F10x_StdPeriph_Driver/src/misc.o
                0x0000000008000cec                NVIC_Init
 .text.EXTI_Init
                0x0000000008000d50       0x80 Libraries/STM32F10x_StdPeriph_Driver/src/stm32f10x_exti.o
                0x0000000008000d50                EXTI_Init
 .text.EXTI_GetITStatus
                0x0000000008000dd0       0x1c Libraries/STM32F10x_StdPeriph_Driver/src/stm32f10x_exti.o
                0x0000000008000dd0                EXTI_GetITStatus
 .text.EXTI_ClearITPendingBit
                0x0000000008000dec        0xc Libraries/STM32F10x_StdPeriph_Driver/src/stm32f10x_exti.o
                0x0000000008000dec                EXTI_ClearITPendingBit
 .text.FLASH_Unlock
                0x0000000008000df8       0x18 Libraries/STM32F10x_StdPeriph_Driver/src/stm32f10x_flash.o
                0x0000000008000df8                FLASH_Unlock
 .text.FLASH_ErasePage
                0x0000000008000e10       0xd0 Libraries/STM32F10x_StdPeriph_Driver/src/stm32f10x_flash.o
                0x0000000008000e10                FLASH_ErasePage
 .text.FLASH_ProgramHalfWord
                0x0000000008000ee0       0xc8 Libraries/STM32F10x_StdPeriph_Driver/src/stm32f10x_flash.o
                0x0000000008000ee0                FLASH_ProgramHalfWord
 .text.GPIO_Init
                0x0000000008000fa8      0x30c Libraries/STM32F10x_StdPeriph_Driver/src/stm32f10x_gpio.o
                0x0000000008000fa8                GPIO_Init
 .text.GPIO_ReadInputData
                0x00000000080012b4        0x8 Libraries/STM32F10x_StdPeriph_Driver/src/stm32f10x_gpio.o
                0x00000000080012b4                GPIO_ReadInputData
 .text.GPIO_ReadOutputData
                0x00000000080012bc        0x8 Libraries/STM32F10x_StdPeriph_Driver/src/stm32f10x_gpio.o
                0x00000000080012bc                GPIO_ReadOutputData
 .text.GPIO_SetBits
                0x00000000080012c4        0x4 Libraries/STM32F10x_StdPeriph_Driver/src/stm32f10x_gpio.o
                0x00000000080012c4                GPIO_SetBits
 .text.GPIO_ResetBits
                0x00000000080012c8        0x4 Libraries/STM32F10x_StdPeriph_Driver/src/stm32f10x_gpio.o
                0x00000000080012c8                GPIO_ResetBits
 .text.GPIO_WriteBit
                0x00000000080012cc        0xc Libraries/STM32F10x_StdPeriph_Driver/src/stm32f10x_gpio.o
                0x00000000080012cc                GPIO_WriteBit
 .text.GPIO_PinRemapConfig
                0x00000000080012d8       0x6c Libraries/STM32F10x_StdPeriph_Driver/src/stm32f10x_gpio.o
                0x00000000080012d8                GPIO_PinRemapConfig
 .text.GPIO_EXTILineConfig
                0x0000000008001344       0x30 Libraries/STM32F10x_StdPeriph_Driver/src/stm32f10x_gpio.o
                0x0000000008001344                GPIO_EXTILineConfig
 .text.RCC_USBCLKConfig
                0x0000000008001374        0xc Libraries/STM32F10x_StdPeriph_Driver/src/stm32f10x_rcc.o
                0x0000000008001374                RCC_USBCLKConfig
 .text.RCC_APB2PeriphClockCmd
                0x0000000008001380       0x18 Libraries/STM32F10x_StdPeriph_Driver/src/stm32f10x_rcc.o
                0x0000000008001380                RCC_APB2PeriphClockCmd
 .text.RCC_APB1PeriphClockCmd
                0x0000000008001398       0x18 Libraries/STM32F10x_StdPeriph_Driver/src/stm32f10x_rcc.o
                0x0000000008001398                RCC_APB1PeriphClockCmd
 .text.TIM_TimeBaseInit
                0x00000000080013b0       0xac Libraries/STM32F10x_StdPeriph_Driver/src/stm32f10x_tim.o
                0x00000000080013b0                TIM_TimeBaseInit
 .text.TIM_OC1Init
                0x000000000800145c       0x8c Libraries/STM32F10x_StdPeriph_Driver/src/stm32f10x_tim.o
                0x000000000800145c                TIM_OC1Init
 .text.TIM_TimeBaseStructInit
                0x00000000080014e8       0x10 Libraries/STM32F10x_StdPeriph_Driver/src/stm32f10x_tim.o
                0x00000000080014e8                TIM_TimeBaseStructInit
 .text.TIM_Cmd  0x00000000080014f8       0x1c Libraries/STM32F10x_StdPeriph_Driver/src/stm32f10x_tim.o
                0x00000000080014f8                TIM_Cmd
 .text.TIM_CtrlPWMOutputs
                0x0000000008001514       0x20 Libraries/STM32F10x_StdPeriph_Driver/src/stm32f10x_tim.o
                0x0000000008001514                TIM_CtrlPWMOutputs
 .text.TIM_ITConfig
                0x0000000008001534       0x14 Libraries/STM32F10x_StdPeriph_Driver/src/stm32f10x_tim.o
                0x0000000008001534                TIM_ITConfig
 .text.TIM_OC1PreloadConfig
                0x0000000008001548       0x10 Libraries/STM32F10x_StdPeriph_Driver/src/stm32f10x_tim.o
                0x0000000008001548                TIM_OC1PreloadConfig
 .text.TIM_ClearITPendingBit
                0x0000000008001558        0x8 Libraries/STM32F10x_StdPeriph_Driver/src/stm32f10x_tim.o
                0x0000000008001558                TIM_ClearITPendingBit
 .text.coolant_init
                0x0000000008001560       0x50 src/coolant_control.o
                0x0000000008001560                coolant_init
 .text.coolant_get_state
                0x00000000080015b0       0x24 src/coolant_control.o
                0x00000000080015b0                coolant_get_state
 .text.coolant_stop
                0x00000000080015d4       0x1c src/coolant_control.o
                0x00000000080015d4                coolant_stop
 .text.coolant_set_state
                0x00000000080015f0       0x4c src/coolant_control.o
                0x00000000080015f0                coolant_set_state
 .text.coolant_sync
                0x000000000800163c       0x54 src/coolant_control.o
                0x000000000800163c                coolant_sync
 .text.eeprom_init
                0x0000000008001690       0x3c src/eeprom.o
                0x0000000008001690                eeprom_init
 .text.eeprom_get_char
                0x00000000080016cc        0xc src/eeprom.o
                0x00000000080016cc                eeprom_get_char
 .text.eeprom_put_char
                0x00000000080016d8        0xc src/eeprom.o
                0x00000000080016d8                eeprom_put_char
 .text.memcpy_to_eeprom_with_checksum
                0x00000000080016e4       0x9c src/eeprom.o
                0x00000000080016e4                memcpy_to_eeprom_with_checksum
 .text.memcpy_from_eeprom_with_checksum
                0x0000000008001780       0x4c src/eeprom.o
                0x0000000008001780                memcpy_from_eeprom_with_checksum
 .text.gc_init  0x00000000080017cc       0x2c src/gcode.o
                0x00000000080017cc                gc_init
 .text.gc_sync_position
                0x00000000080017f8       0x10 src/gcode.o
                0x00000000080017f8                gc_sync_position
 .text.gc_execute_line
                0x0000000008001808     0x1398 src/gcode.o
                0x0000000008001808                gc_execute_line
 .text.jog_execute
                0x0000000008002ba0       0x64 src/jog.o
                0x0000000008002ba0                jog_execute
 .text.limits_init
                0x0000000008002c04       0x9c src/limits.o
                0x0000000008002c04                limits_init
 .text.limits_disable
                0x0000000008002ca0       0x10 src/limits.o
                0x0000000008002ca0                limits_disable
 .text.limits_get_state
                0x0000000008002cb0       0x50 src/limits.o
                0x0000000008002cb0                limits_get_state
 .text.EXTI15_10_IRQHandler
                0x0000000008002d00       0x74 src/limits.o
                0x0000000008002d00                EXTI15_10_IRQHandler
 .text.limits_go_home
                0x0000000008002d74      0x3dc src/limits.o
                0x0000000008002d74                limits_go_home
 .text.limits_soft_check
                0x0000000008003150       0x40 src/limits.o
                0x0000000008003150                limits_soft_check
 .text.startup.main
                0x0000000008003190      0x10c src/main.o
                0x0000000008003190                main
 .text._delay_ms
                0x000000000800329c       0x30 src/main.o
                0x000000000800329c                _delay_ms
 .text.LedBlink
                0x00000000080032cc       0x24 src/main.o
                0x00000000080032cc                LedBlink
 .text.mc_line  0x00000000080032f0       0x68 src/motion_control.o
                0x00000000080032f0                mc_line
 .text.mc_arc   0x0000000008003358      0x358 src/motion_control.o
                0x0000000008003358                mc_arc
 .text.mc_dwell
                0x00000000080036b0       0x24 src/motion_control.o
                0x00000000080036b0                mc_dwell
 .text.mc_homing_cycle
                0x00000000080036d4       0x44 src/motion_control.o
                0x00000000080036d4                mc_homing_cycle
 .text.mc_probe_cycle
                0x0000000008003718       0xd0 src/motion_control.o
                0x0000000008003718                mc_probe_cycle
 .text.mc_reset
                0x00000000080037e8       0x60 src/motion_control.o
                0x00000000080037e8                mc_reset
 .text.read_float
                0x0000000008003848      0x128 src/nuts_bolts.o
                0x0000000008003848                read_float
 .text.delay_sec
                0x0000000008003970       0x70 src/nuts_bolts.o
                0x0000000008003970                delay_sec
 .text.delay_ms
                0x00000000080039e0       0x20 src/nuts_bolts.o
                0x00000000080039e0                delay_ms
 .text.hypot_f  0x0000000008003a00       0x24 src/nuts_bolts.o
                0x0000000008003a00                hypot_f
 .text.convert_delta_vector_to_unit_vector
                0x0000000008003a24       0x94 src/nuts_bolts.o
                0x0000000008003a24                convert_delta_vector_to_unit_vector
 .text.limit_value_by_axis_maximum
                0x0000000008003ab8       0x84 src/nuts_bolts.o
                0x0000000008003ab8                limit_value_by_axis_maximum
 .text.planner_recalculate
                0x0000000008003b3c      0x204 src/planner.o
 .text.plan_reset
                0x0000000008003d40       0x40 src/planner.o
                0x0000000008003d40                plan_reset
 .text.plan_discard_current_block
                0x0000000008003d80       0x38 src/planner.o
                0x0000000008003d80                plan_discard_current_block
 .text.plan_get_system_motion_block
                0x0000000008003db8       0x18 src/planner.o
                0x0000000008003db8                plan_get_system_motion_block
 .text.plan_get_current_block
                0x0000000008003dd0       0x24 src/planner.o
                0x0000000008003dd0                plan_get_current_block
 .text.plan_get_exec_block_exit_speed_sqr
                0x0000000008003df4       0x34 src/planner.o
                0x0000000008003df4                plan_get_exec_block_exit_speed_sqr
 .text.plan_check_full_buffer
                0x0000000008003e28       0x1c src/planner.o
                0x0000000008003e28                plan_check_full_buffer
 .text.plan_compute_profile_nominal_speed
                0x0000000008003e44       0x6c src/planner.o
                0x0000000008003e44                plan_compute_profile_nominal_speed
 .text.plan_update_velocity_profile_parameters
                0x0000000008003eb0      0x108 src/planner.o
                0x0000000008003eb0                plan_update_velocity_profile_parameters
 .text.plan_buffer_line
                0x0000000008003fb8      0x44c src/planner.o
                0x0000000008003fb8                plan_buffer_line
 .text.plan_sync_position
                0x0000000008004404       0x1c src/planner.o
                0x0000000008004404                plan_sync_position
 .text.plan_get_block_buffer_available
                0x0000000008004420       0x24 src/planner.o
                0x0000000008004420                plan_get_block_buffer_available
 .text.plan_cycle_reinitialize
                0x0000000008004444       0x20 src/planner.o
                0x0000000008004444                plan_cycle_reinitialize
 .text.printString
                0x0000000008004464       0x18 src/print.o
                0x0000000008004464                printString
 .text.print_uint8_base10
                0x000000000800447c       0x7c src/print.o
                0x000000000800447c                print_uint8_base10
 .text.printFloat
                0x00000000080044f8      0x1ec src/print.o
                0x00000000080044f8                printFloat
 .text.printFloat_CoordValue
                0x00000000080046e4      0x214 src/print.o
                0x00000000080046e4                printFloat_CoordValue
 .text.printFloat_RateValue
                0x00000000080048f8      0x13c src/print.o
                0x00000000080048f8                printFloat_RateValue
 .text.probe_init
                0x0000000008004a34       0x44 src/probe.o
                0x0000000008004a34                probe_init
 .text.probe_configure_invert_mask
                0x0000000008004a78       0x28 src/probe.o
                0x0000000008004a78                probe_configure_invert_mask
 .text.probe_get_state
                0x0000000008004aa0       0x20 src/probe.o
                0x0000000008004aa0                probe_get_state
 .text.probe_state_monitor
                0x0000000008004ac0       0x48 src/probe.o
                0x0000000008004ac0                probe_state_monitor
 .text.protocol_auto_cycle_start
                0x0000000008004b08       0x14 src/protocol.o
                0x0000000008004b08                protocol_auto_cycle_start
 .text.protocol_exec_rt_system
                0x0000000008004b1c      0x3c8 src/protocol.o
                0x0000000008004b1c                protocol_exec_rt_system
 .text.protocol_exec_rt_suspend
                0x0000000008004ee4      0x258 src/protocol.o
 .text.protocol_execute_realtime
                0x000000000800513c       0x1c src/protocol.o
                0x000000000800513c                protocol_execute_realtime
 .text.protocol_main_loop
                0x0000000008005158      0x174 src/protocol.o
                0x0000000008005158                protocol_main_loop
 .text.protocol_buffer_synchronize
                0x00000000080052cc       0x38 src/protocol.o
                0x00000000080052cc                protocol_buffer_synchronize
 .text.report_status_message
                0x0000000008005304       0x30 src/report.o
                0x0000000008005304                report_status_message
 .text.report_alarm_message
                0x0000000008005334       0x2c src/report.o
                0x0000000008005334                report_alarm_message
 .text.report_feedback_message
                0x0000000008005360       0xbc src/report.o
                0x0000000008005360                report_feedback_message
 .text.report_init_message
                0x000000000800541c        0xc src/report.o
                0x000000000800541c                report_init_message
 .text.report_grbl_help
                0x0000000008005428        0xc src/report.o
                0x0000000008005428                report_grbl_help
 .text.report_grbl_settings
                0x0000000008005434      0x3f8 src/report.o
                0x0000000008005434                report_grbl_settings
 .text.report_probe_parameters
                0x000000000800582c       0x60 src/report.o
                0x000000000800582c                report_probe_parameters
 .text.report_ngc_parameters
                0x000000000800588c      0x194 src/report.o
                0x000000000800588c                report_ngc_parameters
 .text.report_gcode_modes
                0x0000000008005a20      0x170 src/report.o
                0x0000000008005a20                report_gcode_modes
 .text.report_startup_line
                0x0000000008005b90       0x30 src/report.o
                0x0000000008005b90                report_startup_line
 .text.report_execute_startup_message
                0x0000000008005bc0       0x48 src/report.o
                0x0000000008005bc0                report_execute_startup_message
 .text.report_build_info
                0x0000000008005c08       0x64 src/report.o
                0x0000000008005c08                report_build_info
 .text.report_realtime_status
                0x0000000008005c6c      0x3bc src/report.o
                0x0000000008005c6c                report_realtime_status
 .text.serial_get_rx_buffer_available
                0x0000000008006028       0x24 src/serial.o
                0x0000000008006028                serial_get_rx_buffer_available
 .text.serial_init
                0x000000000800604c        0x4 src/serial.o
                0x000000000800604c                serial_init
 .text.serial_write
                0x0000000008006050       0x54 src/serial.o
                0x0000000008006050                serial_write
 .text.serial_read
                0x00000000080060a4       0x30 src/serial.o
                0x00000000080060a4                serial_read
 .text.OnUsbDataRx
                0x00000000080060d4      0x1a8 src/serial.o
                0x00000000080060d4                OnUsbDataRx
 .text.serial_reset_read_buffer
                0x000000000800627c       0x14 src/serial.o
                0x000000000800627c                serial_reset_read_buffer
 .text.settings_store_startup_line
                0x0000000008006290       0x24 src/settings.o
                0x0000000008006290                settings_store_startup_line
 .text.settings_store_build_info
                0x00000000080062b4        0xc src/settings.o
                0x00000000080062b4                settings_store_build_info
 .text.settings_write_coord_data
                0x00000000080062c0       0x24 src/settings.o
                0x00000000080062c0                settings_write_coord_data
 .text.settings_restore
                0x00000000080062e4      0x124 src/settings.o
                0x00000000080062e4                settings_restore
 .text.settings_read_startup_line
                0x0000000008006408       0x38 src/settings.o
                0x0000000008006408                settings_read_startup_line
 .text.settings_read_build_info
                0x0000000008006440       0x28 src/settings.o
                0x0000000008006440                settings_read_build_info
 .text.settings_read_coord_data
                0x0000000008006468       0x3c src/settings.o
                0x0000000008006468                settings_read_coord_data
 .text.settings_store_global_setting
                0x00000000080064a4      0x2b4 src/settings.o
                0x00000000080064a4                settings_store_global_setting
 .text.settings_init
                0x0000000008006758       0x34 src/settings.o
                0x0000000008006758                settings_init
 .text.spindle_init
                0x000000000800678c      0x104 src/spindle_control.o
                0x000000000800678c                spindle_init
 .text.spindle_get_state
                0x0000000008006890       0x1c src/spindle_control.o
                0x0000000008006890                spindle_get_state
 .text.spindle_stop
                0x00000000080068ac       0x20 src/spindle_control.o
                0x00000000080068ac                spindle_stop
 .text.spindle_set_speed
                0x00000000080068cc       0x14 src/spindle_control.o
                0x00000000080068cc                spindle_set_speed
 .text.spindle_compute_pwm_value
                0x00000000080068e0       0x8c src/spindle_control.o
                0x00000000080068e0                spindle_compute_pwm_value
 .text.spindle_set_state
                0x000000000800696c      0x118 src/spindle_control.o
                0x000000000800696c                spindle_set_state
 .text.spindle_sync
                0x0000000008006a84      0x11c src/spindle_control.o
                0x0000000008006a84                spindle_sync
 .text.Reset_Handler
                0x0000000008006ba0       0x50 src/startup_stm32f10x_md.o
                0x0000000008006ba0                Reset_Handler
 .text.Default_Handler
                0x0000000008006bf0        0x2 src/startup_stm32f10x_md.o
                0x0000000008006bf0                EXTI2_IRQHandler
                0x0000000008006bf0                TIM1_CC_IRQHandler
                0x0000000008006bf0                SysTick_Handler
                0x0000000008006bf0                PVD_IRQHandler
                0x0000000008006bf0                EXTI3_IRQHandler
                0x0000000008006bf0                EXTI0_IRQHandler
                0x0000000008006bf0                I2C2_EV_IRQHandler
                0x0000000008006bf0                ADC1_2_IRQHandler
                0x0000000008006bf0                SPI1_IRQHandler
                0x0000000008006bf0                TAMPER_IRQHandler
                0x0000000008006bf0                DMA1_Channel4_IRQHandler
                0x0000000008006bf0                USART3_IRQHandler
                0x0000000008006bf0                RTC_IRQHandler
                0x0000000008006bf0                DMA1_Channel7_IRQHandler
                0x0000000008006bf0                CAN1_RX1_IRQHandler
                0x0000000008006bf0                TIM4_IRQHandler
                0x0000000008006bf0                I2C1_EV_IRQHandler
                0x0000000008006bf0                DMA1_Channel6_IRQHandler
                0x0000000008006bf0                RCC_IRQHandler
                0x0000000008006bf0                TIM1_TRG_COM_IRQHandler
                0x0000000008006bf0                DMA1_Channel1_IRQHandler
                0x0000000008006bf0                Default_Handler
                0x0000000008006bf0                SPI2_IRQHandler
                0x0000000008006bf0                DMA1_Channel5_IRQHandler
                0x0000000008006bf0                EXTI4_IRQHandler
                0x0000000008006bf0                USB_HP_CAN1_TX_IRQHandler
                0x0000000008006bf0                DMA1_Channel3_IRQHandler
                0x0000000008006bf0                TIM1_UP_IRQHandler
                0x0000000008006bf0                WWDG_IRQHandler
                0x0000000008006bf0                TIM1_BRK_IRQHandler
                0x0000000008006bf0                EXTI1_IRQHandler
                0x0000000008006bf0                RTCAlarm_IRQHandler
                0x0000000008006bf0                USART2_IRQHandler
                0x0000000008006bf0                I2C2_ER_IRQHandler
                0x0000000008006bf0                DMA1_Channel2_IRQHandler
                0x0000000008006bf0                CAN1_SCE_IRQHandler
                0x0000000008006bf0                FLASH_IRQHandler
                0x0000000008006bf0                USART1_IRQHandler
                0x0000000008006bf0                I2C1_ER_IRQHandler
                0x0000000008006bf0                USBWakeUp_IRQHandler
 *fill*         0x0000000008006bf2        0x2 
 .text.st_wake_up
                0x0000000008006bf4       0x80 src/stepper.o
                0x0000000008006bf4                st_wake_up
 .text.st_go_idle
                0x0000000008006c74       0x80 src/stepper.o
                0x0000000008006c74                st_go_idle
 .text.TIM2_IRQHandler
                0x0000000008006cf4      0x220 src/stepper.o
                0x0000000008006cf4                TIM2_IRQHandler
 .text.TIM3_IRQHandler
                0x0000000008006f14       0x40 src/stepper.o
                0x0000000008006f14                TIM3_IRQHandler
 .text.st_generate_step_dir_invert_masks
                0x0000000008006f54       0x54 src/stepper.o
                0x0000000008006f54                st_generate_step_dir_invert_masks
 .text.st_reset
                0x0000000008006fa8       0xdc src/stepper.o
                0x0000000008006fa8                st_reset
 .text.stepper_init
                0x0000000008007084      0x144 src/stepper.o
                0x0000000008007084                stepper_init
 .text.st_update_plan_block_parameters
                0x00000000080071c8       0x2c src/stepper.o
                0x00000000080071c8                st_update_plan_block_parameters
 .text.st_prep_buffer
                0x00000000080071f4      0x9bc src/stepper.o
                0x00000000080071f4                st_prep_buffer
 .text.st_get_realtime_rate
                0x0000000008007bb0       0x1c src/stepper.o
                0x0000000008007bb0                st_get_realtime_rate
 .text.system_init
                0x0000000008007bcc       0x7c src/system.o
                0x0000000008007bcc                system_init
 .text.system_control_get_state
                0x0000000008007c48       0x2c src/system.o
                0x0000000008007c48                system_control_get_state
 .text.EXTI9_5_IRQHandler
                0x0000000008007c74       0x58 src/system.o
                0x0000000008007c74                EXTI9_5_IRQHandler
 .text.system_check_safety_door_ajar
                0x0000000008007ccc        0x4 src/system.o
                0x0000000008007ccc                system_check_safety_door_ajar
 .text.system_execute_startup
                0x0000000008007cd0       0x44 src/system.o
                0x0000000008007cd0                system_execute_startup
 .text.system_execute_line
                0x0000000008007d14      0x354 src/system.o
                0x0000000008007d14                system_execute_line
 .text.system_flag_wco_change
                0x0000000008008068       0x14 src/system.o
                0x0000000008008068                system_flag_wco_change
 .text.system_convert_array_steps_to_mpos
                0x000000000800807c       0x3c src/system.o
                0x000000000800807c                system_convert_array_steps_to_mpos
 .text.system_check_travel_limits
                0x00000000080080b8       0x58 src/system.o
                0x00000000080080b8                system_check_travel_limits
 .text.system_set_exec_state_flag
                0x0000000008008110       0x14 src/system.o
                0x0000000008008110                system_set_exec_state_flag
 .text.system_clear_exec_state_flag
                0x0000000008008124       0x14 src/system.o
                0x0000000008008124                system_clear_exec_state_flag
 .text.system_set_exec_alarm
                0x0000000008008138       0x10 src/system.o
                0x0000000008008138                system_set_exec_alarm
 .text.system_clear_exec_alarm
                0x0000000008008148       0x10 src/system.o
                0x0000000008008148                system_clear_exec_alarm
 .text.system_set_exec_motion_override_flag
                0x0000000008008158       0x14 src/system.o
                0x0000000008008158                system_set_exec_motion_override_flag
 .text.system_set_exec_accessory_override_flag
                0x000000000800816c       0x14 src/system.o
                0x000000000800816c                system_set_exec_accessory_override_flag
 .text.system_clear_exec_motion_overrides
                0x0000000008008180       0x10 src/system.o
                0x0000000008008180                system_clear_exec_motion_overrides
 .text.system_clear_exec_accessory_overrides
                0x0000000008008190       0x10 src/system.o
                0x0000000008008190                system_clear_exec_accessory_overrides
 .text.SystemInit
                0x00000000080081a0      0x104 src/system_stm32f10x.o
                0x00000000080081a0                SystemInit
 .text.Standard_GetConfiguration
                0x00000000080082a4       0x28 stm_usb_fs_lib/src/usb_core.o
                0x00000000080082a4                Standard_GetConfiguration
 .text.Standard_GetInterface
                0x00000000080082cc       0x28 stm_usb_fs_lib/src/usb_core.o
                0x00000000080082cc                Standard_GetInterface
 .text.Standard_GetStatus
                0x00000000080082f4       0x90 stm_usb_fs_lib/src/usb_core.o
                0x00000000080082f4                Standard_GetStatus
 .text.DataStageIn
                0x0000000008008384       0xb4 stm_usb_fs_lib/src/usb_core.o
 .text.Standard_SetInterface
                0x0000000008008438       0x4c stm_usb_fs_lib/src/usb_core.o
                0x0000000008008438                Standard_SetInterface
 .text.Standard_ClearFeature
                0x0000000008008484       0xd0 stm_usb_fs_lib/src/usb_core.o
                0x0000000008008484                Standard_ClearFeature
 .text.Standard_SetEndPointFeature
                0x0000000008008554       0x8c stm_usb_fs_lib/src/usb_core.o
                0x0000000008008554                Standard_SetEndPointFeature
 .text.Standard_GetDescriptorData
                0x00000000080085e0       0x1c stm_usb_fs_lib/src/usb_core.o
                0x00000000080085e0                Standard_GetDescriptorData
 .text.Setup0_Process
                0x00000000080085fc      0x3b0 stm_usb_fs_lib/src/usb_core.o
                0x00000000080085fc                Setup0_Process
 .text.In0_Process
                0x00000000080089ac       0xc8 stm_usb_fs_lib/src/usb_core.o
                0x00000000080089ac                In0_Process
 .text.Out0_Process
                0x0000000008008a74      0x110 stm_usb_fs_lib/src/usb_core.o
                0x0000000008008a74                Out0_Process
 .text.SetDeviceAddress
                0x0000000008008b84       0x40 stm_usb_fs_lib/src/usb_core.o
                0x0000000008008b84                SetDeviceAddress
 .text.NOP_Process
                0x0000000008008bc4        0x4 stm_usb_fs_lib/src/usb_core.o
                0x0000000008008bc4                NOP_Process
 .text.USB_Init
                0x0000000008008bc8       0x38 stm_usb_fs_lib/src/usb_init.o
                0x0000000008008bc8                USB_Init
 .text.CTR_LP   0x0000000008008c00      0x190 stm_usb_fs_lib/src/usb_int.o
                0x0000000008008c00                CTR_LP
 .text.UserToPMABufferCopy
                0x0000000008008d90       0x20 stm_usb_fs_lib/src/usb_mem.o
                0x0000000008008d90                UserToPMABufferCopy
 .text.PMAToUserBufferCopy
                0x0000000008008db0       0x24 stm_usb_fs_lib/src/usb_mem.o
                0x0000000008008db0                PMAToUserBufferCopy
 .text.SetBTABLE
                0x0000000008008dd4       0x10 stm_usb_fs_lib/src/usb_regs.o
                0x0000000008008dd4                SetBTABLE
 .text.SetEPType
                0x0000000008008de4       0x1c stm_usb_fs_lib/src/usb_regs.o
                0x0000000008008de4                SetEPType
 .text.SetEPTxStatus
                0x0000000008008e00       0x34 stm_usb_fs_lib/src/usb_regs.o
                0x0000000008008e00                SetEPTxStatus
 .text.SetEPRxStatus
                0x0000000008008e34       0x34 stm_usb_fs_lib/src/usb_regs.o
                0x0000000008008e34                SetEPRxStatus
 .text.SetEPTxValid
                0x0000000008008e68       0x28 stm_usb_fs_lib/src/usb_regs.o
                0x0000000008008e68                SetEPTxValid
 .text.SetEPRxValid
                0x0000000008008e90       0x28 stm_usb_fs_lib/src/usb_regs.o
                0x0000000008008e90                SetEPRxValid
 .text.Clear_Status_Out
                0x0000000008008eb8       0x20 stm_usb_fs_lib/src/usb_regs.o
                0x0000000008008eb8                Clear_Status_Out
 .text.ClearDTOG_RX
                0x0000000008008ed8       0x24 stm_usb_fs_lib/src/usb_regs.o
                0x0000000008008ed8                ClearDTOG_RX
 .text.ClearDTOG_TX
                0x0000000008008efc       0x24 stm_usb_fs_lib/src/usb_regs.o
                0x0000000008008efc                ClearDTOG_TX
 .text.SetEPTxAddr
                0x0000000008008f20       0x20 stm_usb_fs_lib/src/usb_regs.o
                0x0000000008008f20                SetEPTxAddr
 .text.SetEPRxAddr
                0x0000000008008f40       0x20 stm_usb_fs_lib/src/usb_regs.o
                0x0000000008008f40                SetEPRxAddr
 .text.GetEPTxAddr
                0x0000000008008f60       0x1c stm_usb_fs_lib/src/usb_regs.o
                0x0000000008008f60                GetEPTxAddr
 .text.GetEPRxAddr
                0x0000000008008f7c       0x1c stm_usb_fs_lib/src/usb_regs.o
                0x0000000008008f7c                GetEPRxAddr
 .text.SetEPTxCount
                0x0000000008008f98       0x1c stm_usb_fs_lib/src/usb_regs.o
                0x0000000008008f98                SetEPTxCount
 .text.SetEPRxCount
                0x0000000008008fb4       0x44 stm_usb_fs_lib/src/usb_regs.o
                0x0000000008008fb4                SetEPRxCount
 .text.GetEPRxCount
                0x0000000008008ff8       0x20 stm_usb_fs_lib/src/usb_regs.o
                0x0000000008008ff8                GetEPRxCount
 .text.ByteSwap
                0x0000000008009018        0xc stm_usb_fs_lib/src/usb_regs.o
                0x0000000008009018                ByteSwap
 .text.USB_SIL_Init
                0x0000000008009024       0x24 stm_usb_fs_lib/src/usb_sil.o
                0x0000000008009024                USB_SIL_Init
 .text.USB_SIL_Read
                0x0000000008009048       0x24 stm_usb_fs_lib/src/usb_sil.o
                0x0000000008009048                USB_SIL_Read
 .text.Set_USBClock
                0x000000000800906c       0x18 usb/hw_config.o
                0x000000000800906c                Set_USBClock
 .text.USB_Interrupts_Config
                0x0000000008009084       0x20 usb/hw_config.o
                0x0000000008009084                USB_Interrupts_Config
 .text.USB_Cable_Config
                0x00000000080090a4        0x4 usb/hw_config.o
                0x00000000080090a4                USB_Cable_Config
 .text.Get_SerialNum
                0x00000000080090a8      0x104 usb/hw_config.o
                0x00000000080090a8                Get_SerialNum
 .text.EP1_IN_Callback.part.0
                0x00000000080091ac       0xd8 usb/usb_endp.o
 .text.EP3_OUT_Callback
                0x0000000008009284       0x24 usb/usb_endp.o
                0x0000000008009284                EP3_OUT_Callback
 .text.EP1_IN_Callback
                0x00000000080092a8       0x18 usb/usb_endp.o
                0x00000000080092a8                EP1_IN_Callback
 .text.SOF_Callback
                0x00000000080092c0       0x24 usb/usb_endp.o
                0x00000000080092c0                SOF_Callback
 .text.USB_Istr
                0x00000000080092e4       0x70 usb/usb_istr.o
                0x00000000080092e4                USB_Istr
 .text.Virtual_Com_Port_SetConfiguration
                0x0000000008009354       0x18 usb/usb_prop.o
                0x0000000008009354                Virtual_Com_Port_SetConfiguration
 .text.Virtual_Com_Port_SetDeviceAddress
                0x000000000800936c        0xc usb/usb_prop.o
                0x000000000800936c                Virtual_Com_Port_SetDeviceAddress
 .text.Virtual_Com_Port_Status_In
                0x0000000008009378       0x14 usb/usb_prop.o
                0x0000000008009378                Virtual_Com_Port_Status_In
 .text.Virtual_Com_Port_Status_Out
                0x000000000800938c        0x4 usb/usb_prop.o
                0x000000000800938c                Virtual_Com_Port_Status_Out
 .text.Virtual_Com_Port_Data_Setup
                0x0000000008009390       0x5c usb/usb_prop.o
                0x0000000008009390                Virtual_Com_Port_Data_Setup
 .text.Virtual_Com_Port_Get_Interface_Setting
                0x00000000080093ec       0x10 usb/usb_prop.o
                0x00000000080093ec                Virtual_Com_Port_Get_Interface_Setting
 .text.Virtual_Com_Port_GetLineCoding
                0x00000000080093fc       0x18 usb/usb_prop.o
                0x00000000080093fc                Virtual_Com_Port_GetLineCoding
 .text.Virtual_Com_Port_init
                0x0000000008009414       0x24 usb/usb_prop.o
                0x0000000008009414                Virtual_Com_Port_init
 .text.Virtual_Com_Port_Reset
                0x0000000008009438       0xe0 usb/usb_prop.o
                0x0000000008009438                Virtual_Com_Port_Reset
 .text.Virtual_Com_Port_GetDeviceDescriptor
                0x0000000008009518        0xc usb/usb_prop.o
                0x0000000008009518                Virtual_Com_Port_GetDeviceDescriptor
 .text.Virtual_Com_Port_GetConfigDescriptor
                0x0000000008009524        0xc usb/usb_prop.o
                0x0000000008009524                Virtual_Com_Port_GetConfigDescriptor
 .text.Virtual_Com_Port_GetStringDescriptor
                0x0000000008009530       0x20 usb/usb_prop.o
                0x0000000008009530                Virtual_Com_Port_GetStringDescriptor
 .text.Virtual_Com_Port_NoData_Setup
                0x0000000008009550       0x24 usb/usb_prop.o
                0x0000000008009550                Virtual_Com_Port_NoData_Setup
 .text.Virtual_Com_Port_SetLineCoding
                0x0000000008009574       0x18 usb/usb_prop.o
                0x0000000008009574                Virtual_Com_Port_SetLineCoding
 .text.PowerOn  0x000000000800958c       0x30 usb/usb_pwr.o
                0x000000000800958c                PowerOn
 .text.NMI_Handler
                0x00000000080095bc        0x4 util/stm32f10x_it.o
                0x00000000080095bc                NMI_Handler
 .text.HardFault_Handler
                0x00000000080095c0        0x4 util/stm32f10x_it.o
                0x00000000080095c0                HardFault_Handler
 .text.MemManage_Handler
                0x00000000080095c4        0x4 util/stm32f10x_it.o
                0x00000000080095c4                MemManage_Handler
 .text.BusFault_Handler
                0x00000000080095c8        0x4 util/stm32f10x_it.o
                0x00000000080095c8                BusFault_Handler
 .text.UsageFault_Handler
                0x00000000080095cc        0x4 util/stm32f10x_it.o
                0x00000000080095cc                UsageFault_Handler
 .text.SVC_Handler
                0x00000000080095d0        0x4 util/stm32f10x_it.o
                0x00000000080095d0                SVC_Handler
 .text.DebugMon_Handler
                0x00000000080095d4        0x4 util/stm32f10x_it.o
                0x00000000080095d4                DebugMon_Handler
 .text.PendSV_Handler
                0x00000000080095d8        0x4 util/stm32f10x_it.o
                0x00000000080095d8                PendSV_Handler
 .text.USB_LP_CAN1_RX0_IRQHandler
                0x00000000080095dc        0x4 util/stm32f10x_it.o
                0x00000000080095dc                USB_LP_CAN1_RX0_IRQHandler
 .text.__libc_init_array
                0x00000000080095e0       0x48 c:/st/stm32cubeide_1.5.0/stm32cubeide/plugins/com.st.stm32cube.ide.mcu.externaltools.gnu-tools-for-stm32.9-2020-q2-update.win32_1.5.0.202011040924/tools/bin/../lib/gcc/arm-none-eabi/9.3.1/../../../../arm-none-eabi/lib/thumb/v7-m/nofp\libc.a(lib_a-init.o)
                0x00000000080095e0                __libc_init_array
 .text.memcmp   0x0000000008009628       0x1c c:/st/stm32cubeide_1.5.0/stm32cubeide/plugins/com.st.stm32cube.ide.mcu.externaltools.gnu-tools-for-stm32.9-2020-q2-update.win32_1.5.0.202011040924/tools/bin/../lib/gcc/arm-none-eabi/9.3.1/../../../../arm-none-eabi/lib/thumb/v7-m/nofp\libc.a(lib_a-memcmp.o)
                0x0000000008009628                memcmp
 .text.memset   0x0000000008009644       0x10 c:/st/stm32cubeide_1.5.0/stm32cubeide/plugins/com.st.stm32cube.ide.mcu.externaltools.gnu-tools-for-stm32.9-2020-q2-update.win32_1.5.0.202011040924/tools/bin/../lib/gcc/arm-none-eabi/9.3.1/../../../../arm-none-eabi/lib/thumb/v7-m/nofp\libc.a(lib_a-memset.o)
                0x0000000008009644                memset
 .text.startup.register_fini
                0x0000000008009654       0x14 c:/st/stm32cubeide_1.5.0/stm32cubeide/plugins/com.st.stm32cube.ide.mcu.externaltools.gnu-tools-for-stm32.9-2020-q2-update.win32_1.5.0.202011040924/tools/bin/../lib/gcc/arm-none-eabi/9.3.1/../../../../arm-none-eabi/lib/thumb/v7-m/nofp\libc.a(lib_a-__call_atexit.o)
 .text.atexit   0x0000000008009668        0xc c:/st/stm32cubeide_1.5.0/stm32cubeide/plugins/com.st.stm32cube.ide.mcu.externaltools.gnu-tools-for-stm32.9-2020-q2-update.win32_1.5.0.202011040924/tools/bin/../lib/gcc/arm-none-eabi/9.3.1/../../../../arm-none-eabi/lib/thumb/v7-m/nofp\libc.a(lib_a-atexit.o)
                0x0000000008009668                atexit
 .text.__libc_fini_array
                0x0000000008009674       0x28 c:/st/stm32cubeide_1.5.0/stm32cubeide/plugins/com.st.stm32cube.ide.mcu.externaltools.gnu-tools-for-stm32.9-2020-q2-update.win32_1.5.0.202011040924/tools/bin/../lib/gcc/arm-none-eabi/9.3.1/../../../../arm-none-eabi/lib/thumb/v7-m/nofp\libc.a(lib_a-fini.o)
                0x0000000008009674                __libc_fini_array
 .text.__retarget_lock_acquire_recursive
                0x000000000800969c        0x2 c:/st/stm32cubeide_1.5.0/stm32cubeide/plugins/com.st.stm32cube.ide.mcu.externaltools.gnu-tools-for-stm32.9-2020-q2-update.win32_1.5.0.202011040924/tools/bin/../lib/gcc/arm-none-eabi/9.3.1/../../../../arm-none-eabi/lib/thumb/v7-m/nofp\libc.a(lib_a-lock.o)
                0x000000000800969c                __retarget_lock_acquire_recursive
 .text.__retarget_lock_release_recursive
                0x000000000800969e        0x2 c:/st/stm32cubeide_1.5.0/stm32cubeide/plugins/com.st.stm32cube.ide.mcu.externaltools.gnu-tools-for-stm32.9-2020-q2-update.win32_1.5.0.202011040924/tools/bin/../lib/gcc/arm-none-eabi/9.3.1/../../../../arm-none-eabi/lib/thumb/v7-m/nofp\libc.a(lib_a-lock.o)
                0x000000000800969e                __retarget_lock_release_recursive
 .text.__register_exitproc
                0x00000000080096a0       0x80 c:/st/stm32cubeide_1.5.0/stm32cubeide/plugins/com.st.stm32cube.ide.mcu.externaltools.gnu-tools-for-stm32.9-2020-q2-update.win32_1.5.0.202011040924/tools/bin/../lib/gcc/arm-none-eabi/9.3.1/../../../../arm-none-eabi/lib/thumb/v7-m/nofp\libc.a(lib_a-__atexit.o)
                0x00000000080096a0                __register_exitproc
 .text.ceilf    0x0000000008009720       0x80 c:/st/stm32cubeide_1.5.0/stm32cubeide/plugins/com.st.stm32cube.ide.mcu.externaltools.gnu-tools-for-stm32.9-2020-q2-update.win32_1.5.0.202011040924/tools/bin/../lib/gcc/arm-none-eabi/9.3.1/../../../../arm-none-eabi/lib/thumb/v7-m/nofp\libm.a(lib_a-sf_ceil.o)
                0x0000000008009720                ceilf
 .text.cosf     0x00000000080097a0       0x68 c:/st/stm32cubeide_1.5.0/stm32cubeide/plugins/com.st.stm32cube.ide.mcu.externaltools.gnu-tools-for-stm32.9-2020-q2-update.win32_1.5.0.202011040924/tools/bin/../lib/gcc/arm-none-eabi/9.3.1/../../../../arm-none-eabi/lib/thumb/v7-m/nofp\libm.a(lib_a-sf_cos.o)
                0x00000000080097a0                cosf
 .text.floorf   0x0000000008009808       0x84 c:/st/stm32cubeide_1.5.0/stm32cubeide/plugins/com.st.stm32cube.ide.mcu.externaltools.gnu-tools-for-stm32.9-2020-q2-update.win32_1.5.0.202011040924/tools/bin/../lib/gcc/arm-none-eabi/9.3.1/../../../../arm-none-eabi/lib/thumb/v7-m/nofp\libm.a(lib_a-sf_floor.o)
                0x0000000008009808                floorf
 .text.lroundf  0x000000000800988c       0x58 c:/st/stm32cubeide_1.5.0/stm32cubeide/plugins/com.st.stm32cube.ide.mcu.externaltools.gnu-tools-for-stm32.9-2020-q2-update.win32_1.5.0.202011040924/tools/bin/../lib/gcc/arm-none-eabi/9.3.1/../../../../arm-none-eabi/lib/thumb/v7-m/nofp\libm.a(lib_a-sf_lround.o)
                0x000000000800988c                lroundf
 .text.sinf     0x00000000080098e4       0x6c c:/st/stm32cubeide_1.5.0/stm32cubeide/plugins/com.st.stm32cube.ide.mcu.externaltools.gnu-tools-for-stm32.9-2020-q2-update.win32_1.5.0.202011040924/tools/bin/../lib/gcc/arm-none-eabi/9.3.1/../../../../arm-none-eabi/lib/thumb/v7-m/nofp\libm.a(lib_a-sf_sin.o)
                0x00000000080098e4                sinf
 .text.atan2f   0x0000000008009950        0x4 c:/st/stm32cubeide_1.5.0/stm32cubeide/plugins/com.st.stm32cube.ide.mcu.externaltools.gnu-tools-for-stm32.9-2020-q2-update.win32_1.5.0.202011040924/tools/bin/../lib/gcc/arm-none-eabi/9.3.1/../../../../arm-none-eabi/lib/thumb/v7-m/nofp\libm.a(lib_a-wf_atan2.o)
                0x0000000008009950                atan2f
 .text.sqrtf    0x0000000008009954       0x44 c:/st/stm32cubeide_1.5.0/stm32cubeide/plugins/com.st.stm32cube.ide.mcu.externaltools.gnu-tools-for-stm32.9-2020-q2-update.win32_1.5.0.202011040924/tools/bin/../lib/gcc/arm-none-eabi/9.3.1/../../../../arm-none-eabi/lib/thumb/v7-m/nofp\libm.a(lib_a-wf_sqrt.o)
                0x0000000008009954                sqrtf
 .text.__ieee754_atan2f
                0x0000000008009998      0x10c c:/st/stm32cubeide_1.5.0/stm32cubeide/plugins/com.st.stm32cube.ide.mcu.externaltools.gnu-tools-for-stm32.9-2020-q2-update.win32_1.5.0.202011040924/tools/bin/../lib/gcc/arm-none-eabi/9.3.1/../../../../arm-none-eabi/lib/thumb/v7-m/nofp\libm.a(lib_a-ef_atan2.o)
                0x0000000008009998                __ieee754_atan2f
 .text.__ieee754_rem_pio2f
                0x0000000008009aa4      0x2bc c:/st/stm32cubeide_1.5.0/stm32cubeide/plugins/com.st.stm32cube.ide.mcu.externaltools.gnu-tools-for-stm32.9-2020-q2-update.win32_1.5.0.202011040924/tools/bin/../lib/gcc/arm-none-eabi/9.3.1/../../../../arm-none-eabi/lib/thumb/v7-m/nofp\libm.a(lib_a-ef_rem_pio2.o)
                0x0000000008009aa4                __ieee754_rem_pio2f
 .text.__ieee754_sqrtf
                0x0000000008009d60       0xa2 c:/st/stm32cubeide_1.5.0/stm32cubeide/plugins/com.st.stm32cube.ide.mcu.externaltools.gnu-tools-for-stm32.9-2020-q2-update.win32_1.5.0.202011040924/tools/bin/../lib/gcc/arm-none-eabi/9.3.1/../../../../arm-none-eabi/lib/thumb/v7-m/nofp\libm.a(lib_a-ef_sqrt.o)
                0x0000000008009d60                __ieee754_sqrtf
 *fill*         0x0000000008009e02        0x2 
 .text.__kernel_cosf
                0x0000000008009e04      0x100 c:/st/stm32cubeide_1.5.0/stm32cubeide/plugins/com.st.stm32cube.ide.mcu.externaltools.gnu-tools-for-stm32.9-2020-q2-update.win32_1.5.0.202011040924/tools/bin/../lib/gcc/arm-none-eabi/9.3.1/../../../../arm-none-eabi/lib/thumb/v7-m/nofp\libm.a(lib_a-kf_cos.o)
                0x0000000008009e04                __kernel_cosf
 .text.__kernel_rem_pio2f
                0x0000000008009f04      0x56c c:/st/stm32cubeide_1.5.0/stm32cubeide/plugins/com.st.stm32cube.ide.mcu.externaltools.gnu-tools-for-stm32.9-2020-q2-update.win32_1.5.0.202011040924/tools/bin/../lib/gcc/arm-none-eabi/9.3.1/../../../../arm-none-eabi/lib/thumb/v7-m/nofp\libm.a(lib_a-kf_rem_pio2.o)
                0x0000000008009f04                __kernel_rem_pio2f
 .text.__kernel_sinf
                0x000000000800a470       0xec c:/st/stm32cubeide_1.5.0/stm32cubeide/plugins/com.st.stm32cube.ide.mcu.externaltools.gnu-tools-for-stm32.9-2020-q2-update.win32_1.5.0.202011040924/tools/bin/../lib/gcc/arm-none-eabi/9.3.1/../../../../arm-none-eabi/lib/thumb/v7-m/nofp\libm.a(lib_a-kf_sin.o)
                0x000000000800a470                __kernel_sinf
 .text.atanf    0x000000000800a55c      0x218 c:/st/stm32cubeide_1.5.0/stm32cubeide/plugins/com.st.stm32cube.ide.mcu.externaltools.gnu-tools-for-stm32.9-2020-q2-update.win32_1.5.0.202011040924/tools/bin/../lib/gcc/arm-none-eabi/9.3.1/../../../../arm-none-eabi/lib/thumb/v7-m/nofp\libm.a(lib_a-sf_atan.o)
                0x000000000800a55c                atanf
 .text.fabsf    0x000000000800a774        0x6 c:/st/stm32cubeide_1.5.0/stm32cubeide/plugins/com.st.stm32cube.ide.mcu.externaltools.gnu-tools-for-stm32.9-2020-q2-update.win32_1.5.0.202011040924/tools/bin/../lib/gcc/arm-none-eabi/9.3.1/../../../../arm-none-eabi/lib/thumb/v7-m/nofp\libm.a(lib_a-sf_fabs.o)
                0x000000000800a774                fabsf
 *fill*         0x000000000800a77a        0x2 
 .text.scalbnf  0x000000000800a77c       0x98 c:/st/stm32cubeide_1.5.0/stm32cubeide/plugins/com.st.stm32cube.ide.mcu.externaltools.gnu-tools-for-stm32.9-2020-q2-update.win32_1.5.0.202011040924/tools/bin/../lib/gcc/arm-none-eabi/9.3.1/../../../../arm-none-eabi/lib/thumb/v7-m/nofp\libm.a(lib_a-sf_scalbn.o)
                0x000000000800a77c                scalbnf
 .text.__errno  0x000000000800a814        0xc c:/st/stm32cubeide_1.5.0/stm32cubeide/plugins/com.st.stm32cube.ide.mcu.externaltools.gnu-tools-for-stm32.9-2020-q2-update.win32_1.5.0.202011040924/tools/bin/../lib/gcc/arm-none-eabi/9.3.1/../../../../arm-none-eabi/lib/thumb/v7-m/nofp\libc.a(lib_a-errno.o)
                0x000000000800a814                __errno
 *(.glue_7)
 .glue_7        0x000000000800a820        0x0 linker stubs
 *(.glue_7t)
 .glue_7t       0x000000000800a820        0x0 linker stubs
 *(.eh_frame)
 .eh_frame      0x000000000800a820        0x0 c:/st/stm32cubeide_1.5.0/stm32cubeide/plugins/com.st.stm32cube.ide.mcu.externaltools.gnu-tools-for-stm32.9-2020-q2-update.win32_1.5.0.202011040924/tools/bin/../lib/gcc/arm-none-eabi/9.3.1/thumb/v7-m/nofp/crtbegin.o
 *(.init)
 .init          0x000000000800a820        0x4 c:/st/stm32cubeide_1.5.0/stm32cubeide/plugins/com.st.stm32cube.ide.mcu.externaltools.gnu-tools-for-stm32.9-2020-q2-update.win32_1.5.0.202011040924/tools/bin/../lib/gcc/arm-none-eabi/9.3.1/thumb/v7-m/nofp/crti.o
                0x000000000800a820                _init
 .init          0x000000000800a824        0x8 c:/st/stm32cubeide_1.5.0/stm32cubeide/plugins/com.st.stm32cube.ide.mcu.externaltools.gnu-tools-for-stm32.9-2020-q2-update.win32_1.5.0.202011040924/tools/bin/../lib/gcc/arm-none-eabi/9.3.1/thumb/v7-m/nofp/crtn.o
 *(.fini)
 .fini          0x000000000800a82c        0x4 c:/st/stm32cubeide_1.5.0/stm32cubeide/plugins/com.st.stm32cube.ide.mcu.externaltools.gnu-tools-for-stm32.9-2020-q2-update.win32_1.5.0.202011040924/tools/bin/../lib/gcc/arm-none-eabi/9.3.1/thumb/v7-m/nofp/crti.o
                0x000000000800a82c                _fini
 .fini          0x000000000800a830        0x8 c:/st/stm32cubeide_1.5.0/stm32cubeide/plugins/com.st.stm32cube.ide.mcu.externaltools.gnu-tools-for-stm32.9-2020-q2-update.win32_1.5.0.202011040924/tools/bin/../lib/gcc/arm-none-eabi/9.3.1/thumb/v7-m/nofp/crtn.o
                0x000000000800a838                . = ALIGN (0x4)
                0x000000000800a838                _etext = .

.vfp11_veneer   0x000000000800a838        0x0
 .vfp11_veneer  0x000000000800a838        0x0 linker stubs

.v4_bx          0x000000000800a838        0x0
 .v4_bx         0x000000000800a838        0x0 linker stubs

.iplt           0x000000000800a838        0x0
 .iplt          0x000000000800a838        0x0 c:/st/stm32cubeide_1.5.0/stm32cubeide/plugins/com.st.stm32cube.ide.mcu.externaltools.gnu-tools-for-stm32.9-2020-q2-update.win32_1.5.0.202011040924/tools/bin/../lib/gcc/arm-none-eabi/9.3.1/thumb/v7-m/nofp/crtbegin.o

.rodata         0x000000000800a838      0x6cc
                0x000000000800a838                . = ALIGN (0x4)
 *(.rodata)
 *(.rodata*)
 .rodata.report_status_message.str1.4
                0x000000000800a838       0x13 src/report.o
 *fill*         0x000000000800a84b        0x1 
 .rodata.report_alarm_message.str1.4
                0x000000000800a84c        0x7 src/report.o
 *fill*         0x000000000800a853        0x1 
 .rodata.report_feedback_message.str1.4
                0x000000000800a854       0xad src/report.o
 *fill*         0x000000000800a901        0x3 
 .rodata.report_init_message.str1.4
                0x000000000800a904       0x1d src/report.o
 *fill*         0x000000000800a921        0x3 
 .rodata.report_grbl_help.str1.4
                0x000000000800a924       0x4a src/report.o
 *fill*         0x000000000800a96e        0x2 
 .rodata.report_probe_parameters.str1.4
                0x000000000800a970        0x6 src/report.o
 *fill*         0x000000000800a976        0x2 
 .rodata.report_ngc_parameters.str1.4
                0x000000000800a978       0x1a src/report.o
 *fill*         0x000000000800a992        0x2 
 .rodata.report_gcode_modes.str1.4
                0x000000000800a994       0x1f src/report.o
 *fill*         0x000000000800a9b3        0x1 
 .rodata.report_startup_line.str1.4
                0x000000000800a9b4        0x3 src/report.o
 *fill*         0x000000000800a9b7        0x1 
 .rodata.report_build_info.str1.4
                0x000000000800a9b8       0x1a src/report.o
 *fill*         0x000000000800a9d2        0x2 
 .rodata.report_realtime_status.str1.4
                0x000000000800a9d4       0x7b src/report.o
 *fill*         0x000000000800aa4f        0x1 
 .rodata.direction_pin_mask
                0x000000000800aa50        0x6 src/stepper.o
                0x000000000800aa50                direction_pin_mask
 *fill*         0x000000000800aa56        0x2 
 .rodata.limit_pin_mask
                0x000000000800aa58        0x6 src/stepper.o
                0x000000000800aa58                limit_pin_mask
 *fill*         0x000000000800aa5e        0x2 
 .rodata.step_pin_mask
                0x000000000800aa60        0x6 src/stepper.o
                0x000000000800aa60                step_pin_mask
 *fill*         0x000000000800aa66        0x2 
 .rodata.Virtual_Com_Port_ConfigDescriptor
                0x000000000800aa68       0x43 usb/usb_desc.o
                0x000000000800aa68                Virtual_Com_Port_ConfigDescriptor
 *fill*         0x000000000800aaab        0x1 
 .rodata.Virtual_Com_Port_DeviceDescriptor
                0x000000000800aaac       0x12 usb/usb_desc.o
                0x000000000800aaac                Virtual_Com_Port_DeviceDescriptor
 *fill*         0x000000000800aabe        0x2 
 .rodata.Virtual_Com_Port_StringLangID
                0x000000000800aac0        0x4 usb/usb_desc.o
                0x000000000800aac0                Virtual_Com_Port_StringLangID
 .rodata.Virtual_Com_Port_StringProduct
                0x000000000800aac4       0x1c usb/usb_desc.o
                0x000000000800aac4                Virtual_Com_Port_StringProduct
 .rodata.Virtual_Com_Port_StringVendor
                0x000000000800aae0       0x16 usb/usb_desc.o
                0x000000000800aae0                Virtual_Com_Port_StringVendor
 *fill*         0x000000000800aaf6        0x2 
 .rodata._global_impure_ptr
                0x000000000800aaf8        0x4 c:/st/stm32cubeide_1.5.0/stm32cubeide/plugins/com.st.stm32cube.ide.mcu.externaltools.gnu-tools-for-stm32.9-2020-q2-update.win32_1.5.0.202011040924/tools/bin/../lib/gcc/arm-none-eabi/9.3.1/../../../../arm-none-eabi/lib/thumb/v7-m/nofp\libc.a(lib_a-impure.o)
                0x000000000800aaf8                _global_impure_ptr
 .rodata.CSWTCH.8
                0x000000000800aafc        0xc c:/st/stm32cubeide_1.5.0/stm32cubeide/plugins/com.st.stm32cube.ide.mcu.externaltools.gnu-tools-for-stm32.9-2020-q2-update.win32_1.5.0.202011040924/tools/bin/../lib/gcc/arm-none-eabi/9.3.1/../../../../arm-none-eabi/lib/thumb/v7-m/nofp\libm.a(lib_a-ef_atan2.o)
 .rodata.CSWTCH.9
                0x000000000800ab08        0xc c:/st/stm32cubeide_1.5.0/stm32cubeide/plugins/com.st.stm32cube.ide.mcu.externaltools.gnu-tools-for-stm32.9-2020-q2-update.win32_1.5.0.202011040924/tools/bin/../lib/gcc/arm-none-eabi/9.3.1/../../../../arm-none-eabi/lib/thumb/v7-m/nofp\libm.a(lib_a-ef_atan2.o)
 .rodata.npio2_hw
                0x000000000800ab14       0x80 c:/st/stm32cubeide_1.5.0/stm32cubeide/plugins/com.st.stm32cube.ide.mcu.externaltools.gnu-tools-for-stm32.9-2020-q2-update.win32_1.5.0.202011040924/tools/bin/../lib/gcc/arm-none-eabi/9.3.1/../../../../arm-none-eabi/lib/thumb/v7-m/nofp\libm.a(lib_a-ef_rem_pio2.o)
 .rodata.two_over_pi
                0x000000000800ab94      0x318 c:/st/stm32cubeide_1.5.0/stm32cubeide/plugins/com.st.stm32cube.ide.mcu.externaltools.gnu-tools-for-stm32.9-2020-q2-update.win32_1.5.0.202011040924/tools/bin/../lib/gcc/arm-none-eabi/9.3.1/../../../../arm-none-eabi/lib/thumb/v7-m/nofp\libm.a(lib_a-ef_rem_pio2.o)
 .rodata.PIo2   0x000000000800aeac       0x2c c:/st/stm32cubeide_1.5.0/stm32cubeide/plugins/com.st.stm32cube.ide.mcu.externaltools.gnu-tools-for-stm32.9-2020-q2-update.win32_1.5.0.202011040924/tools/bin/../lib/gcc/arm-none-eabi/9.3.1/../../../../arm-none-eabi/lib/thumb/v7-m/nofp\libm.a(lib_a-kf_rem_pio2.o)
 .rodata.init_jk
                0x000000000800aed8        0xc c:/st/stm32cubeide_1.5.0/stm32cubeide/plugins/com.st.stm32cube.ide.mcu.externaltools.gnu-tools-for-stm32.9-2020-q2-update.win32_1.5.0.202011040924/tools/bin/../lib/gcc/arm-none-eabi/9.3.1/../../../../arm-none-eabi/lib/thumb/v7-m/nofp\libm.a(lib_a-kf_rem_pio2.o)
 .rodata.atanhi
                0x000000000800aee4       0x10 c:/st/stm32cubeide_1.5.0/stm32cubeide/plugins/com.st.stm32cube.ide.mcu.externaltools.gnu-tools-for-stm32.9-2020-q2-update.win32_1.5.0.202011040924/tools/bin/../lib/gcc/arm-none-eabi/9.3.1/../../../../arm-none-eabi/lib/thumb/v7-m/nofp\libm.a(lib_a-sf_atan.o)
 .rodata.atanlo
                0x000000000800aef4       0x10 c:/st/stm32cubeide_1.5.0/stm32cubeide/plugins/com.st.stm32cube.ide.mcu.externaltools.gnu-tools-for-stm32.9-2020-q2-update.win32_1.5.0.202011040924/tools/bin/../lib/gcc/arm-none-eabi/9.3.1/../../../../arm-none-eabi/lib/thumb/v7-m/nofp\libm.a(lib_a-sf_atan.o)
                0x000000000800af04                . = ALIGN (0x4)

.rel.dyn        0x000000000800af04        0x0
 .rel.iplt      0x000000000800af04        0x0 c:/st/stm32cubeide_1.5.0/stm32cubeide/plugins/com.st.stm32cube.ide.mcu.externaltools.gnu-tools-for-stm32.9-2020-q2-update.win32_1.5.0.202011040924/tools/bin/../lib/gcc/arm-none-eabi/9.3.1/thumb/v7-m/nofp/crtbegin.o

.ARM.extab
 *(.ARM.extab* .gnu.linkonce.armextab.*)

.ARM            0x000000000800af04        0x0
                0x000000000800af04                __exidx_start = .
 *(.ARM.exidx*)
                0x000000000800af04                __exidx_end = .

.preinit_array  0x000000000800af04        0x0
                0x000000000800af04                PROVIDE (__preinit_array_start = .)
 *(.preinit_array*)
                0x000000000800af04                PROVIDE (__preinit_array_end = .)

.init_array     0x000000000800af04        0x8
                0x000000000800af04                PROVIDE (__init_array_start = .)
 *(SORT_BY_NAME(.init_array.*))
 .init_array.00000
                0x000000000800af04        0x4 c:/st/stm32cubeide_1.5.0/stm32cubeide/plugins/com.st.stm32cube.ide.mcu.externaltools.gnu-tools-for-stm32.9-2020-q2-update.win32_1.5.0.202011040924/tools/bin/../lib/gcc/arm-none-eabi/9.3.1/../../../../arm-none-eabi/lib/thumb/v7-m/nofp\libc.a(lib_a-__call_atexit.o)
 *(.init_array*)
 .init_array    0x000000000800af08        0x4 c:/st/stm32cubeide_1.5.0/stm32cubeide/plugins/com.st.stm32cube.ide.mcu.externaltools.gnu-tools-for-stm32.9-2020-q2-update.win32_1.5.0.202011040924/tools/bin/../lib/gcc/arm-none-eabi/9.3.1/thumb/v7-m/nofp/crtbegin.o
                0x000000000800af0c                PROVIDE (__init_array_end = .)

.fini_array     0x000000000800af0c        0x4
                0x000000000800af0c                PROVIDE (__fini_array_start = .)
 *(SORT_BY_NAME(.fini_array.*))
 *(.fini_array*)
 .fini_array    0x000000000800af0c        0x4 c:/st/stm32cubeide_1.5.0/stm32cubeide/plugins/com.st.stm32cube.ide.mcu.externaltools.gnu-tools-for-stm32.9-2020-q2-update.win32_1.5.0.202011040924/tools/bin/../lib/gcc/arm-none-eabi/9.3.1/thumb/v7-m/nofp/crtbegin.o
                0x000000000800af10                PROVIDE (__fini_array_end = .)
                0x000000000800af10                _sidata = LOADADDR (.data)

.data           0x0000000020000000      0x520 load address 0x000000000800af10
                0x0000000020000000                . = ALIGN (0x4)
                0x0000000020000000                _sdata = .
 *(.data)
 *(.data*)
 .data.nOnFlag.8718
                0x0000000020000000        0x1 src/main.o
 *fill*         0x0000000020000001        0x3 
 .data.SystemCoreClock
                0x0000000020000004        0x4 src/system_stm32f10x.o
                0x0000000020000004                SystemCoreClock
 .data.Virtual_Com_Port_StringSerial
                0x0000000020000008       0x1a usb/usb_desc.o
                0x0000000020000008                Virtual_Com_Port_StringSerial
 *fill*         0x0000000020000022        0x2 
 .data.pEpInt_IN
                0x0000000020000024       0x1c usb/usb_istr.o
                0x0000000020000024                pEpInt_IN
 .data.pEpInt_OUT
                0x0000000020000040       0x1c usb/usb_istr.o
                0x0000000020000040                pEpInt_OUT
 .data.Config_Descriptor
                0x000000002000005c        0x8 usb/usb_prop.o
                0x000000002000005c                Config_Descriptor
 .data.Device_Descriptor
                0x0000000020000064        0x8 usb/usb_prop.o
                0x0000000020000064                Device_Descriptor
 .data.Device_Property
                0x000000002000006c       0x30 usb/usb_prop.o
                0x000000002000006c                Device_Property
 .data.Device_Table
                0x000000002000009c        0x2 usb/usb_prop.o
                0x000000002000009c                Device_Table
 *fill*         0x000000002000009e        0x2 
 .data.String_Descriptor
                0x00000000200000a0       0x20 usb/usb_prop.o
                0x00000000200000a0                String_Descriptor
 .data.User_Standard_Requests
                0x00000000200000c0       0x24 usb/usb_prop.o
                0x00000000200000c0                User_Standard_Requests
 .data.linecoding
                0x00000000200000e4        0x8 usb/usb_prop.o
                0x00000000200000e4                linecoding
 .data._impure_ptr
                0x00000000200000ec        0x4 c:/st/stm32cubeide_1.5.0/stm32cubeide/plugins/com.st.stm32cube.ide.mcu.externaltools.gnu-tools-for-stm32.9-2020-q2-update.win32_1.5.0.202011040924/tools/bin/../lib/gcc/arm-none-eabi/9.3.1/../../../../arm-none-eabi/lib/thumb/v7-m/nofp\libc.a(lib_a-impure.o)
                0x00000000200000ec                _impure_ptr
 .data.impure_data
                0x00000000200000f0      0x428 c:/st/stm32cubeide_1.5.0/stm32cubeide/plugins/com.st.stm32cube.ide.mcu.externaltools.gnu-tools-for-stm32.9-2020-q2-update.win32_1.5.0.202011040924/tools/bin/../lib/gcc/arm-none-eabi/9.3.1/../../../../arm-none-eabi/lib/thumb/v7-m/nofp\libc.a(lib_a-impure.o)
 .data.__atexit_recursive_mutex
                0x0000000020000518        0x4 c:/st/stm32cubeide_1.5.0/stm32cubeide/plugins/com.st.stm32cube.ide.mcu.externaltools.gnu-tools-for-stm32.9-2020-q2-update.win32_1.5.0.202011040924/tools/bin/../lib/gcc/arm-none-eabi/9.3.1/../../../../arm-none-eabi/lib/thumb/v7-m/nofp\libc.a(lib_a-__call_atexit.o)
                0x0000000020000518                __atexit_recursive_mutex
 .data.__fdlib_version
                0x000000002000051c        0x1 c:/st/stm32cubeide_1.5.0/stm32cubeide/plugins/com.st.stm32cube.ide.mcu.externaltools.gnu-tools-for-stm32.9-2020-q2-update.win32_1.5.0.202011040924/tools/bin/../lib/gcc/arm-none-eabi/9.3.1/../../../../arm-none-eabi/lib/thumb/v7-m/nofp\libm.a(lib_a-s_lib_ver.o)
                0x000000002000051c                __fdlib_version
                0x0000000020000520                . = ALIGN (0x4)
 *fill*         0x000000002000051d        0x3 
                0x0000000020000520                _edata = .

.igot.plt       0x0000000020000520        0x0 load address 0x000000000800b430
 .igot.plt      0x0000000020000520        0x0 c:/st/stm32cubeide_1.5.0/stm32cubeide/plugins/com.st.stm32cube.ide.mcu.externaltools.gnu-tools-for-stm32.9-2020-q2-update.win32_1.5.0.202011040924/tools/bin/../lib/gcc/arm-none-eabi/9.3.1/thumb/v7-m/nofp/crtbegin.o
                0x0000000020000520                . = ALIGN (0x4)

.bss            0x0000000020000520     0x108c load address 0x000000000800b430
                0x0000000020000520                _sbss = .
                0x0000000020000520                __bss_start__ = _sbss
 *(.bss)
 .bss           0x0000000020000520       0x1c c:/st/stm32cubeide_1.5.0/stm32cubeide/plugins/com.st.stm32cube.ide.mcu.externaltools.gnu-tools-for-stm32.9-2020-q2-update.win32_1.5.0.202011040924/tools/bin/../lib/gcc/arm-none-eabi/9.3.1/thumb/v7-m/nofp/crtbegin.o
 *(.bss*)
 .bss.block_buffer
                0x000000002000053c      0x750 src/planner.o
 .bss.block_buffer_head
                0x0000000020000c8c        0x1 src/planner.o
 .bss.block_buffer_planned
                0x0000000020000c8d        0x1 src/planner.o
 .bss.block_buffer_tail
                0x0000000020000c8e        0x1 src/planner.o
 .bss.next_buffer_head
                0x0000000020000c8f        0x1 src/planner.o
 .bss.pl        0x0000000020000c90       0x1c src/planner.o
 .bss.line      0x0000000020000cac       0x50 src/protocol.o
 .bss.serial_rx_buffer_head
                0x0000000020000cfc        0x1 src/serial.o
                0x0000000020000cfc                serial_rx_buffer_head
 .bss.serial_rx_buffer_tail
                0x0000000020000cfd        0x1 src/serial.o
                0x0000000020000cfd                serial_rx_buffer_tail
 .bss.serial_tx_buffer_head
                0x0000000020000cfe        0x1 src/serial.o
                0x0000000020000cfe                serial_tx_buffer_head
 .bss.serial_tx_buffer_tail
                0x0000000020000cff        0x1 src/serial.o
                0x0000000020000cff                serial_tx_buffer_tail
 .bss.pwm_gradient
                0x0000000020000d00        0x4 src/spindle_control.o
 .bss.busy      0x0000000020000d04        0x1 src/stepper.o
 *fill*         0x0000000020000d05        0x1 
 .bss.dir_port_invert_mask
                0x0000000020000d06        0x2 src/stepper.o
 .bss.pl_block  0x0000000020000d08        0x4 src/stepper.o
 .bss.prep      0x0000000020000d0c       0x38 src/stepper.o
 .bss.segment_buffer
                0x0000000020000d44       0x50 src/stepper.o
 .bss.segment_buffer_head
                0x0000000020000d94        0x1 src/stepper.o
 .bss.segment_buffer_tail
                0x0000000020000d95        0x1 src/stepper.o
 .bss.segment_next_head
                0x0000000020000d96        0x1 src/stepper.o
 *fill*         0x0000000020000d97        0x1 
 .bss.st        0x0000000020000d98       0x2c src/stepper.o
 .bss.st_block_buffer
                0x0000000020000dc4       0xb4 src/stepper.o
 .bss.st_prep_block
                0x0000000020000e78        0x4 src/stepper.o
 .bss.step_port_invert_mask
                0x0000000020000e7c        0x2 src/stepper.o
 *fill*         0x0000000020000e7e        0x2 
 .bss.Data_Mul_MaxPacketSize
                0x0000000020000e80        0x4 stm_usb_fs_lib/src/usb_core.o
                0x0000000020000e80                Data_Mul_MaxPacketSize
 .bss.txUsbLock
                0x0000000020000e84        0x1 usb/usb_endp.o
                0x0000000020000e84                txUsbLock
 .bss.bIntPackSOF
                0x0000000020000e85        0x1 usb/usb_istr.o
                0x0000000020000e85                bIntPackSOF
 .bss.Request   0x0000000020000e86        0x1 usb/usb_prop.o
                0x0000000020000e86                Request
 *fill*         0x0000000020000e87        0x1 
 .bss.bDeviceState
                0x0000000020000e88        0x4 usb/usb_pwr.o
                0x0000000020000e88                bDeviceState
 *(COMMON)
 COMMON         0x0000000020000e8c      0x400 src/eeprom.o
                0x0000000020000e8c                EE_Buffer
 COMMON         0x000000002000128c       0x84 src/gcode.o
                0x000000002000128c                gc_state
                0x00000000200012d0                gc_block
 COMMON         0x0000000020001310       0x35 src/main.o
                0x0000000020001310                sys_rt_exec_motion_override
                0x0000000020001314                sys
                0x0000000020001328                sys_rt_exec_accessory_override
                0x0000000020001329                sys_rt_exec_state
                0x000000002000132a                sys_probe_state
                0x000000002000132c                sys_probe_position
                0x0000000020001338                sys_position
                0x0000000020001344                sys_rt_exec_alarm
 *fill*         0x0000000020001345        0x1 
 COMMON         0x0000000020001346        0x2 src/probe.o
                0x0000000020001346                probe_invert_mask
 COMMON         0x0000000020001348      0x17e src/serial.o
                0x0000000020001348                serial_tx_buffer
                0x00000000200013c8                serial_rx_buffer
 *fill*         0x00000000200014c6        0x2 
 COMMON         0x00000000200014c8       0x5c src/settings.o
                0x00000000200014c8                settings
 COMMON         0x0000000020001524        0x2 stm_usb_fs_lib/src/usb_core.o
                0x0000000020001524                StatusInfo
 *fill*         0x0000000020001526        0x2 
 COMMON         0x0000000020001528       0x32 stm_usb_fs_lib/src/usb_init.o
                0x0000000020001528                SaveState
                0x000000002000152c                pProperty
                0x0000000020001530                EPindex
                0x0000000020001534                Device_Info
                0x0000000020001550                pUser_Standard_Requests
                0x0000000020001554                pInformation
                0x0000000020001558                wInterrupt_Mask
 COMMON         0x000000002000155a        0x4 stm_usb_fs_lib/src/usb_int.o
                0x000000002000155a                SaveRState
                0x000000002000155c                SaveTState
 *fill*         0x000000002000155e        0x2 
 COMMON         0x0000000020001560       0x40 usb/usb_endp.o
                0x0000000020001560                USB_Rx_Buffer
 COMMON         0x00000000200015a0        0x2 usb/usb_istr.o
                0x00000000200015a0                wIstr
 COMMON         0x00000000200015a2        0x9 c:/st/stm32cubeide_1.5.0/stm32cubeide/plugins/com.st.stm32cube.ide.mcu.externaltools.gnu-tools-for-stm32.9-2020-q2-update.win32_1.5.0.202011040924/tools/bin/../lib/gcc/arm-none-eabi/9.3.1/../../../../arm-none-eabi/lib/thumb/v7-m/nofp\libc.a(lib_a-lock.o)
                0x00000000200015a2                __lock___atexit_recursive_mutex
                0x00000000200015a3                __lock___arc4random_mutex
                0x00000000200015a4                __lock___env_recursive_mutex
                0x00000000200015a5                __lock___sinit_recursive_mutex
                0x00000000200015a6                __lock___malloc_recursive_mutex
                0x00000000200015a7                __lock___at_quick_exit_mutex
                0x00000000200015a8                __lock___dd_hash_mutex
                0x00000000200015a9                __lock___tz_mutex
                0x00000000200015aa                __lock___sfp_recursive_mutex
                0x00000000200015ac                . = ALIGN (0x4)
 *fill*         0x00000000200015ab        0x1 
                0x00000000200015ac                _ebss = .
                0x00000000200015ac                __bss_end__ = _ebss

._user_heap_stack
                0x00000000200015ac      0x280 load address 0x000000000800b430
                0x00000000200015ac                . = ALIGN (0x4)
                [!provide]                        PROVIDE (end = .)
                [!provide]                        PROVIDE (_end = .)
                0x000000002000162c                . = (. + _Min_Heap_Size)
 *fill*         0x00000000200015ac       0x80 
                0x000000002000182c                . = (. + _Min_Stack_Size)
 *fill*         0x000000002000162c      0x200 
                0x000000002000182c                . = ALIGN (0x4)

.memory_b1_text
 *(.mb1text)
 *(.mb1text*)
 *(.mb1rodata)
 *(.mb1rodata*)

/DISCARD/
 libc.a(*)
 libm.a(*)
 libgcc.a(*)

.ARM.attributes
                0x0000000000000000       0x29
 *(.ARM.attributes)
 .ARM.attributes
                0x0000000000000000       0x1d c:/st/stm32cubeide_1.5.0/stm32cubeide/plugins/com.st.stm32cube.ide.mcu.externaltools.gnu-tools-for-stm32.9-2020-q2-update.win32_1.5.0.202011040924/tools/bin/../lib/gcc/arm-none-eabi/9.3.1/thumb/v7-m/nofp/crti.o
 .ARM.attributes
                0x000000000000001d       0x2d c:/st/stm32cubeide_1.5.0/stm32cubeide/plugins/com.st.stm32cube.ide.mcu.externaltools.gnu-tools-for-stm32.9-2020-q2-update.win32_1.5.0.202011040924/tools/bin/../lib/gcc/arm-none-eabi/9.3.1/thumb/v7-m/nofp/crtbegin.o
 .ARM.attributes
                0x000000000000004a       0x29 Libraries/STM32F10x_StdPeriph_Driver/src/misc.o
 .ARM.attributes
                0x0000000000000073       0x29 Libraries/STM32F10x_StdPeriph_Driver/src/stm32f10x_exti.o
 .ARM.attributes
                0x000000000000009c       0x29 Libraries/STM32F10x_StdPeriph_Driver/src/stm32f10x_flash.o
 .ARM.attributes
                0x00000000000000c5       0x29 Libraries/STM32F10x_StdPeriph_Driver/src/stm32f10x_gpio.o
 .ARM.attributes
                0x00000000000000ee       0x29 Libraries/STM32F10x_StdPeriph_Driver/src/stm32f10x_rcc.o
 .ARM.attributes
                0x0000000000000117       0x29 Libraries/STM32F10x_StdPeriph_Driver/src/stm32f10x_tim.o
 .ARM.attributes
                0x0000000000000140       0x29 src/coolant_control.o
 .ARM.attributes
                0x0000000000000169       0x29 src/eeprom.o
 .ARM.attributes
                0x0000000000000192       0x29 src/gcode.o
 .ARM.attributes
                0x00000000000001bb       0x29 src/jog.o
 .ARM.attributes
                0x00000000000001e4       0x29 src/limits.o
 .ARM.attributes
                0x000000000000020d       0x29 src/main.o
 .ARM.attributes
                0x0000000000000236       0x29 src/motion_control.o
 .ARM.attributes
                0x000000000000025f       0x29 src/nuts_bolts.o
 .ARM.attributes
                0x0000000000000288       0x29 src/planner.o
 .ARM.attributes
                0x00000000000002b1       0x29 src/print.o
 .ARM.attributes
                0x00000000000002da       0x29 src/probe.o
 .ARM.attributes
                0x0000000000000303       0x29 src/protocol.o
 .ARM.attributes
                0x000000000000032c       0x29 src/report.o
 .ARM.attributes
                0x0000000000000355       0x29 src/serial.o
 .ARM.attributes
                0x000000000000037e       0x29 src/settings.o
 .ARM.attributes
                0x00000000000003a7       0x29 src/spindle_control.o
 .ARM.attributes
                0x00000000000003d0       0x21 src/startup_stm32f10x_md.o
 .ARM.attributes
                0x00000000000003f1       0x29 src/stepper.o
 .ARM.attributes
                0x000000000000041a       0x29 src/system.o
 .ARM.attributes
                0x0000000000000443       0x29 src/system_stm32f10x.o
 .ARM.attributes
                0x000000000000046c       0x29 stm_usb_fs_lib/src/usb_core.o
 .ARM.attributes
                0x0000000000000495       0x29 stm_usb_fs_lib/src/usb_init.o
 .ARM.attributes
                0x00000000000004be       0x29 stm_usb_fs_lib/src/usb_int.o
 .ARM.attributes
                0x00000000000004e7       0x29 stm_usb_fs_lib/src/usb_mem.o
 .ARM.attributes
                0x0000000000000510       0x29 stm_usb_fs_lib/src/usb_regs.o
 .ARM.attributes
                0x0000000000000539       0x29 stm_usb_fs_lib/src/usb_sil.o
 .ARM.attributes
                0x0000000000000562       0x29 usb/hw_config.o
 .ARM.attributes
                0x000000000000058b       0x2f usb/usb_desc.o
 .ARM.attributes
                0x00000000000005ba       0x29 usb/usb_endp.o
 .ARM.attributes
                0x00000000000005e3       0x29 usb/usb_istr.o
 .ARM.attributes
                0x000000000000060c       0x29 usb/usb_prop.o
 .ARM.attributes
                0x0000000000000635       0x29 usb/usb_pwr.o
 .ARM.attributes
                0x000000000000065e       0x29 util/stm32f10x_it.o
 .ARM.attributes
                0x0000000000000687       0x2d c:/st/stm32cubeide_1.5.0/stm32cubeide/plugins/com.st.stm32cube.ide.mcu.externaltools.gnu-tools-for-stm32.9-2020-q2-update.win32_1.5.0.202011040924/tools/bin/../lib/gcc/arm-none-eabi/9.3.1/../../../../arm-none-eabi/lib/thumb/v7-m/nofp\libc.a(lib_a-impure.o)
 .ARM.attributes
                0x00000000000006b4       0x2d c:/st/stm32cubeide_1.5.0/stm32cubeide/plugins/com.st.stm32cube.ide.mcu.externaltools.gnu-tools-for-stm32.9-2020-q2-update.win32_1.5.0.202011040924/tools/bin/../lib/gcc/arm-none-eabi/9.3.1/../../../../arm-none-eabi/lib/thumb/v7-m/nofp\libc.a(lib_a-init.o)
 .ARM.attributes
                0x00000000000006e1       0x2d c:/st/stm32cubeide_1.5.0/stm32cubeide/plugins/com.st.stm32cube.ide.mcu.externaltools.gnu-tools-for-stm32.9-2020-q2-update.win32_1.5.0.202011040924/tools/bin/../lib/gcc/arm-none-eabi/9.3.1/../../../../arm-none-eabi/lib/thumb/v7-m/nofp\libc.a(lib_a-memcmp.o)
 .ARM.attributes
                0x000000000000070e       0x2d c:/st/stm32cubeide_1.5.0/stm32cubeide/plugins/com.st.stm32cube.ide.mcu.externaltools.gnu-tools-for-stm32.9-2020-q2-update.win32_1.5.0.202011040924/tools/bin/../lib/gcc/arm-none-eabi/9.3.1/../../../../arm-none-eabi/lib/thumb/v7-m/nofp\libc.a(lib_a-memset.o)
 .ARM.attributes
                0x000000000000073b       0x2d c:/st/stm32cubeide_1.5.0/stm32cubeide/plugins/com.st.stm32cube.ide.mcu.externaltools.gnu-tools-for-stm32.9-2020-q2-update.win32_1.5.0.202011040924/tools/bin/../lib/gcc/arm-none-eabi/9.3.1/../../../../arm-none-eabi/lib/thumb/v7-m/nofp\libc.a(lib_a-__call_atexit.o)
 .ARM.attributes
                0x0000000000000768       0x2d c:/st/stm32cubeide_1.5.0/stm32cubeide/plugins/com.st.stm32cube.ide.mcu.externaltools.gnu-tools-for-stm32.9-2020-q2-update.win32_1.5.0.202011040924/tools/bin/../lib/gcc/arm-none-eabi/9.3.1/../../../../arm-none-eabi/lib/thumb/v7-m/nofp\libc.a(lib_a-atexit.o)
 .ARM.attributes
                0x0000000000000795       0x2d c:/st/stm32cubeide_1.5.0/stm32cubeide/plugins/com.st.stm32cube.ide.mcu.externaltools.gnu-tools-for-stm32.9-2020-q2-update.win32_1.5.0.202011040924/tools/bin/../lib/gcc/arm-none-eabi/9.3.1/../../../../arm-none-eabi/lib/thumb/v7-m/nofp\libc.a(lib_a-fini.o)
 .ARM.attributes
                0x00000000000007c2       0x2d c:/st/stm32cubeide_1.5.0/stm32cubeide/plugins/com.st.stm32cube.ide.mcu.externaltools.gnu-tools-for-stm32.9-2020-q2-update.win32_1.5.0.202011040924/tools/bin/../lib/gcc/arm-none-eabi/9.3.1/../../../../arm-none-eabi/lib/thumb/v7-m/nofp\libc.a(lib_a-lock.o)
 .ARM.attributes
                0x00000000000007ef       0x2d c:/st/stm32cubeide_1.5.0/stm32cubeide/plugins/com.st.stm32cube.ide.mcu.externaltools.gnu-tools-for-stm32.9-2020-q2-update.win32_1.5.0.202011040924/tools/bin/../lib/gcc/arm-none-eabi/9.3.1/../../../../arm-none-eabi/lib/thumb/v7-m/nofp\libc.a(lib_a-__atexit.o)
 .ARM.attributes
                0x000000000000081c       0x2d c:/st/stm32cubeide_1.5.0/stm32cubeide/plugins/com.st.stm32cube.ide.mcu.externaltools.gnu-tools-for-stm32.9-2020-q2-update.win32_1.5.0.202011040924/tools/bin/../lib/gcc/arm-none-eabi/9.3.1/../../../../arm-none-eabi/lib/thumb/v7-m/nofp\libm.a(lib_a-sf_ceil.o)
 .ARM.attributes
                0x0000000000000849       0x2d c:/st/stm32cubeide_1.5.0/stm32cubeide/plugins/com.st.stm32cube.ide.mcu.externaltools.gnu-tools-for-stm32.9-2020-q2-update.win32_1.5.0.202011040924/tools/bin/../lib/gcc/arm-none-eabi/9.3.1/../../../../arm-none-eabi/lib/thumb/v7-m/nofp\libm.a(lib_a-sf_cos.o)
 .ARM.attributes
                0x0000000000000876       0x2d c:/st/stm32cubeide_1.5.0/stm32cubeide/plugins/com.st.stm32cube.ide.mcu.externaltools.gnu-tools-for-stm32.9-2020-q2-update.win32_1.5.0.202011040924/tools/bin/../lib/gcc/arm-none-eabi/9.3.1/../../../../arm-none-eabi/lib/thumb/v7-m/nofp\libm.a(lib_a-sf_floor.o)
 .ARM.attributes
                0x00000000000008a3       0x2d c:/st/stm32cubeide_1.5.0/stm32cubeide/plugins/com.st.stm32cube.ide.mcu.externaltools.gnu-tools-for-stm32.9-2020-q2-update.win32_1.5.0.202011040924/tools/bin/../lib/gcc/arm-none-eabi/9.3.1/../../../../arm-none-eabi/lib/thumb/v7-m/nofp\libm.a(lib_a-sf_lround.o)
 .ARM.attributes
                0x00000000000008d0       0x2d c:/st/stm32cubeide_1.5.0/stm32cubeide/plugins/com.st.stm32cube.ide.mcu.externaltools.gnu-tools-for-stm32.9-2020-q2-update.win32_1.5.0.202011040924/tools/bin/../lib/gcc/arm-none-eabi/9.3.1/../../../../arm-none-eabi/lib/thumb/v7-m/nofp\libm.a(lib_a-sf_sin.o)
 .ARM.attributes
                0x00000000000008fd       0x2d c:/st/stm32cubeide_1.5.0/stm32cubeide/plugins/com.st.stm32cube.ide.mcu.externaltools.gnu-tools-for-stm32.9-2020-q2-update.win32_1.5.0.202011040924/tools/bin/../lib/gcc/arm-none-eabi/9.3.1/../../../../arm-none-eabi/lib/thumb/v7-m/nofp\libm.a(lib_a-wf_atan2.o)
 .ARM.attributes
                0x000000000000092a       0x2d c:/st/stm32cubeide_1.5.0/stm32cubeide/plugins/com.st.stm32cube.ide.mcu.externaltools.gnu-tools-for-stm32.9-2020-q2-update.win32_1.5.0.202011040924/tools/bin/../lib/gcc/arm-none-eabi/9.3.1/../../../../arm-none-eabi/lib/thumb/v7-m/nofp\libm.a(lib_a-wf_sqrt.o)
 .ARM.attributes
                0x0000000000000957       0x2d c:/st/stm32cubeide_1.5.0/stm32cubeide/plugins/com.st.stm32cube.ide.mcu.externaltools.gnu-tools-for-stm32.9-2020-q2-update.win32_1.5.0.202011040924/tools/bin/../lib/gcc/arm-none-eabi/9.3.1/../../../../arm-none-eabi/lib/thumb/v7-m/nofp\libm.a(lib_a-ef_atan2.o)