report.c:33:6:satir_sayisi	8	static
report.c:88:6:report_util_setting_prefix	8	static
report.c:166:6:report_status_message	8	static
report.c:185:6:report_alarm_message	8	static
report.c:198:6:report_feedback_message	8	static
report.c:230:6:report_init_message	0	static
report.c:236:6:report_grbl_help	0	static
report.c:243:6:report_grbl_settings	48	static
report.c:291:6:report_probe_parameters	24	static
report.c:305:6:report_ngc_parameters	48	static
report.c:335:6:report_gcode_modes	8	static
report.c:413:6:report_startup_line	16	static
report.c:422:6:report_execute_startup_message	16	static
report.c:431:6:report_build_info	8	static
report.c:510:6:report_echo_line_received	8	static
report.c:522:6:report_realtime_status	64	static
